Archive member included to satisfy reference by file (symbol)

/home/yhf/toolchains/gcc-arm-none-eabi-9-2020-q2-update/bin/../lib/gcc/arm-none-eabi/9.3.1/../../../../arm-none-eabi/lib/thumb/v7-m/nofp/libc_nano.a(lib_a-ctype_.o)
                              build/cJSON.o (_ctype_)
/home/yhf/toolchains/gcc-arm-none-eabi-9-2020-q2-update/bin/../lib/gcc/arm-none-eabi/9.3.1/../../../../arm-none-eabi/lib/thumb/v7-m/nofp/libc_nano.a(lib_a-exit.o)
                              /home/yhf/toolchains/gcc-arm-none-eabi-9-2020-q2-update/bin/../lib/gcc/arm-none-eabi/9.3.1/../../../../arm-none-eabi/lib/thumb/v7-m/nofp/crt0.o (exit)
/home/yhf/toolchains/gcc-arm-none-eabi-9-2020-q2-update/bin/../lib/gcc/arm-none-eabi/9.3.1/../../../../arm-none-eabi/lib/thumb/v7-m/nofp/libc_nano.a(lib_a-impure.o)
                              /home/yhf/toolchains/gcc-arm-none-eabi-9-2020-q2-update/bin/../lib/gcc/arm-none-eabi/9.3.1/../../../../arm-none-eabi/lib/thumb/v7-m/nofp/libc_nano.a(lib_a-exit.o) (_global_impure_ptr)
/home/yhf/toolchains/gcc-arm-none-eabi-9-2020-q2-update/bin/../lib/gcc/arm-none-eabi/9.3.1/../../../../arm-none-eabi/lib/thumb/v7-m/nofp/libc_nano.a(lib_a-init.o)
                              /home/yhf/toolchains/gcc-arm-none-eabi-9-2020-q2-update/bin/../lib/gcc/arm-none-eabi/9.3.1/../../../../arm-none-eabi/lib/thumb/v7-m/nofp/crt0.o (__libc_init_array)
/home/yhf/toolchains/gcc-arm-none-eabi-9-2020-q2-update/bin/../lib/gcc/arm-none-eabi/9.3.1/../../../../arm-none-eabi/lib/thumb/v7-m/nofp/libc_nano.a(lib_a-malloc.o)
                              build/main.o (malloc)
/home/yhf/toolchains/gcc-arm-none-eabi-9-2020-q2-update/bin/../lib/gcc/arm-none-eabi/9.3.1/../../../../arm-none-eabi/lib/thumb/v7-m/nofp/libc_nano.a(lib_a-memcpy-stub.o)
                              build/cJSON.o (memcpy)
/home/yhf/toolchains/gcc-arm-none-eabi-9-2020-q2-update/bin/../lib/gcc/arm-none-eabi/9.3.1/../../../../arm-none-eabi/lib/thumb/v7-m/nofp/libc_nano.a(lib_a-memset.o)
                              /home/yhf/toolchains/gcc-arm-none-eabi-9-2020-q2-update/bin/../lib/gcc/arm-none-eabi/9.3.1/../../../../arm-none-eabi/lib/thumb/v7-m/nofp/crt0.o (memset)
/home/yhf/toolchains/gcc-arm-none-eabi-9-2020-q2-update/bin/../lib/gcc/arm-none-eabi/9.3.1/../../../../arm-none-eabi/lib/thumb/v7-m/nofp/libc_nano.a(lib_a-nano-freer.o)
                              /home/yhf/toolchains/gcc-arm-none-eabi-9-2020-q2-update/bin/../lib/gcc/arm-none-eabi/9.3.1/../../../../arm-none-eabi/lib/thumb/v7-m/nofp/libc_nano.a(lib_a-malloc.o) (_free_r)
/home/yhf/toolchains/gcc-arm-none-eabi-9-2020-q2-update/bin/../lib/gcc/arm-none-eabi/9.3.1/../../../../arm-none-eabi/lib/thumb/v7-m/nofp/libc_nano.a(lib_a-nano-mallocr.o)
                              /home/yhf/toolchains/gcc-arm-none-eabi-9-2020-q2-update/bin/../lib/gcc/arm-none-eabi/9.3.1/../../../../arm-none-eabi/lib/thumb/v7-m/nofp/libc_nano.a(lib_a-malloc.o) (_malloc_r)
/home/yhf/toolchains/gcc-arm-none-eabi-9-2020-q2-update/bin/../lib/gcc/arm-none-eabi/9.3.1/../../../../arm-none-eabi/lib/thumb/v7-m/nofp/libc_nano.a(lib_a-realloc.o)
                              build/cJSON.o (realloc)
/home/yhf/toolchains/gcc-arm-none-eabi-9-2020-q2-update/bin/../lib/gcc/arm-none-eabi/9.3.1/../../../../arm-none-eabi/lib/thumb/v7-m/nofp/libc_nano.a(lib_a-sbrkr.o)
                              /home/yhf/toolchains/gcc-arm-none-eabi-9-2020-q2-update/bin/../lib/gcc/arm-none-eabi/9.3.1/../../../../arm-none-eabi/lib/thumb/v7-m/nofp/libc_nano.a(lib_a-nano-mallocr.o) (_sbrk_r)
/home/yhf/toolchains/gcc-arm-none-eabi-9-2020-q2-update/bin/../lib/gcc/arm-none-eabi/9.3.1/../../../../arm-none-eabi/lib/thumb/v7-m/nofp/libc_nano.a(lib_a-sprintf.o)
                              build/main.o (sprintf)
/home/yhf/toolchains/gcc-arm-none-eabi-9-2020-q2-update/bin/../lib/gcc/arm-none-eabi/9.3.1/../../../../arm-none-eabi/lib/thumb/v7-m/nofp/libc_nano.a(lib_a-sscanf.o)
                              build/cJSON.o (sscanf)
/home/yhf/toolchains/gcc-arm-none-eabi-9-2020-q2-update/bin/../lib/gcc/arm-none-eabi/9.3.1/../../../../arm-none-eabi/lib/thumb/v7-m/nofp/libc_nano.a(lib_a-stdio.o)
                              /home/yhf/toolchains/gcc-arm-none-eabi-9-2020-q2-update/bin/../lib/gcc/arm-none-eabi/9.3.1/../../../../arm-none-eabi/lib/thumb/v7-m/nofp/libc_nano.a(lib_a-sscanf.o) (__seofread)
/home/yhf/toolchains/gcc-arm-none-eabi-9-2020-q2-update/bin/../lib/gcc/arm-none-eabi/9.3.1/../../../../arm-none-eabi/lib/thumb/v7-m/nofp/libc_nano.a(lib_a-strcmp.o)
                              build/cJSON.o (strcmp)
/home/yhf/toolchains/gcc-arm-none-eabi-9-2020-q2-update/bin/../lib/gcc/arm-none-eabi/9.3.1/../../../../arm-none-eabi/lib/thumb/v7-m/nofp/libc_nano.a(lib_a-strlen.o)
                              build/cJSON.o (strlen)
/home/yhf/toolchains/gcc-arm-none-eabi-9-2020-q2-update/bin/../lib/gcc/arm-none-eabi/9.3.1/../../../../arm-none-eabi/lib/thumb/v7-m/nofp/libc_nano.a(lib_a-strncmp.o)
                              build/cJSON.o (strncmp)
[...]
Memory Configuration

Name             Origin             Length             Attributes
RAM              0x0000000020000000 0x0000000000005000 xrw
FLASH            0x0000000008000000 0x0000000000010000 xr
*default*        0x0000000000000000 0xffffffffffffffff

Linker script and memory map

LOAD /home/yhf/toolchains/gcc-arm-none-eabi-9-2020-q2-update/bin/../lib/gcc/arm-none-eabi/9.3.1/thumb/v7-m/nofp/crti.o
LOAD /home/yhf/toolchains/gcc-arm-none-eabi-9-2020-q2-update/bin/../lib/gcc/arm-none-eabi/9.3.1/thumb/v7-m/nofp/crtbegin.o
LOAD /home/yhf/toolchains/gcc-arm-none-eabi-9-2020-q2-update/bin/../lib/gcc/arm-none-eabi/9.3.1/../../../../arm-none-eabi/lib/thumb/v7-m/nofp/crt0.o
LOAD build/main.o
LOAD build/stm32f1xx_it.o
LOAD build/stm32f1xx_hal_msp.o
LOAD build/system_stm32f1xx.o
LOAD build/gpio.o
LOAD build/tim.o
LOAD build/usart.o
LOAD build/lcd.o
LOAD build/rtc.o
LOAD build/iwdg.o
LOAD build/cJSON.o
LOAD build/stm32f1xx_hal_gpio_ex.o
LOAD build/stm32f1xx_hal_iwdg.o
LOAD build/stm32f1xx_hal_rtc.o
LOAD build/stm32f1xx_hal_rtc_ex.o
LOAD build/stm32f1xx_hal_tim.o
LOAD build/stm32f1xx_hal_tim_ex.o
LOAD build/stm32f1xx_hal_uart.o
LOAD build/stm32f1xx_hal.o
LOAD build/stm32f1xx_hal_rcc.o
LOAD build/stm32f1xx_hal_rcc_ex.o
LOAD build/stm32f1xx_hal_gpio.o
LOAD build/stm32f1xx_hal_dma.o
LOAD build/stm32f1xx_hal_cortex.o
LOAD build/stm32f1xx_hal_pwr.o
LOAD build/stm32f1xx_hal_flash.o
LOAD build/stm32f1xx_hal_flash_ex.o
LOAD build/stm32f1xx_ll_gpio.o
LOAD build/stm32f1xx_ll_rcc.o
LOAD build/stm32f1xx_ll_utils.o
LOAD build/stm32f1xx_ll_exti.o
LOAD build/startup_stm32f103xb.o
LOAD /home/yhf/toolchains/gcc-arm-none-eabi-9-2020-q2-update/bin/../lib/gcc/arm-none-eabi/9.3.1/../../../../arm-none-eabi/lib/thumb/v7-m/nofp/libc_nano.a
LOAD /home/yhf/toolchains/gcc-arm-none-eabi-9-2020-q2-update/bin/../lib/gcc/arm-none-eabi/9.3.1/../../../../arm-none-eabi/lib/thumb/v7-m/nofp/libm.a
LOAD /home/yhf/toolchains/gcc-arm-none-eabi-9-2020-q2-update/bin/../lib/gcc/arm-none-eabi/9.3.1/../../../../arm-none-eabi/lib/thumb/v7-m/nofp/libnosys.a
START GROUP
LOAD /home/yhf/toolchains/gcc-arm-none-eabi-9-2020-q2-update/bin/../lib/gcc/arm-none-eabi/9.3.1/thumb/v7-m/nofp/libgcc.a
LOAD /home/yhf/toolchains/gcc-arm-none-eabi-9-2020-q2-update/bin/../lib/gcc/arm-none-eabi/9.3.1/../../../../arm-none-eabi/lib/thumb/v7-m/nofp/libc_nano.a
END GROUP
START GROUP
LOAD /home/yhf/toolchains/gcc-arm-none-eabi-9-2020-q2-update/bin/../lib/gcc/arm-none-eabi/9.3.1/thumb/v7-m/nofp/libgcc.a
LOAD /home/yhf/toolchains/gcc-arm-none-eabi-9-2020-q2-update/bin/../lib/gcc/arm-none-eabi/9.3.1/../../../../arm-none-eabi/lib/thumb/v7-m/nofp/libc_nano.a
END GROUP
LOAD /home/yhf/toolchains/gcc-arm-none-eabi-9-2020-q2-update/bin/../lib/gcc/arm-none-eabi/9.3.1/thumb/v7-m/nofp/crtend.o
LOAD /home/yhf/toolchains/gcc-arm-none-eabi-9-2020-q2-update/bin/../lib/gcc/arm-none-eabi/9.3.1/thumb/v7-m/nofp/crtn.o
                0x0000000020005000                _estack = 0x20005000
                0x0000000000000200                _Min_Heap_Size = 0x200
                0x0000000000000400                _Min_Stack_Size = 0x400

.isr_vector     0x0000000008000000      0x10c
                0x0000000008000000                . = ALIGN (0x4)
 *(.isr_vector)
 .isr_vector    0x0000000008000000      0x10c build/startup_stm32f103xb.o
                0x0000000008000000                g_pfnVectors
                0x000000000800010c                . = ALIGN (0x4)

.text           0x0000000008000110     0x6b10
                0x0000000008000110                . = ALIGN (0x4)
 *(.text)
 .text          0x0000000008000110       0x40 /home/yhf/toolchains/gcc-arm-none-eabi-9-2020-q2-update/bin/../lib/gcc/arm-none-eabi/9.3.1/thumb/v7-m/nofp/crtbegin.o
 .text          0x0000000008000150       0x14 /home/yhf/toolchains/gcc-arm-none-eabi-9-2020-q2-update/bin/../lib/gcc/arm-none-eabi/9.3.1/../../../../arm-none-eabi/lib/thumb/v7-m/nofp/libc_nano.a(lib_a-strcmp.o)
                0x0000000008000150                strcmp
 .text          0x0000000008000164       0x10 /home/yhf/toolchains/gcc-arm-none-eabi-9-2020-q2-update/bin/../lib/gcc/arm-none-eabi/9.3.1/../../../../arm-none-eabi/lib/thumb/v7-m/nofp/libc_nano.a(lib_a-strlen.o)
                0x0000000008000164                strlen
 .text          0x0000000008000174      0x378 /home/yhf/toolchains/gcc-arm-none-eabi-9-2020-q2-update/bin/../lib/gcc/arm-none-eabi/9.3.1/thumb/v7-m/nofp/libgcc.a(_arm_addsubdf3.o)
                0x0000000008000174                __aeabi_drsub
                0x000000000800017c                __aeabi_dsub
                0x000000000800017c                __subdf3
                0x0000000008000180                __adddf3
                0x0000000008000180                __aeabi_dadd
                0x00000000080003f8                __aeabi_ui2d
                0x00000000080003f8                __floatunsidf
                0x0000000008000418                __floatsidf
                0x0000000008000418                __aeabi_i2d
                0x000000000800043c                __extendsfdf2
                0x000000000800043c                __aeabi_f2d
                0x0000000008000480                __aeabi_ul2d
                0x0000000008000480                __floatundidf
                0x0000000008000490                __floatdidf
                0x0000000008000490                __aeabi_l2d
 .text          0x00000000080004ec      0x424 /home/yhf/toolchains/gcc-arm-none-eabi-9-2020-q2-update/bin/../lib/gcc/arm-none-eabi/9.3.1/thumb/v7-m/nofp/libgcc.a(_arm_muldivdf3.o)
                0x00000000080004ec                __aeabi_dmul
                0x00000000080004ec                __muldf3
                0x0000000008000740                __aeabi_ddiv
                0x0000000008000740                __divdf3
 .text          0x0000000008000910      0x110 /home/yhf/toolchains/gcc-arm-none-eabi-9-2020-q2-update/bin/../lib/gcc/arm-none-eabi/9.3.1/thumb/v7-m/nofp/libgcc.a(_arm_cmpdf2.o)
                0x0000000008000910                __gtdf2
                0x0000000008000910                __gedf2
                0x0000000008000918                __ltdf2
                0x0000000008000918                __ledf2
                0x0000000008000920                __cmpdf2
                0x0000000008000920                __eqdf2
                0x0000000008000920                __nedf2
                0x000000000800099c                __aeabi_cdrcmple
                0x00000000080009ac                __aeabi_cdcmple
                0x00000000080009ac                __aeabi_cdcmpeq
                0x00000000080009bc                __aeabi_dcmpeq
                0x00000000080009d0                __aeabi_dcmplt
                0x00000000080009e4                __aeabi_dcmple
                0x00000000080009f8                __aeabi_dcmpge
                0x0000000008000a0c                __aeabi_dcmpgt
 .text          0x0000000008000a20       0x50 /home/yhf/toolchains/gcc-arm-none-eabi-9-2020-q2-update/bin/../lib/gcc/arm-none-eabi/9.3.1/thumb/v7-m/nofp/libgcc.a(_arm_fixdfsi.o)
                0x0000000008000a20                __fixdfsi
                0x0000000008000a20                __aeabi_d2iz
 .text          0x0000000008000a70       0x40 /home/yhf/toolchains/gcc-arm-none-eabi-9-2020-q2-update/bin/../lib/gcc/arm-none-eabi/9.3.1/thumb/v7-m/nofp/libgcc.a(_arm_fixunsdfsi.o)
                0x0000000008000a70                __fixunsdfsi
                0x0000000008000a70                __aeabi_d2uiz
 .text          0x0000000008000ab0       0x34 /home/yhf/toolchains/gcc-arm-none-eabi-9-2020-q2-update/bin/../lib/gcc/arm-none-eabi/9.3.1/thumb/v7-m/nofp/libgcc.a(_fixdfdi.o)
                0x0000000008000ab0                __aeabi_d2lz
                0x0000000008000ab0                __fixdfdi
 .text          0x0000000008000ae4       0x3c /home/yhf/toolchains/gcc-arm-none-eabi-9-2020-q2-update/bin/../lib/gcc/arm-none-eabi/9.3.1/thumb/v7-m/nofp/libgcc.a(_fixunsdfdi.o)
                0x0000000008000ae4                __aeabi_d2ulz
                0x0000000008000ae4                __fixunsdfdi
 *(.text*)
 .text.SystemClock_Config
                0x0000000008000b20       0x6a build/main.o
 .text.StrToInt
                0x0000000008000b8a       0x26 build/main.o
                0x0000000008000b8a                StrToInt
 .text.decode_time
                0x0000000008000bb0       0xac build/main.o
                0x0000000008000bb0                decode_time
 .text.main     0x0000000008000c5c      0x154 build/main.o
                0x0000000008000c5c                main
 .text.HAL_TIM_PeriodElapsedCallback
                0x0000000008000db0      0x130 build/main.o
                0x0000000008000db0                HAL_TIM_PeriodElapsedCallback
 .text.HAL_UART_RxCpltCallback
                0x0000000008000ee0       0x8c build/main.o
                0x0000000008000ee0                HAL_UART_RxCpltCallback
 .text.Error_Handler
                0x0000000008000f6c        0x2 build/main.o
                0x0000000008000f6c                Error_Handler
 .text.NMI_Handler
                0x0000000008000f6e        0x2 build/stm32f1xx_it.o
                0x0000000008000f6e                NMI_Handler
 .text.HardFault_Handler
                0x0000000008000f70        0x2 build/stm32f1xx_it.o
                0x0000000008000f70                HardFault_Handler
 .text.MemManage_Handler
                0x0000000008000f72        0x2 build/stm32f1xx_it.o
                0x0000000008000f72                MemManage_Handler
 .text.BusFault_Handler
                0x0000000008000f74        0x2 build/stm32f1xx_it.o
                0x0000000008000f74                BusFault_Handler
 .text.UsageFault_Handler
                0x0000000008000f76        0x2 build/stm32f1xx_it.o
                0x0000000008000f76                UsageFault_Handler
 .text.SVC_Handler
                0x0000000008000f78        0x2 build/stm32f1xx_it.o
                0x0000000008000f78                SVC_Handler
 .text.DebugMon_Handler
                0x0000000008000f7a        0x2 build/stm32f1xx_it.o
                0x0000000008000f7a                DebugMon_Handler
 .text.PendSV_Handler
                0x0000000008000f7c        0x2 build/stm32f1xx_it.o
                0x0000000008000f7c                PendSV_Handler
 .text.SysTick_Handler
                0x0000000008000f7e        0x8 build/stm32f1xx_it.o
                0x0000000008000f7e                SysTick_Handler
 *fill*         0x0000000008000f86        0x2 
 .text.TIM3_IRQHandler
                0x0000000008000f88       0x10 build/stm32f1xx_it.o
                0x0000000008000f88                TIM3_IRQHandler
 .text.USART1_IRQHandler
                0x0000000008000f98       0x10 build/stm32f1xx_it.o
                0x0000000008000f98                USART1_IRQHandler
 .text.RTC_IRQHandler
                0x0000000008000fa8       0x10 build/stm32f1xx_it.o
                0x0000000008000fa8                RTC_IRQHandler
 .text.HAL_MspInit
                0x0000000008000fb8       0x44 build/stm32f1xx_hal_msp.o
                0x0000000008000fb8                HAL_MspInit
 .text.SystemInit
                0x0000000008000ffc       0x4c build/system_stm32f1xx.o
                0x0000000008000ffc                SystemInit
 .text.MX_GPIO_Init
                0x0000000008001048       0x8c build/gpio.o
                0x0000000008001048                MX_GPIO_Init
 .text.MX_TIM3_Init
                0x00000000080010d4       0x74 build/tim.o
                0x00000000080010d4                MX_TIM3_Init
 .text.HAL_TIM_Base_MspInit
                0x0000000008001148       0x40 build/tim.o
                0x0000000008001148                HAL_TIM_Base_MspInit
 .text.MX_USART1_UART_Init
                0x0000000008001188       0x34 build/usart.o
                0x0000000008001188                MX_USART1_UART_Init
 .text.HAL_UART_MspInit
                0x00000000080011bc       0x88 build/usart.o
                0x00000000080011bc                HAL_UART_MspInit
 .text.LedMatrixInit
                0x0000000008001244       0x20 build/lcd.o
                0x0000000008001244                LedMatrixInit
 .text.LedMatrix_DrawPoint
                0x0000000008001264       0xc0 build/lcd.o
                0x0000000008001264                LedMatrix_DrawPoint
 .text.scanf_line
                0x0000000008001324       0x5c build/lcd.o
                0x0000000008001324                scanf_line
 .text.LedMatrix_ShowChar
                0x0000000008001380       0xec build/lcd.o
                0x0000000008001380                LedMatrix_ShowChar
 .text.LedMatrix_ShowString
                0x000000000800146c       0x3c build/lcd.o
                0x000000000800146c                LedMatrix_ShowString
 .text.ZL_RTC_writeCounter
                0x00000000080014a8       0x26 build/rtc.o
                0x00000000080014a8                ZL_RTC_writeCounter
 .text.ZL_RTC_ReadCounter
                0x00000000080014ce        0xe build/rtc.o
                0x00000000080014ce                ZL_RTC_ReadCounter
 .text.ZL_RTC_DateToSec
                0x00000000080014dc       0xf0 build/rtc.o
                0x00000000080014dc                ZL_RTC_DateToSec
 .text.ZL_RTC_SetTime
                0x00000000080015cc       0x18 build/rtc.o
                0x00000000080015cc                ZL_RTC_SetTime
 .text.ZL_RTC_Init
                0x00000000080015e4       0xa0 build/rtc.o
                0x00000000080015e4                ZL_RTC_Init
 .text.ZL_RTC_SecToDate
                0x0000000008001684      0x128 build/rtc.o
                0x0000000008001684                ZL_RTC_SecToDate
 .text.ZL_RTC_GetTime
                0x00000000080017ac       0x18 build/rtc.o
                0x00000000080017ac                ZL_RTC_GetTime
 .text.get_eng_week
                0x00000000080017c4       0x2c build/rtc.o
                0x00000000080017c4                get_eng_week
 .text.MX_IWDG_Init
                0x00000000080017f0       0x28 build/iwdg.o
                0x00000000080017f0                MX_IWDG_Init
 .text.case_insensitive_strcmp
                0x0000000008001818       0x58 build/cJSON.o
 .text.get_decimal_point
                0x0000000008001870        0x4 build/cJSON.o
 .text.parse_hex4
                0x0000000008001874       0x4c build/cJSON.o
 .text.utf16_literal_to_utf8
                0x00000000080018c0       0xec build/cJSON.o
 .text.parse_string
                0x00000000080019ac      0x160 build/cJSON.o
 .text.buffer_skip_whitespace
                0x0000000008001b0c       0x32 build/cJSON.o
 .text.cJSON_New_Item
                0x0000000008001b3e       0x18 build/cJSON.o
 *fill*         0x0000000008001b56        0x2 
 .text.skip_utf8_bom
                0x0000000008001b58       0x38 build/cJSON.o
 .text.parse_number
                0x0000000008001b90      0x164 build/cJSON.o
 .text.get_object_item
                0x0000000008001cf4       0x46 build/cJSON.o
 *fill*         0x0000000008001d3a        0x2 
 .text.cJSON_Delete
                0x0000000008001d3c       0x54 build/cJSON.o
                0x0000000008001d3c                cJSON_Delete
 .text.parse_object
                0x0000000008001d90      0x126 build/cJSON.o
 *fill*         0x0000000008001eb6        0x2 
 .text.parse_value
                0x0000000008001eb8      0x108 build/cJSON.o
 .text.parse_array
                0x0000000008001fc0       0xe6 build/cJSON.o
 *fill*         0x00000000080020a6        0x2 
 .text.cJSON_ParseWithOpts
                0x00000000080020a8       0xc8 build/cJSON.o
                0x00000000080020a8                cJSON_ParseWithOpts
 .text.cJSON_Parse
                0x0000000008002170        0xc build/cJSON.o
                0x0000000008002170                cJSON_Parse
 .text.cJSON_GetObjectItem
                0x000000000800217c        0xa build/cJSON.o
                0x000000000800217c                cJSON_GetObjectItem
 .text.HAL_IWDG_Init
                0x0000000008002186       0x4a build/stm32f1xx_hal_iwdg.o
                0x0000000008002186                HAL_IWDG_Init
 .text.HAL_IWDG_Refresh
                0x00000000080021d0        0xc build/stm32f1xx_hal_iwdg.o
                0x00000000080021d0                HAL_IWDG_Refresh
 .text.RTC_EnterInitMode
                0x00000000080021dc       0x30 build/stm32f1xx_hal_rtc.o
 .text.RTC_ExitInitMode
                0x000000000800220c       0x32 build/stm32f1xx_hal_rtc.o
 .text.HAL_RTC_MspInit
                0x000000000800223e        0x2 build/stm32f1xx_hal_rtc.o
                0x000000000800223e                HAL_RTC_MspInit
 .text.HAL_RTC_WaitForSynchro
                0x0000000008002240       0x38 build/stm32f1xx_hal_rtc.o
                0x0000000008002240                HAL_RTC_WaitForSynchro
 .text.HAL_RTC_Init
                0x0000000008002278       0xbc build/stm32f1xx_hal_rtc.o
                0x0000000008002278                HAL_RTC_Init
 .text.HAL_RTCEx_RTCEventCallback
                0x0000000008002334        0x2 build/stm32f1xx_hal_rtc_ex.o
                0x0000000008002334                HAL_RTCEx_RTCEventCallback
 .text.HAL_RTCEx_RTCEventErrorCallback
                0x0000000008002336        0x2 build/stm32f1xx_hal_rtc_ex.o
                0x0000000008002336                HAL_RTCEx_RTCEventErrorCallback
 .text.HAL_RTCEx_RTCIRQHandler
                0x0000000008002338       0x44 build/stm32f1xx_hal_rtc_ex.o
                0x0000000008002338                HAL_RTCEx_RTCIRQHandler
 .text.HAL_RTCEx_BKUPWrite
                0x000000000800237c       0x10 build/stm32f1xx_hal_rtc_ex.o
                0x000000000800237c                HAL_RTCEx_BKUPWrite
 .text.HAL_RTCEx_BKUPRead
                0x000000000800238c       0x10 build/stm32f1xx_hal_rtc_ex.o
                0x000000000800238c                HAL_RTCEx_BKUPRead
 .text.TIM_TI1_ConfigInputStage
                0x000000000800239c       0x24 build/stm32f1xx_hal_tim.o
 .text.TIM_TI2_ConfigInputStage
                0x00000000080023c0       0x26 build/stm32f1xx_hal_tim.o
 .text.TIM_ITRx_SetConfig
                0x00000000080023e6       0x10 build/stm32f1xx_hal_tim.o
 .text.TIM_ETR_SetConfig
                0x00000000080023f6       0x16 build/stm32f1xx_hal_tim.o
 .text.HAL_TIM_Base_Start_IT
                0x000000000800240c       0x18 build/stm32f1xx_hal_tim.o
                0x000000000800240c                HAL_TIM_Base_Start_IT
 .text.HAL_TIM_Base_Stop_IT
                0x0000000008002424       0x2c build/stm32f1xx_hal_tim.o
                0x0000000008002424                HAL_TIM_Base_Stop_IT
 .text.HAL_TIM_ConfigClockSource
                0x0000000008002450      0x10a build/stm32f1xx_hal_tim.o
                0x0000000008002450                HAL_TIM_ConfigClockSource
 .text.HAL_TIM_OC_DelayElapsedCallback
                0x000000000800255a        0x2 build/stm32f1xx_hal_tim.o
                0x000000000800255a                HAL_TIM_OC_DelayElapsedCallback
 .text.HAL_TIM_IC_CaptureCallback
                0x000000000800255c        0x2 build/stm32f1xx_hal_tim.o
                0x000000000800255c                HAL_TIM_IC_CaptureCallback
 .text.HAL_TIM_PWM_PulseFinishedCallback
                0x000000000800255e        0x2 build/stm32f1xx_hal_tim.o
                0x000000000800255e                HAL_TIM_PWM_PulseFinishedCallback
 .text.HAL_TIM_TriggerCallback
                0x0000000008002560        0x2 build/stm32f1xx_hal_tim.o
                0x0000000008002560                HAL_TIM_TriggerCallback
 .text.HAL_TIM_IRQHandler
                0x0000000008002562      0x17a build/stm32f1xx_hal_tim.o
                0x0000000008002562                HAL_TIM_IRQHandler
 .text.TIM_Base_SetConfig
                0x00000000080026dc       0x74 build/stm32f1xx_hal_tim.o
                0x00000000080026dc                TIM_Base_SetConfig
 .text.HAL_TIM_Base_Init
                0x0000000008002750       0x34 build/stm32f1xx_hal_tim.o
                0x0000000008002750                HAL_TIM_Base_Init
 .text.HAL_TIMEx_MasterConfigSynchronization
                0x0000000008002784       0x52 build/stm32f1xx_hal_tim_ex.o
                0x0000000008002784                HAL_TIMEx_MasterConfigSynchronization
 .text.HAL_TIMEx_CommutationCallback
                0x00000000080027d6        0x2 build/stm32f1xx_hal_tim_ex.o
                0x00000000080027d6                HAL_TIMEx_CommutationCallback
 .text.HAL_TIMEx_BreakCallback
                0x00000000080027d8        0x2 build/stm32f1xx_hal_tim_ex.o
                0x00000000080027d8                HAL_TIMEx_BreakCallback
 .text.UART_EndRxTransfer
                0x00000000080027da       0x1c build/stm32f1xx_hal_uart.o
 .text.UART_Transmit_IT
                0x00000000080027f6       0x66 build/stm32f1xx_hal_uart.o
 .text.UART_SetConfig
                0x000000000800285c      0x1ac build/stm32f1xx_hal_uart.o
 .text.HAL_UART_Init
                0x0000000008002a08       0x5e build/stm32f1xx_hal_uart.o
                0x0000000008002a08                HAL_UART_Init
 .text.HAL_UART_Receive_IT
                0x0000000008002a66       0x5c build/stm32f1xx_hal_uart.o
                0x0000000008002a66                HAL_UART_Receive_IT
 .text.HAL_UART_TxCpltCallback
                0x0000000008002ac2        0x2 build/stm32f1xx_hal_uart.o
                0x0000000008002ac2                HAL_UART_TxCpltCallback
 .text.UART_EndTransmit_IT
                0x0000000008002ac4       0x1a build/stm32f1xx_hal_uart.o
 .text.UART_Receive_IT
                0x0000000008002ade       0x9e build/stm32f1xx_hal_uart.o
 .text.HAL_UART_ErrorCallback
                0x0000000008002b7c        0x2 build/stm32f1xx_hal_uart.o
                0x0000000008002b7c                HAL_UART_ErrorCallback
 *fill*         0x0000000008002b7e        0x2 
 .text.HAL_UART_IRQHandler
                0x0000000008002b80      0x120 build/stm32f1xx_hal_uart.o
                0x0000000008002b80                HAL_UART_IRQHandler
 .text.UART_DMAAbortOnError
                0x0000000008002ca0       0x10 build/stm32f1xx_hal_uart.o
 .text.HAL_InitTick
                0x0000000008002cb0       0x4c build/stm32f1xx_hal.o
                0x0000000008002cb0                HAL_InitTick
 .text.HAL_Init
                0x0000000008002cfc       0x24 build/stm32f1xx_hal.o
                0x0000000008002cfc                HAL_Init
 .text.HAL_IncTick
                0x0000000008002d20       0x18 build/stm32f1xx_hal.o
                0x0000000008002d20                HAL_IncTick
 .text.HAL_GetTick
                0x0000000008002d38        0xc build/stm32f1xx_hal.o
                0x0000000008002d38                HAL_GetTick
 .text.HAL_Delay
                0x0000000008002d44       0x28 build/stm32f1xx_hal.o
                0x0000000008002d44                HAL_Delay
 .text.RCC_Delay
                0x0000000008002d6c       0x2c build/stm32f1xx_hal_rcc.o
 .text.HAL_RCC_OscConfig
                0x0000000008002d98      0x3e0 build/stm32f1xx_hal_rcc.o
                0x0000000008002d98                HAL_RCC_OscConfig
 .text.HAL_RCC_GetSysClockFreq
                0x0000000008003178       0x6c build/stm32f1xx_hal_rcc.o
                0x0000000008003178                HAL_RCC_GetSysClockFreq
 .text.HAL_RCC_ClockConfig
                0x00000000080031e4      0x19c build/stm32f1xx_hal_rcc.o
                0x00000000080031e4                HAL_RCC_ClockConfig
 .text.HAL_RCC_GetHCLKFreq
                0x0000000008003380        0xc build/stm32f1xx_hal_rcc.o
                0x0000000008003380                HAL_RCC_GetHCLKFreq
 .text.HAL_RCC_GetPCLK1Freq
                0x000000000800338c       0x20 build/stm32f1xx_hal_rcc.o
                0x000000000800338c                HAL_RCC_GetPCLK1Freq
 .text.HAL_RCC_GetPCLK2Freq
                0x00000000080033ac       0x20 build/stm32f1xx_hal_rcc.o
                0x00000000080033ac                HAL_RCC_GetPCLK2Freq
 .text.HAL_RCCEx_PeriphCLKConfig
                0x00000000080033cc      0x114 build/stm32f1xx_hal_rcc_ex.o
                0x00000000080033cc                HAL_RCCEx_PeriphCLKConfig
 .text.HAL_RCCEx_GetPeriphCLKFreq
                0x00000000080034e0       0xf8 build/stm32f1xx_hal_rcc_ex.o
                0x00000000080034e0                HAL_RCCEx_GetPeriphCLKFreq
 .text.HAL_GPIO_Init
                0x00000000080035d8      0x220 build/stm32f1xx_hal_gpio.o
                0x00000000080035d8                HAL_GPIO_Init
 .text.HAL_DMA_Abort_IT
                0x00000000080037f8       0x98 build/stm32f1xx_hal_dma.o
                0x00000000080037f8                HAL_DMA_Abort_IT
 .text.HAL_NVIC_SetPriorityGrouping
                0x0000000008003890       0x24 build/stm32f1xx_hal_cortex.o
                0x0000000008003890                HAL_NVIC_SetPriorityGrouping
 .text.HAL_NVIC_SetPriority
                0x00000000080038b4       0x68 build/stm32f1xx_hal_cortex.o
                0x00000000080038b4                HAL_NVIC_SetPriority
 .text.HAL_NVIC_EnableIRQ
                0x000000000800391c       0x18 build/stm32f1xx_hal_cortex.o
                0x000000000800391c                HAL_NVIC_EnableIRQ
 .text.HAL_SYSTICK_Config
                0x0000000008003934       0x2c build/stm32f1xx_hal_cortex.o
                0x0000000008003934                HAL_SYSTICK_Config
 .text.HAL_PWR_EnableBkUpAccess
                0x0000000008003960        0xc build/stm32f1xx_hal_pwr.o
                0x0000000008003960                HAL_PWR_EnableBkUpAccess
 .text.LL_GPIO_Init
                0x000000000800396c       0xf4 build/stm32f1xx_ll_gpio.o
                0x000000000800396c                LL_GPIO_Init
 .text.Reset_Handler
                0x0000000008003a60       0x48 build/startup_stm32f103xb.o
                0x0000000008003a60                Reset_Handler
 .text.Default_Handler
                0x0000000008003aa8        0x2 build/startup_stm32f103xb.o
                0x0000000008003aa8                RTC_Alarm_IRQHandler
                0x0000000008003aa8                EXTI2_IRQHandler
                0x0000000008003aa8                TIM1_CC_IRQHandler
                0x0000000008003aa8                PVD_IRQHandler
                0x0000000008003aa8                EXTI3_IRQHandler
                0x0000000008003aa8                EXTI0_IRQHandler
                0x0000000008003aa8                I2C2_EV_IRQHandler
                0x0000000008003aa8                ADC1_2_IRQHandler
                0x0000000008003aa8                SPI1_IRQHandler
                0x0000000008003aa8                TAMPER_IRQHandler
                0x0000000008003aa8                DMA1_Channel4_IRQHandler
                0x0000000008003aa8                USART3_IRQHandler
                0x0000000008003aa8                DMA1_Channel7_IRQHandler
                0x0000000008003aa8                CAN1_RX1_IRQHandler
                0x0000000008003aa8                TIM4_IRQHandler
                0x0000000008003aa8                I2C1_EV_IRQHandler
                0x0000000008003aa8                DMA1_Channel6_IRQHandler
                0x0000000008003aa8                RCC_IRQHandler
                0x0000000008003aa8                TIM1_TRG_COM_IRQHandler
                0x0000000008003aa8                DMA1_Channel1_IRQHandler
                0x0000000008003aa8                Default_Handler
                0x0000000008003aa8                EXTI15_10_IRQHandler
                0x0000000008003aa8                EXTI9_5_IRQHandler
                0x0000000008003aa8                SPI2_IRQHandler
                0x0000000008003aa8                DMA1_Channel5_IRQHandler
                0x0000000008003aa8                EXTI4_IRQHandler
                0x0000000008003aa8                USB_LP_CAN1_RX0_IRQHandler
                0x0000000008003aa8                USB_HP_CAN1_TX_IRQHandler
                0x0000000008003aa8                DMA1_Channel3_IRQHandler
                0x0000000008003aa8                TIM1_UP_IRQHandler
                0x0000000008003aa8                WWDG_IRQHandler
                0x0000000008003aa8                TIM2_IRQHandler
                0x0000000008003aa8                TIM1_BRK_IRQHandler
                0x0000000008003aa8                EXTI1_IRQHandler
                0x0000000008003aa8                USART2_IRQHandler
                0x0000000008003aa8                I2C2_ER_IRQHandler
                0x0000000008003aa8                DMA1_Channel2_IRQHandler
                0x0000000008003aa8                CAN1_SCE_IRQHandler
                0x0000000008003aa8                FLASH_IRQHandler
                0x0000000008003aa8                I2C1_ER_IRQHandler
                0x0000000008003aa8                USBWakeUp_IRQHandler
 *fill*         0x0000000008003aaa        0x2 
 .text.__libc_init_array
                0x0000000008003aac       0x48 /home/yhf/toolchains/gcc-arm-none-eabi-9-2020-q2-update/bin/../lib/gcc/arm-none-eabi/9.3.1/../../../../arm-none-eabi/lib/thumb/v7-m/nofp/libc_nano.a(lib_a-init.o)
                0x0000000008003aac                __libc_init_array
 .text.malloc   0x0000000008003af4       0x10 /home/yhf/toolchains/gcc-arm-none-eabi-9-2020-q2-update/bin/../lib/gcc/arm-none-eabi/9.3.1/../../../../arm-none-eabi/lib/thumb/v7-m/nofp/libc_nano.a(lib_a-malloc.o)
                0x0000000008003af4                malloc
 .text.free     0x0000000008003b04       0x10 /home/yhf/toolchains/gcc-arm-none-eabi-9-2020-q2-update/bin/../lib/gcc/arm-none-eabi/9.3.1/../../../../arm-none-eabi/lib/thumb/v7-m/nofp/libc_nano.a(lib_a-malloc.o)
                0x0000000008003b04                free
 .text.memcpy   0x0000000008003b14       0x1c /home/yhf/toolchains/gcc-arm-none-eabi-9-2020-q2-update/bin/../lib/gcc/arm-none-eabi/9.3.1/../../../../arm-none-eabi/lib/thumb/v7-m/nofp/libc_nano.a(lib_a-memcpy-stub.o)
                0x0000000008003b14                memcpy
 .text.memset   0x0000000008003b30       0x10 /home/yhf/toolchains/gcc-arm-none-eabi-9-2020-q2-update/bin/../lib/gcc/arm-none-eabi/9.3.1/../../../../arm-none-eabi/lib/thumb/v7-m/nofp/libc_nano.a(lib_a-memset.o)
                0x0000000008003b30                memset
 .text._free_r  0x0000000008003b40       0x98 /home/yhf/toolchains/gcc-arm-none-eabi-9-2020-q2-update/bin/../lib/gcc/arm-none-eabi/9.3.1/../../../../arm-none-eabi/lib/thumb/v7-m/nofp/libc_nano.a(lib_a-nano-freer.o)
                0x0000000008003b40                _free_r
 .text._malloc_r
                0x0000000008003bd8       0xb4 /home/yhf/toolchains/gcc-arm-none-eabi-9-2020-q2-update/bin/../lib/gcc/arm-none-eabi/9.3.1/../../../../arm-none-eabi/lib/thumb/v7-m/nofp/libc_nano.a(lib_a-nano-mallocr.o)
                0x0000000008003bd8                _malloc_r
 .text.realloc  0x0000000008003c8c       0x10 /home/yhf/toolchains/gcc-arm-none-eabi-9-2020-q2-update/bin/../lib/gcc/arm-none-eabi/9.3.1/../../../../arm-none-eabi/lib/thumb/v7-m/nofp/libc_nano.a(lib_a-realloc.o)
                0x0000000008003c8c                realloc
 .text._sbrk_r  0x0000000008003c9c       0x20 /home/yhf/toolchains/gcc-arm-none-eabi-9-2020-q2-update/bin/../lib/gcc/arm-none-eabi/9.3.1/../../../../arm-none-eabi/lib/thumb/v7-m/nofp/libc_nano.a(lib_a-sbrkr.o)
                0x0000000008003c9c                _sbrk_r
 .text.sprintf  0x0000000008003cbc       0x40 /home/yhf/toolchains/gcc-arm-none-eabi-9-2020-q2-update/bin/../lib/gcc/arm-none-eabi/9.3.1/../../../../arm-none-eabi/lib/thumb/v7-m/nofp/libc_nano.a(lib_a-sprintf.o)
                0x0000000008003cbc                sprintf
                0x0000000008003cbc                siprintf
 .text.__sread  0x0000000008003cfc       0x22 /home/yhf/toolchains/gcc-arm-none-eabi-9-2020-q2-update/bin/../lib/gcc/arm-none-eabi/9.3.1/../../../../arm-none-eabi/lib/thumb/v7-m/nofp/libc_nano.a(lib_a-stdio.o)
                0x0000000008003cfc                __sread
 .text.__swrite
                0x0000000008003d1e       0x38 /home/yhf/toolchains/gcc-arm-none-eabi-9-2020-q2-update/bin/../lib/gcc/arm-none-eabi/9.3.1/../../../../arm-none-eabi/lib/thumb/v7-m/nofp/libc_nano.a(lib_a-stdio.o)
                0x0000000008003d1e                __swrite
 .text.__sseek  0x0000000008003d56       0x24 /home/yhf/toolchains/gcc-arm-none-eabi-9-2020-q2-update/bin/../lib/gcc/arm-none-eabi/9.3.1/../../../../arm-none-eabi/lib/thumb/v7-m/nofp/libc_nano.a(lib_a-stdio.o)
                0x0000000008003d56                __sseek
 .text.__sclose
                0x0000000008003d7a        0x8 /home/yhf/toolchains/gcc-arm-none-eabi-9-2020-q2-update/bin/../lib/gcc/arm-none-eabi/9.3.1/../../../../arm-none-eabi/lib/thumb/v7-m/nofp/libc_nano.a(lib_a-stdio.o)
                0x0000000008003d7a                __sclose
 .text.strncmp  0x0000000008003d82       0x24 /home/yhf/toolchains/gcc-arm-none-eabi-9-2020-q2-update/bin/../lib/gcc/arm-none-eabi/9.3.1/../../../../arm-none-eabi/lib/thumb/v7-m/nofp/libc_nano.a(lib_a-strncmp.o)
                0x0000000008003d82                strncmp
 .text.sulp     0x0000000008003da6       0x42 /home/yhf/toolchains/gcc-arm-none-eabi-9-2020-q2-update/bin/../lib/gcc/arm-none-eabi/9.3.1/../../../../arm-none-eabi/lib/thumb/v7-m/nofp/libc_nano.a(lib_a-strtod.o)
 .text._strtod_l
                0x0000000008003de8      0xbe8 /home/yhf/toolchains/gcc-arm-none-eabi-9-2020-q2-update/bin/../lib/gcc/arm-none-eabi/9.3.1/../../../../arm-none-eabi/lib/thumb/v7-m/nofp/libc_nano.a(lib_a-strtod.o)
                0x0000000008003de8                _strtod_l
 .text.strtod   0x00000000080049d0       0x18 /home/yhf/toolchains/gcc-arm-none-eabi-9-2020-q2-update/bin/../lib/gcc/arm-none-eabi/9.3.1/../../../../arm-none-eabi/lib/thumb/v7-m/nofp/libc_nano.a(lib_a-strtod.o)
                0x00000000080049d0                strtod
 .text._write_r
                0x00000000080049e8       0x24 /home/yhf/toolchains/gcc-arm-none-eabi-9-2020-q2-update/bin/../lib/gcc/arm-none-eabi/9.3.1/../../../../arm-none-eabi/lib/thumb/v7-m/nofp/libc_nano.a(lib_a-writer.o)
                0x00000000080049e8                _write_r
 .text._close_r
                0x0000000008004a0c       0x20 /home/yhf/toolchains/gcc-arm-none-eabi-9-2020-q2-update/bin/../lib/gcc/arm-none-eabi/9.3.1/../../../../arm-none-eabi/lib/thumb/v7-m/nofp/libc_nano.a(lib_a-closer.o)
                0x0000000008004a0c                _close_r
 .text.rshift   0x0000000008004a2c       0xa6 /home/yhf/toolchains/gcc-arm-none-eabi-9-2020-q2-update/bin/../lib/gcc/arm-none-eabi/9.3.1/../../../../arm-none-eabi/lib/thumb/v7-m/nofp/libc_nano.a(lib_a-gdtoa-gethex.o)
 .text.__hexdig_fun
                0x0000000008004ad2       0x2a /home/yhf/toolchains/gcc-arm-none-eabi-9-2020-q2-update/bin/../lib/gcc/arm-none-eabi/9.3.1/../../../../arm-none-eabi/lib/thumb/v7-m/nofp/libc_nano.a(lib_a-gdtoa-gethex.o)
                0x0000000008004ad2                __hexdig_fun
 .text.__gethex
                0x0000000008004afc      0x478 /home/yhf/toolchains/gcc-arm-none-eabi-9-2020-q2-update/bin/../lib/gcc/arm-none-eabi/9.3.1/../../../../arm-none-eabi/lib/thumb/v7-m/nofp/libc_nano.a(lib_a-gdtoa-gethex.o)
                0x0000000008004afc                __gethex
 .text.L_shift  0x0000000008004f74       0x24 /home/yhf/toolchains/gcc-arm-none-eabi-9-2020-q2-update/bin/../lib/gcc/arm-none-eabi/9.3.1/../../../../arm-none-eabi/lib/thumb/v7-m/nofp/libc_nano.a(lib_a-gdtoa-hexnan.o)
 .text.__match  0x0000000008004f98       0x28 /home/yhf/toolchains/gcc-arm-none-eabi-9-2020-q2-update/bin/../lib/gcc/arm-none-eabi/9.3.1/../../../../arm-none-eabi/lib/thumb/v7-m/nofp/libc_nano.a(lib_a-gdtoa-hexnan.o)
                0x0000000008004f98                __match
 .text.__hexnan
                0x0000000008004fc0      0x138 /home/yhf/toolchains/gcc-arm-none-eabi-9-2020-q2-update/bin/../lib/gcc/arm-none-eabi/9.3.1/../../../../arm-none-eabi/lib/thumb/v7-m/nofp/libc_nano.a(lib_a-gdtoa-hexnan.o)
                0x0000000008004fc0                __hexnan
 .text._lseek_r
                0x00000000080050f8       0x24 /home/yhf/toolchains/gcc-arm-none-eabi-9-2020-q2-update/bin/../lib/gcc/arm-none-eabi/9.3.1/../../../../arm-none-eabi/lib/thumb/v7-m/nofp/libc_nano.a(lib_a-lseekr.o)
                0x00000000080050f8                _lseek_r
 .text.__ascii_mbtowc
                0x000000000800511c       0x24 /home/yhf/toolchains/gcc-arm-none-eabi-9-2020-q2-update/bin/../lib/gcc/arm-none-eabi/9.3.1/../../../../arm-none-eabi/lib/thumb/v7-m/nofp/libc_nano.a(lib_a-mbtowc_r.o)
                0x000000000800511c                __ascii_mbtowc
 .text.__malloc_lock
                0x0000000008005140        0xc /home/yhf/toolchains/gcc-arm-none-eabi-9-2020-q2-update/bin/../lib/gcc/arm-none-eabi/9.3.1/../../../../arm-none-eabi/lib/thumb/v7-m/nofp/libc_nano.a(lib_a-mlock.o)
                0x0000000008005140                __malloc_lock
 .text.__malloc_unlock
                0x000000000800514c        0xc /home/yhf/toolchains/gcc-arm-none-eabi-9-2020-q2-update/bin/../lib/gcc/arm-none-eabi/9.3.1/../../../../arm-none-eabi/lib/thumb/v7-m/nofp/libc_nano.a(lib_a-mlock.o)
                0x000000000800514c                __malloc_unlock
 .text._Balloc  0x0000000008005158       0x80 /home/yhf/toolchains/gcc-arm-none-eabi-9-2020-q2-update/bin/../lib/gcc/arm-none-eabi/9.3.1/../../../../arm-none-eabi/lib/thumb/v7-m/nofp/libc_nano.a(lib_a-mprec.o)
                0x0000000008005158                _Balloc
 .text._Bfree   0x00000000080051d8       0x44 /home/yhf/toolchains/gcc-arm-none-eabi-9-2020-q2-update/bin/../lib/gcc/arm-none-eabi/9.3.1/../../../../arm-none-eabi/lib/thumb/v7-m/nofp/libc_nano.a(lib_a-mprec.o)
                0x00000000080051d8                _Bfree
 .text.__multadd
                0x000000000800521c       0x94 /home/yhf/toolchains/gcc-arm-none-eabi-9-2020-q2-update/bin/../lib/gcc/arm-none-eabi/9.3.1/../../../../arm-none-eabi/lib/thumb/v7-m/nofp/libc_nano.a(lib_a-mprec.o)
                0x000000000800521c                __multadd
 .text.__s2b    0x00000000080052b0       0x94 /home/yhf/toolchains/gcc-arm-none-eabi-9-2020-q2-update/bin/../lib/gcc/arm-none-eabi/9.3.1/../../../../arm-none-eabi/lib/thumb/v7-m/nofp/libc_nano.a(lib_a-mprec.o)
                0x00000000080052b0                __s2b
 .text.__hi0bits
                0x0000000008005344       0x40 /home/yhf/toolchains/gcc-arm-none-eabi-9-2020-q2-update/bin/../lib/gcc/arm-none-eabi/9.3.1/../../../../arm-none-eabi/lib/thumb/v7-m/nofp/libc_nano.a(lib_a-mprec.o)
                0x0000000008005344                __hi0bits
 .text.__lo0bits
                0x0000000008005384       0x5c /home/yhf/toolchains/gcc-arm-none-eabi-9-2020-q2-update/bin/../lib/gcc/arm-none-eabi/9.3.1/../../../../arm-none-eabi/lib/thumb/v7-m/nofp/libc_nano.a(lib_a-mprec.o)
                0x0000000008005384                __lo0bits
 .text.__i2b    0x00000000080053e0       0x2c /home/yhf/toolchains/gcc-arm-none-eabi-9-2020-q2-update/bin/../lib/gcc/arm-none-eabi/9.3.1/../../../../arm-none-eabi/lib/thumb/v7-m/nofp/libc_nano.a(lib_a-mprec.o)
                0x00000000080053e0                __i2b
 .text.__multiply
                0x000000000800540c      0x148 /home/yhf/toolchains/gcc-arm-none-eabi-9-2020-q2-update/bin/../lib/gcc/arm-none-eabi/9.3.1/../../../../arm-none-eabi/lib/thumb/v7-m/nofp/libc_nano.a(lib_a-mprec.o)
                0x000000000800540c                __multiply
 .text.__pow5mult
                0x0000000008005554       0xb4 /home/yhf/toolchains/gcc-arm-none-eabi-9-2020-q2-update/bin/../lib/gcc/arm-none-eabi/9.3.1/../../../../arm-none-eabi/lib/thumb/v7-m/nofp/libc_nano.a(lib_a-mprec.o)
                0x0000000008005554                __pow5mult
 .text.__lshift
                0x0000000008005608       0xd8 /home/yhf/toolchains/gcc-arm-none-eabi-9-2020-q2-update/bin/../lib/gcc/arm-none-eabi/9.3.1/../../../../arm-none-eabi/lib/thumb/v7-m/nofp/libc_nano.a(lib_a-mprec.o)
                0x0000000008005608                __lshift
 .text.__mcmp   0x00000000080056e0       0x36 /home/yhf/toolchains/gcc-arm-none-eabi-9-2020-q2-update/bin/../lib/gcc/arm-none-eabi/9.3.1/../../../../arm-none-eabi/lib/thumb/v7-m/nofp/libc_nano.a(lib_a-mprec.o)
                0x00000000080056e0                __mcmp
 *fill*         0x0000000008005716        0x2 
 .text.__mdiff  0x0000000008005718      0x120 /home/yhf/toolchains/gcc-arm-none-eabi-9-2020-q2-update/bin/../lib/gcc/arm-none-eabi/9.3.1/../../../../arm-none-eabi/lib/thumb/v7-m/nofp/libc_nano.a(lib_a-mprec.o)
                0x0000000008005718                __mdiff
 .text.__ulp    0x0000000008005838       0x4c /home/yhf/toolchains/gcc-arm-none-eabi-9-2020-q2-update/bin/../lib/gcc/arm-none-eabi/9.3.1/../../../../arm-none-eabi/lib/thumb/v7-m/nofp/libc_nano.a(lib_a-mprec.o)
                0x0000000008005838                __ulp
 .text.__b2d    0x0000000008005884       0xa8 /home/yhf/toolchains/gcc-arm-none-eabi-9-2020-q2-update/bin/../lib/gcc/arm-none-eabi/9.3.1/../../../../arm-none-eabi/lib/thumb/v7-m/nofp/libc_nano.a(lib_a-mprec.o)
                0x0000000008005884                __b2d
 .text.__d2b    0x000000000800592c       0xb8 /home/yhf/toolchains/gcc-arm-none-eabi-9-2020-q2-update/bin/../lib/gcc/arm-none-eabi/9.3.1/../../../../arm-none-eabi/lib/thumb/v7-m/nofp/libc_nano.a(lib_a-mprec.o)
                0x000000000800592c                __d2b
 .text.__ratio  0x00000000080059e4       0x5c /home/yhf/toolchains/gcc-arm-none-eabi-9-2020-q2-update/bin/../lib/gcc/arm-none-eabi/9.3.1/../../../../arm-none-eabi/lib/thumb/v7-m/nofp/libc_nano.a(lib_a-mprec.o)
                0x00000000080059e4                __ratio
 .text.__copybits
                0x0000000008005a40       0x46 /home/yhf/toolchains/gcc-arm-none-eabi-9-2020-q2-update/bin/../lib/gcc/arm-none-eabi/9.3.1/../../../../arm-none-eabi/lib/thumb/v7-m/nofp/libc_nano.a(lib_a-mprec.o)
                0x0000000008005a40                __copybits
 .text.__any_on
                0x0000000008005a86       0x42 /home/yhf/toolchains/gcc-arm-none-eabi-9-2020-q2-update/bin/../lib/gcc/arm-none-eabi/9.3.1/../../../../arm-none-eabi/lib/thumb/v7-m/nofp/libc_nano.a(lib_a-mprec.o)
                0x0000000008005a86                __any_on
 .text._calloc_r
                0x0000000008005ac8       0x1c /home/yhf/toolchains/gcc-arm-none-eabi-9-2020-q2-update/bin/../lib/gcc/arm-none-eabi/9.3.1/../../../../arm-none-eabi/lib/thumb/v7-m/nofp/libc_nano.a(lib_a-nano-callocr.o)
                0x0000000008005ac8                _calloc_r
 .text._realloc_r
                0x0000000008005ae4       0x4c /home/yhf/toolchains/gcc-arm-none-eabi-9-2020-q2-update/bin/../lib/gcc/arm-none-eabi/9.3.1/../../../../arm-none-eabi/lib/thumb/v7-m/nofp/libc_nano.a(lib_a-nano-reallocr.o)
                0x0000000008005ae4                _realloc_r
 .text.__ssputs_r
                0x0000000008005b30       0xb6 /home/yhf/toolchains/gcc-arm-none-eabi-9-2020-q2-update/bin/../lib/gcc/arm-none-eabi/9.3.1/../../../../arm-none-eabi/lib/thumb/v7-m/nofp/libc_nano.a(lib_a-nano-svfprintf.o)
                0x0000000008005b30                __ssputs_r
 *fill*         0x0000000008005be6        0x2 
 .text._svfprintf_r
                0x0000000008005be8      0x200 /home/yhf/toolchains/gcc-arm-none-eabi-9-2020-q2-update/bin/../lib/gcc/arm-none-eabi/9.3.1/../../../../arm-none-eabi/lib/thumb/v7-m/nofp/libc_nano.a(lib_a-nano-svfprintf.o)
                0x0000000008005be8                _svfprintf_r
                0x0000000008005be8                _svfiprintf_r
 .text._printf_common
                0x0000000008005de8       0xde /home/yhf/toolchains/gcc-arm-none-eabi-9-2020-q2-update/bin/../lib/gcc/arm-none-eabi/9.3.1/../../../../arm-none-eabi/lib/thumb/v7-m/nofp/libc_nano.a(lib_a-nano-vfprintf_i.o)
                0x0000000008005de8                _printf_common
 *fill*         0x0000000008005ec6        0x2 
 .text._printf_i
                0x0000000008005ec8      0x24c /home/yhf/toolchains/gcc-arm-none-eabi-9-2020-q2-update/bin/../lib/gcc/arm-none-eabi/9.3.1/../../../../arm-none-eabi/lib/thumb/v7-m/nofp/libc_nano.a(lib_a-nano-vfprintf_i.o)
                0x0000000008005ec8                _printf_i
 .text._read_r  0x0000000008006114       0x24 /home/yhf/toolchains/gcc-arm-none-eabi-9-2020-q2-update/bin/../lib/gcc/arm-none-eabi/9.3.1/../../../../arm-none-eabi/lib/thumb/v7-m/nofp/libc_nano.a(lib_a-readr.o)
                0x0000000008006114                _read_r
 .text.nan      0x0000000008006138        0xc /home/yhf/toolchains/gcc-arm-none-eabi-9-2020-q2-update/bin/../lib/gcc/arm-none-eabi/9.3.1/../../../../arm-none-eabi/lib/thumb/v7-m/nofp/libc_nano.a(lib_a-s_nan.o)
                0x0000000008006138                nan
 .text.__ascii_wctomb
                0x0000000008006144       0x1a /home/yhf/toolchains/gcc-arm-none-eabi-9-2020-q2-update/bin/../lib/gcc/arm-none-eabi/9.3.1/../../../../arm-none-eabi/lib/thumb/v7-m/nofp/libc_nano.a(lib_a-wctomb_r.o)
                0x0000000008006144                __ascii_wctomb
 *fill*         0x000000000800615e        0x2 
 .text.__assert_func
                0x0000000008006160       0x3c /home/yhf/toolchains/gcc-arm-none-eabi-9-2020-q2-update/bin/../lib/gcc/arm-none-eabi/9.3.1/../../../../arm-none-eabi/lib/thumb/v7-m/nofp/libc_nano.a(lib_a-assert.o)
                0x0000000008006160                __assert_func
 .text.__sflush_r
                0x000000000800619c      0x10c /home/yhf/toolchains/gcc-arm-none-eabi-9-2020-q2-update/bin/../lib/gcc/arm-none-eabi/9.3.1/../../../../arm-none-eabi/lib/thumb/v7-m/nofp/libc_nano.a(lib_a-fflush.o)
                0x000000000800619c                __sflush_r
 .text._fflush_r
                0x00000000080062a8       0x78 /home/yhf/toolchains/gcc-arm-none-eabi-9-2020-q2-update/bin/../lib/gcc/arm-none-eabi/9.3.1/../../../../arm-none-eabi/lib/thumb/v7-m/nofp/libc_nano.a(lib_a-fflush.o)
                0x00000000080062a8                _fflush_r
 .text.std      0x0000000008006320       0x48 /home/yhf/toolchains/gcc-arm-none-eabi-9-2020-q2-update/bin/../lib/gcc/arm-none-eabi/9.3.1/../../../../arm-none-eabi/lib/thumb/v7-m/nofp/libc_nano.a(lib_a-findfp.o)
 .text._cleanup_r
                0x0000000008006368        0xc /home/yhf/toolchains/gcc-arm-none-eabi-9-2020-q2-update/bin/../lib/gcc/arm-none-eabi/9.3.1/../../../../arm-none-eabi/lib/thumb/v7-m/nofp/libc_nano.a(lib_a-findfp.o)
                0x0000000008006368                _cleanup_r
 .text.__sfmoreglue
                0x0000000008006374       0x2c /home/yhf/toolchains/gcc-arm-none-eabi-9-2020-q2-update/bin/../lib/gcc/arm-none-eabi/9.3.1/../../../../arm-none-eabi/lib/thumb/v7-m/nofp/libc_nano.a(lib_a-findfp.o)
                0x0000000008006374                __sfmoreglue
 .text.__sfp_lock_acquire
                0x00000000080063a0        0xc /home/yhf/toolchains/gcc-arm-none-eabi-9-2020-q2-update/bin/../lib/gcc/arm-none-eabi/9.3.1/../../../../arm-none-eabi/lib/thumb/v7-m/nofp/libc_nano.a(lib_a-findfp.o)
                0x00000000080063a0                __sfp_lock_acquire
 .text.__sfp_lock_release
                0x00000000080063ac        0xc /home/yhf/toolchains/gcc-arm-none-eabi-9-2020-q2-update/bin/../lib/gcc/arm-none-eabi/9.3.1/../../../../arm-none-eabi/lib/thumb/v7-m/nofp/libc_nano.a(lib_a-findfp.o)
                0x00000000080063ac                __sfp_lock_release
 .text.__sinit_lock_acquire
                0x00000000080063b8        0xc /home/yhf/toolchains/gcc-arm-none-eabi-9-2020-q2-update/bin/../lib/gcc/arm-none-eabi/9.3.1/../../../../arm-none-eabi/lib/thumb/v7-m/nofp/libc_nano.a(lib_a-findfp.o)
                0x00000000080063b8                __sinit_lock_acquire
 .text.__sinit_lock_release
                0x00000000080063c4        0xc /home/yhf/toolchains/gcc-arm-none-eabi-9-2020-q2-update/bin/../lib/gcc/arm-none-eabi/9.3.1/../../../../arm-none-eabi/lib/thumb/v7-m/nofp/libc_nano.a(lib_a-findfp.o)
                0x00000000080063c4                __sinit_lock_release
 .text.__sinit  0x00000000080063d0       0x70 /home/yhf/toolchains/gcc-arm-none-eabi-9-2020-q2-update/bin/../lib/gcc/arm-none-eabi/9.3.1/../../../../arm-none-eabi/lib/thumb/v7-m/nofp/libc_nano.a(lib_a-findfp.o)
                0x00000000080063d0                __sinit
 .text.__sfp    0x0000000008006440       0x8c /home/yhf/toolchains/gcc-arm-none-eabi-9-2020-q2-update/bin/../lib/gcc/arm-none-eabi/9.3.1/../../../../arm-none-eabi/lib/thumb/v7-m/nofp/libc_nano.a(lib_a-findfp.o)
                0x0000000008006440                __sfp
 .text.fprintf  0x00000000080064cc       0x24 /home/yhf/toolchains/gcc-arm-none-eabi-9-2020-q2-update/bin/../lib/gcc/arm-none-eabi/9.3.1/../../../../arm-none-eabi/lib/thumb/v7-m/nofp/libc_nano.a(lib_a-fprintf.o)
                0x00000000080064cc                fprintf
                0x00000000080064cc                fiprintf
 .text._fwalk_reent
                0x00000000080064f0       0x3e /home/yhf/toolchains/gcc-arm-none-eabi-9-2020-q2-update/bin/../lib/gcc/arm-none-eabi/9.3.1/../../../../arm-none-eabi/lib/thumb/v7-m/nofp/libc_nano.a(lib_a-fwalk.o)
                0x00000000080064f0                _fwalk_reent
 .text.__retarget_lock_init_recursive
                0x000000000800652e        0x2 /home/yhf/toolchains/gcc-arm-none-eabi-9-2020-q2-update/bin/../lib/gcc/arm-none-eabi/9.3.1/../../../../arm-none-eabi/lib/thumb/v7-m/nofp/libc_nano.a(lib_a-lock.o)
                0x000000000800652e                __retarget_lock_init_recursive
 .text.__retarget_lock_acquire_recursive
                0x0000000008006530        0x2 /home/yhf/toolchains/gcc-arm-none-eabi-9-2020-q2-update/bin/../lib/gcc/arm-none-eabi/9.3.1/../../../../arm-none-eabi/lib/thumb/v7-m/nofp/libc_nano.a(lib_a-lock.o)
                0x0000000008006530                __retarget_lock_acquire_recursive
 .text.__retarget_lock_release_recursive
                0x0000000008006532        0x2 /home/yhf/toolchains/gcc-arm-none-eabi-9-2020-q2-update/bin/../lib/gcc/arm-none-eabi/9.3.1/../../../../arm-none-eabi/lib/thumb/v7-m/nofp/libc_nano.a(lib_a-lock.o)
                0x0000000008006532                __retarget_lock_release_recursive
 .text.memchr   0x0000000008006534       0x1c /home/yhf/toolchains/gcc-arm-none-eabi-9-2020-q2-update/bin/../lib/gcc/arm-none-eabi/9.3.1/../../../../arm-none-eabi/lib/thumb/v7-m/nofp/libc_nano.a(lib_a-memchr-stub.o)
                0x0000000008006534                memchr
 .text.memmove  0x0000000008006550       0x34 /home/yhf/toolchains/gcc-arm-none-eabi-9-2020-q2-update/bin/../lib/gcc/arm-none-eabi/9.3.1/../../../../arm-none-eabi/lib/thumb/v7-m/nofp/libc_nano.a(lib_a-memmove.o)
                0x0000000008006550                memmove
 .text._malloc_usable_size_r
                0x0000000008006584       0x10 /home/yhf/toolchains/gcc-arm-none-eabi-9-2020-q2-update/bin/../lib/gcc/arm-none-eabi/9.3.1/../../../../arm-none-eabi/lib/thumb/v7-m/nofp/libc_nano.a(lib_a-nano-msizer.o)
                0x0000000008006584                _malloc_usable_size_r
 .text.__sfputc_r
                0x0000000008006594       0x2a /home/yhf/toolchains/gcc-arm-none-eabi-9-2020-q2-update/bin/../lib/gcc/arm-none-eabi/9.3.1/../../../../arm-none-eabi/lib/thumb/v7-m/nofp/libc_nano.a(lib_a-nano-vfprintf.o)
 .text.__sfputs_r
                0x00000000080065be       0x24 /home/yhf/toolchains/gcc-arm-none-eabi-9-2020-q2-update/bin/../lib/gcc/arm-none-eabi/9.3.1/../../../../arm-none-eabi/lib/thumb/v7-m/nofp/libc_nano.a(lib_a-nano-vfprintf.o)
                0x00000000080065be                __sfputs_r
 *fill*         0x00000000080065e2        0x2 
 .text._vfprintf_r
                0x00000000080065e4      0x260 /home/yhf/toolchains/gcc-arm-none-eabi-9-2020-q2-update/bin/../lib/gcc/arm-none-eabi/9.3.1/../../../../arm-none-eabi/lib/thumb/v7-m/nofp/libc_nano.a(lib_a-nano-vfprintf.o)
                0x00000000080065e4                _vfiprintf_r
                0x00000000080065e4                _vfprintf_r
 .text.__swbuf_r
                0x0000000008006844       0xa4 /home/yhf/toolchains/gcc-arm-none-eabi-9-2020-q2-update/bin/../lib/gcc/arm-none-eabi/9.3.1/../../../../arm-none-eabi/lib/thumb/v7-m/nofp/libc_nano.a(lib_a-wbuf.o)
                0x0000000008006844                __swbuf_r
 .text.__swsetup_r
                0x00000000080068e8       0xdc /home/yhf/toolchains/gcc-arm-none-eabi-9-2020-q2-update/bin/../lib/gcc/arm-none-eabi/9.3.1/../../../../arm-none-eabi/lib/thumb/v7-m/nofp/libc_nano.a(lib_a-wsetup.o)
                0x00000000080068e8                __swsetup_r
 .text.abort    0x00000000080069c4        0xe /home/yhf/toolchains/gcc-arm-none-eabi-9-2020-q2-update/bin/../lib/gcc/arm-none-eabi/9.3.1/../../../../arm-none-eabi/lib/thumb/v7-m/nofp/libc_nano.a(lib_a-abort.o)
                0x00000000080069c4                abort
 .text.__swhatbuf_r
                0x00000000080069d2       0x48 /home/yhf/toolchains/gcc-arm-none-eabi-9-2020-q2-update/bin/../lib/gcc/arm-none-eabi/9.3.1/../../../../arm-none-eabi/lib/thumb/v7-m/nofp/libc_nano.a(lib_a-makebuf.o)
                0x00000000080069d2                __swhatbuf_r
 *fill*         0x0000000008006a1a        0x2 
 .text.__smakebuf_r
                0x0000000008006a1c       0x80 /home/yhf/toolchains/gcc-arm-none-eabi-9-2020-q2-update/bin/../lib/gcc/arm-none-eabi/9.3.1/../../../../arm-none-eabi/lib/thumb/v7-m/nofp/libc_nano.a(lib_a-makebuf.o)
                0x0000000008006a1c                __smakebuf_r
 .text._raise_r
                0x0000000008006a9c       0x50 /home/yhf/toolchains/gcc-arm-none-eabi-9-2020-q2-update/bin/../lib/gcc/arm-none-eabi/9.3.1/../../../../arm-none-eabi/lib/thumb/v7-m/nofp/libc_nano.a(lib_a-signal.o)
                0x0000000008006a9c                _raise_r
 .text.raise    0x0000000008006aec       0x10 /home/yhf/toolchains/gcc-arm-none-eabi-9-2020-q2-update/bin/../lib/gcc/arm-none-eabi/9.3.1/../../../../arm-none-eabi/lib/thumb/v7-m/nofp/libc_nano.a(lib_a-signal.o)
                0x0000000008006aec                raise
 .text._kill_r  0x0000000008006afc       0x24 /home/yhf/toolchains/gcc-arm-none-eabi-9-2020-q2-update/bin/../lib/gcc/arm-none-eabi/9.3.1/../../../../arm-none-eabi/lib/thumb/v7-m/nofp/libc_nano.a(lib_a-signalr.o)
                0x0000000008006afc                _kill_r
 .text._getpid_r
                0x0000000008006b20        0x4 /home/yhf/toolchains/gcc-arm-none-eabi-9-2020-q2-update/bin/../lib/gcc/arm-none-eabi/9.3.1/../../../../arm-none-eabi/lib/thumb/v7-m/nofp/libc_nano.a(lib_a-signalr.o)
                0x0000000008006b20                _getpid_r
 .text._fstat_r
                0x0000000008006b24       0x24 /home/yhf/toolchains/gcc-arm-none-eabi-9-2020-q2-update/bin/../lib/gcc/arm-none-eabi/9.3.1/../../../../arm-none-eabi/lib/thumb/v7-m/nofp/libc_nano.a(lib_a-fstatr.o)
                0x0000000008006b24                _fstat_r
 .text._isatty_r
                0x0000000008006b48       0x20 /home/yhf/toolchains/gcc-arm-none-eabi-9-2020-q2-update/bin/../lib/gcc/arm-none-eabi/9.3.1/../../../../arm-none-eabi/lib/thumb/v7-m/nofp/libc_nano.a(lib_a-isattyr.o)
                0x0000000008006b48                _isatty_r
 .text._close   0x0000000008006b68       0x10 /home/yhf/toolchains/gcc-arm-none-eabi-9-2020-q2-update/bin/../lib/gcc/arm-none-eabi/9.3.1/../../../../arm-none-eabi/lib/thumb/v7-m/nofp/libnosys.a(close.o)
                0x0000000008006b68                _close
 .text._fstat   0x0000000008006b78       0x10 /home/yhf/toolchains/gcc-arm-none-eabi-9-2020-q2-update/bin/../lib/gcc/arm-none-eabi/9.3.1/../../../../arm-none-eabi/lib/thumb/v7-m/nofp/libnosys.a(fstat.o)
                0x0000000008006b78                _fstat
 .text._getpid  0x0000000008006b88       0x10 /home/yhf/toolchains/gcc-arm-none-eabi-9-2020-q2-update/bin/../lib/gcc/arm-none-eabi/9.3.1/../../../../arm-none-eabi/lib/thumb/v7-m/nofp/libnosys.a(getpid.o)
                0x0000000008006b88                _getpid
 .text._isatty  0x0000000008006b98       0x10 /home/yhf/toolchains/gcc-arm-none-eabi-9-2020-q2-update/bin/../lib/gcc/arm-none-eabi/9.3.1/../../../../arm-none-eabi/lib/thumb/v7-m/nofp/libnosys.a(isatty.o)
                0x0000000008006b98                _isatty
 .text._kill    0x0000000008006ba8       0x10 /home/yhf/toolchains/gcc-arm-none-eabi-9-2020-q2-update/bin/../lib/gcc/arm-none-eabi/9.3.1/../../../../arm-none-eabi/lib/thumb/v7-m/nofp/libnosys.a(kill.o)
                0x0000000008006ba8                _kill
 .text._lseek   0x0000000008006bb8       0x10 /home/yhf/toolchains/gcc-arm-none-eabi-9-2020-q2-update/bin/../lib/gcc/arm-none-eabi/9.3.1/../../../../arm-none-eabi/lib/thumb/v7-m/nofp/libnosys.a(lseek.o)
                0x0000000008006bb8                _lseek
 .text._read    0x0000000008006bc8       0x10 /home/yhf/toolchains/gcc-arm-none-eabi-9-2020-q2-update/bin/../lib/gcc/arm-none-eabi/9.3.1/../../../../arm-none-eabi/lib/thumb/v7-m/nofp/libnosys.a(read.o)
                0x0000000008006bc8                _read
 .text._sbrk    0x0000000008006bd8       0x1c /home/yhf/toolchains/gcc-arm-none-eabi-9-2020-q2-update/bin/../lib/gcc/arm-none-eabi/9.3.1/../../../../arm-none-eabi/lib/thumb/v7-m/nofp/libnosys.a(sbrk.o)
                0x0000000008006bd8                _sbrk
 .text._write   0x0000000008006bf4       0x10 /home/yhf/toolchains/gcc-arm-none-eabi-9-2020-q2-update/bin/../lib/gcc/arm-none-eabi/9.3.1/../../../../arm-none-eabi/lib/thumb/v7-m/nofp/libnosys.a(write.o)
                0x0000000008006bf4                _write
 .text._exit    0x0000000008006c04        0x4 /home/yhf/toolchains/gcc-arm-none-eabi-9-2020-q2-update/bin/../lib/gcc/arm-none-eabi/9.3.1/../../../../arm-none-eabi/lib/thumb/v7-m/nofp/libnosys.a(_exit.o)
                0x0000000008006c04                _exit
 *(.glue_7)
 .glue_7        0x0000000008006c08        0x0 linker stubs
 *(.glue_7t)
 .glue_7t       0x0000000008006c08        0x0 linker stubs
 *(.eh_frame)
 .eh_frame      0x0000000008006c08        0x0 /home/yhf/toolchains/gcc-arm-none-eabi-9-2020-q2-update/bin/../lib/gcc/arm-none-eabi/9.3.1/thumb/v7-m/nofp/crtbegin.o
 *(.init)
 .init          0x0000000008006c08        0x4 /home/yhf/toolchains/gcc-arm-none-eabi-9-2020-q2-update/bin/../lib/gcc/arm-none-eabi/9.3.1/thumb/v7-m/nofp/crti.o
                0x0000000008006c08                _init
 .init          0x0000000008006c0c        0x8 /home/yhf/toolchains/gcc-arm-none-eabi-9-2020-q2-update/bin/../lib/gcc/arm-none-eabi/9.3.1/thumb/v7-m/nofp/crtn.o
 *(.fini)
 .fini          0x0000000008006c14        0x4 /home/yhf/toolchains/gcc-arm-none-eabi-9-2020-q2-update/bin/../lib/gcc/arm-none-eabi/9.3.1/thumb/v7-m/nofp/crti.o
                0x0000000008006c14                _fini
 .fini          0x0000000008006c18        0x8 /home/yhf/toolchains/gcc-arm-none-eabi-9-2020-q2-update/bin/../lib/gcc/arm-none-eabi/9.3.1/thumb/v7-m/nofp/crtn.o
                0x0000000008006c20                . = ALIGN (0x4)
                0x0000000008006c20                _etext = .

.vfp11_veneer   0x0000000008006c20        0x0
 .vfp11_veneer  0x0000000008006c20        0x0 linker stubs

.v4_bx          0x0000000008006c20        0x0
 .v4_bx         0x0000000008006c20        0x0 linker stubs

.iplt           0x0000000008006c20        0x0
 .iplt          0x0000000008006c20        0x0 /home/yhf/toolchains/gcc-arm-none-eabi-9-2020-q2-update/bin/../lib/gcc/arm-none-eabi/9.3.1/thumb/v7-m/nofp/crtbegin.o

.rodata         0x0000000008006c20     0x1214
                0x0000000008006c20                . = ALIGN (0x4)
 *(.rodata)
 .rodata        0x0000000008006c20       0x34 build/main.o
 .rodata        0x0000000008006c54       0x1c build/rtc.o
 *(.rodata*)
 .rodata.decode_time.str1.4
                0x0000000008006c70       0x20 build/main.o
 .rodata.AHBPrescTable
                0x0000000008006c90       0x10 build/system_stm32f1xx.o
                0x0000000008006c90                AHBPrescTable
 .rodata.APBPrescTable
                0x0000000008006ca0        0x8 build/system_stm32f1xx.o
                0x0000000008006ca0                APBPrescTable
 .rodata.asc2_0806
                0x0000000008006ca8      0x23a build/lcd.o
                0x0000000008006ca8                asc2_0806
 *fill*         0x0000000008006ee2        0x2 
 .rodata.asc2_1206
                0x0000000008006ee4      0x474 build/lcd.o
                0x0000000008006ee4                asc2_1206
 .rodata.asc2_1608
                0x0000000008007358      0x5f0 build/lcd.o
                0x0000000008007358                asc2_1608
 .rodata.font2size
                0x0000000008007948        0xc build/lcd.o
                0x0000000008007948                font2size
 .rodata.str1.4
                0x0000000008007954       0x18 build/rtc.o
                                         0x1c (size before relaxing)
 .rodata.RTC_Months
                0x000000000800796c       0x18 build/rtc.o
 .rodata.skip_utf8_bom.str1.4
                0x0000000008007984        0x4 build/cJSON.o
 .rodata.print_number.str1.4
                0x0000000008007988       0x1b build/cJSON.o
 *fill*         0x00000000080079a3        0x1 
 .rodata.print_value.str1.4
                0x00000000080079a4        0xd build/cJSON.o
 *fill*         0x00000000080079b1        0x3 
 .rodata.HAL_RCC_GetSysClockFreq.str1.4
                0x00000000080079b4       0x11 build/stm32f1xx_hal_rcc.o
 .rodata.HAL_RCCEx_GetPeriphCLKFreq.str1.4
                0x00000000080079c5       0x11 build/stm32f1xx_hal_rcc_ex.o
 .rodata._ctype_
                0x00000000080079c5      0x101 /home/yhf/toolchains/gcc-arm-none-eabi-9-2020-q2-update/bin/../lib/gcc/arm-none-eabi/9.3.1/../../../../arm-none-eabi/lib/thumb/v7-m/nofp/libc_nano.a(lib_a-ctype_.o)
                0x00000000080079c5                _ctype_
 *fill*         0x0000000008007ac6        0x2 
 .rodata._global_impure_ptr
                0x0000000008007ac8        0x4 /home/yhf/toolchains/gcc-arm-none-eabi-9-2020-q2-update/bin/../lib/gcc/arm-none-eabi/9.3.1/../../../../arm-none-eabi/lib/thumb/v7-m/nofp/libc_nano.a(lib_a-impure.o)
                0x0000000008007ac8                _global_impure_ptr
 .rodata._strtod_l.str1.1
                0x0000000008007acc        0xc /home/yhf/toolchains/gcc-arm-none-eabi-9-2020-q2-update/bin/../lib/gcc/arm-none-eabi/9.3.1/../../../../arm-none-eabi/lib/thumb/v7-m/nofp/libc_nano.a(lib_a-strtod.o)
                                          0xd (size before relaxing)
 .rodata.fpi.6220
                0x0000000008007ad8       0x14 /home/yhf/toolchains/gcc-arm-none-eabi-9-2020-q2-update/bin/../lib/gcc/arm-none-eabi/9.3.1/../../../../arm-none-eabi/lib/thumb/v7-m/nofp/libc_nano.a(lib_a-strtod.o)
 .rodata.fpinan.6256
                0x0000000008007aec       0x14 /home/yhf/toolchains/gcc-arm-none-eabi-9-2020-q2-update/bin/../lib/gcc/arm-none-eabi/9.3.1/../../../../arm-none-eabi/lib/thumb/v7-m/nofp/libc_nano.a(lib_a-strtod.o)
 .rodata.tinytens
                0x0000000008007b00       0x28 /home/yhf/toolchains/gcc-arm-none-eabi-9-2020-q2-update/bin/../lib/gcc/arm-none-eabi/9.3.1/../../../../arm-none-eabi/lib/thumb/v7-m/nofp/libc_nano.a(lib_a-strtod.o)
 .rodata.__gethex.str1.1
                0x0000000008007b28       0x95 /home/yhf/toolchains/gcc-arm-none-eabi-9-2020-q2-update/bin/../lib/gcc/arm-none-eabi/9.3.1/../../../../arm-none-eabi/lib/thumb/v7-m/nofp/libc_nano.a(lib_a-gdtoa-gethex.o)
 .rodata.str1.1
                0x0000000008007bbd        0x2 /home/yhf/toolchains/gcc-arm-none-eabi-9-2020-q2-update/bin/../lib/gcc/arm-none-eabi/9.3.1/../../../../arm-none-eabi/lib/thumb/v7-m/nofp/libc_nano.a(lib_a-lnumeric.o)
                                          0x3 (size before relaxing)
 *fill*         0x0000000008007bbf        0x1 
 .rodata._C_numeric_locale
                0x0000000008007bc0        0xc /home/yhf/toolchains/gcc-arm-none-eabi-9-2020-q2-update/bin/../lib/gcc/arm-none-eabi/9.3.1/../../../../arm-none-eabi/lib/thumb/v7-m/nofp/libc_nano.a(lib_a-lnumeric.o)
                0x0000000008007bc0                _C_numeric_locale
 .rodata._setlocale_r.str1.1
                0x0000000008007bcc        0x8 /home/yhf/toolchains/gcc-arm-none-eabi-9-2020-q2-update/bin/../lib/gcc/arm-none-eabi/9.3.1/../../../../arm-none-eabi/lib/thumb/v7-m/nofp/libc_nano.a(lib_a-locale.o)
                                          0x9 (size before relaxing)
 .rodata.str1.1
                0x0000000008007bd4        0x2 /home/yhf/toolchains/gcc-arm-none-eabi-9-2020-q2-update/bin/../lib/gcc/arm-none-eabi/9.3.1/../../../../arm-none-eabi/lib/thumb/v7-m/nofp/libc_nano.a(lib_a-locale.o)
 .rodata._Balloc.str1.1
                0x0000000008007bd4       0x94 /home/yhf/toolchains/gcc-arm-none-eabi-9-2020-q2-update/bin/../lib/gcc/arm-none-eabi/9.3.1/../../../../arm-none-eabi/lib/thumb/v7-m/nofp/libc_nano.a(lib_a-mprec.o)
 .rodata.__multadd.str1.1
                0x0000000008007c68       0x11 /home/yhf/toolchains/gcc-arm-none-eabi-9-2020-q2-update/bin/../lib/gcc/arm-none-eabi/9.3.1/../../../../arm-none-eabi/lib/thumb/v7-m/nofp/libc_nano.a(lib_a-mprec.o)
 .rodata.__mprec_bigtens
                0x0000000008007c68       0x28 /home/yhf/toolchains/gcc-arm-none-eabi-9-2020-q2-update/bin/../lib/gcc/arm-none-eabi/9.3.1/../../../../arm-none-eabi/lib/thumb/v7-m/nofp/libc_nano.a(lib_a-mprec.o)
                0x0000000008007c68                __mprec_bigtens
 .rodata.__mprec_tens
                0x0000000008007c90       0xc8 /home/yhf/toolchains/gcc-arm-none-eabi-9-2020-q2-update/bin/../lib/gcc/arm-none-eabi/9.3.1/../../../../arm-none-eabi/lib/thumb/v7-m/nofp/libc_nano.a(lib_a-mprec.o)
                0x0000000008007c90                __mprec_tens
 .rodata.p05.6150
                0x0000000008007d58        0xc /home/yhf/toolchains/gcc-arm-none-eabi-9-2020-q2-update/bin/../lib/gcc/arm-none-eabi/9.3.1/../../../../arm-none-eabi/lib/thumb/v7-m/nofp/libc_nano.a(lib_a-mprec.o)
 .rodata._svfprintf_r.str1.1
                0x0000000008007d64       0x11 /home/yhf/toolchains/gcc-arm-none-eabi-9-2020-q2-update/bin/../lib/gcc/arm-none-eabi/9.3.1/../../../../arm-none-eabi/lib/thumb/v7-m/nofp/libc_nano.a(lib_a-nano-svfprintf.o)
 .rodata._printf_i.str1.1
                0x0000000008007d75       0x22 /home/yhf/toolchains/gcc-arm-none-eabi-9-2020-q2-update/bin/../lib/gcc/arm-none-eabi/9.3.1/../../../../arm-none-eabi/lib/thumb/v7-m/nofp/libc_nano.a(lib_a-nano-vfprintf_i.o)
 .rodata.__assert_func.str1.1
                0x0000000008007d97       0x3c /home/yhf/toolchains/gcc-arm-none-eabi-9-2020-q2-update/bin/../lib/gcc/arm-none-eabi/9.3.1/../../../../arm-none-eabi/lib/thumb/v7-m/nofp/libc_nano.a(lib_a-assert.o)
                                         0x3d (size before relaxing)
 *fill*         0x0000000008007dd3        0x1 
 .rodata.__sf_fake_stderr
                0x0000000008007dd4       0x20 /home/yhf/toolchains/gcc-arm-none-eabi-9-2020-q2-update/bin/../lib/gcc/arm-none-eabi/9.3.1/../../../../arm-none-eabi/lib/thumb/v7-m/nofp/libc_nano.a(lib_a-findfp.o)
                0x0000000008007dd4                __sf_fake_stderr
 .rodata.__sf_fake_stdin
                0x0000000008007df4       0x20 /home/yhf/toolchains/gcc-arm-none-eabi-9-2020-q2-update/bin/../lib/gcc/arm-none-eabi/9.3.1/../../../../arm-none-eabi/lib/thumb/v7-m/nofp/libc_nano.a(lib_a-findfp.o)
                0x0000000008007df4                __sf_fake_stdin
 .rodata.__sf_fake_stdout
                0x0000000008007e14       0x20 /home/yhf/toolchains/gcc-arm-none-eabi-9-2020-q2-update/bin/../lib/gcc/arm-none-eabi/9.3.1/../../../../arm-none-eabi/lib/thumb/v7-m/nofp/libc_nano.a(lib_a-findfp.o)
                0x0000000008007e14                __sf_fake_stdout
 .rodata._vfprintf_r.str1.1
                0x0000000008007e34       0x11 /home/yhf/toolchains/gcc-arm-none-eabi-9-2020-q2-update/bin/../lib/gcc/arm-none-eabi/9.3.1/../../../../arm-none-eabi/lib/thumb/v7-m/nofp/libc_nano.a(lib_a-nano-vfprintf.o)
                0x0000000008007e48                . = ALIGN (0x4)

.rel.dyn        0x0000000008007e34        0x0
 .rel.iplt      0x0000000008007e34        0x0 /home/yhf/toolchains/gcc-arm-none-eabi-9-2020-q2-update/bin/../lib/gcc/arm-none-eabi/9.3.1/thumb/v7-m/nofp/crtbegin.o

.ARM.extab
 *(.ARM.extab* .gnu.linkonce.armextab.*)

.ARM            0x0000000008007e34        0x0
                0x0000000008007e34                __exidx_start = .
 *(.ARM.exidx*)
                0x0000000008007e34                __exidx_end = .

.preinit_array  0x0000000008007e34        0x0
                0x0000000008007e34                PROVIDE (__preinit_array_start = .)
 *(.preinit_array*)
                0x0000000008007e34                PROVIDE (__preinit_array_end = .)

.init_array     0x0000000008007e34        0x4
                0x0000000008007e34                PROVIDE (__init_array_start = .)
 *(SORT_BY_NAME(.init_array.*))
 *(.init_array*)
 .init_array    0x0000000008007e34        0x4 /home/yhf/toolchains/gcc-arm-none-eabi-9-2020-q2-update/bin/../lib/gcc/arm-none-eabi/9.3.1/thumb/v7-m/nofp/crtbegin.o
                0x0000000008007e38                PROVIDE (__init_array_end = .)

.fini_array     0x0000000008007e38        0x4
                [!provide]                        PROVIDE (__fini_array_start = .)
 *(SORT_BY_NAME(.fini_array.*))
 *(.fini_array*)
 .fini_array    0x0000000008007e38        0x4 /home/yhf/toolchains/gcc-arm-none-eabi-9-2020-q2-update/bin/../lib/gcc/arm-none-eabi/9.3.1/thumb/v7-m/nofp/crtbegin.o
                [!provide]                        PROVIDE (__fini_array_end = .)
                0x0000000008007e3c                _sidata = LOADADDR (.data)

.data           0x0000000020000000      0x1fc load address 0x0000000008007e3c
                0x0000000020000000                . = ALIGN (0x4)
                0x0000000020000000                _sdata = .
 *(.data)
 *(.data*)
 .data.ZL_Set_Time
                0x0000000020000000        0xc build/main.o
                0x0000000020000000                ZL_Set_Time
 .data.SystemCoreClock
                0x000000002000000c        0x4 build/system_stm32f1xx.o
                0x000000002000000c                SystemCoreClock
 .data.POINT_COLOR
                0x0000000020000010        0x1 build/lcd.o
                0x0000000020000010                POINT_COLOR
 *fill*         0x0000000020000011        0x3 
 .data.global_hooks
                0x0000000020000014        0xc build/cJSON.o
 .data.uwTickFreq
                0x0000000020000020        0x1 build/stm32f1xx_hal.o
                0x0000000020000020                uwTickFreq
 *fill*         0x0000000020000021        0x3 
 .data.uwTickPrio
                0x0000000020000024        0x4 build/stm32f1xx_hal.o
                0x0000000020000024                uwTickPrio
 .data._impure_ptr
                0x0000000020000028        0x4 /home/yhf/toolchains/gcc-arm-none-eabi-9-2020-q2-update/bin/../lib/gcc/arm-none-eabi/9.3.1/../../../../arm-none-eabi/lib/thumb/v7-m/nofp/libc_nano.a(lib_a-impure.o)
                0x0000000020000028                _impure_ptr
 .data.impure_data
                0x000000002000002c       0x60 /home/yhf/toolchains/gcc-arm-none-eabi-9-2020-q2-update/bin/../lib/gcc/arm-none-eabi/9.3.1/../../../../arm-none-eabi/lib/thumb/v7-m/nofp/libc_nano.a(lib_a-impure.o)
 .data.numempty
                0x000000002000008c        0x2 /home/yhf/toolchains/gcc-arm-none-eabi-9-2020-q2-update/bin/../lib/gcc/arm-none-eabi/9.3.1/../../../../arm-none-eabi/lib/thumb/v7-m/nofp/libc_nano.a(lib_a-lnumeric.o)
 *fill*         0x000000002000008e        0x2 
 .data.__global_locale
                0x0000000020000090      0x16c /home/yhf/toolchains/gcc-arm-none-eabi-9-2020-q2-update/bin/../lib/gcc/arm-none-eabi/9.3.1/../../../../arm-none-eabi/lib/thumb/v7-m/nofp/libc_nano.a(lib_a-locale.o)
                0x0000000020000090                __global_locale
                0x00000000200001fc                . = ALIGN (0x4)
                0x00000000200001fc                _edata = .

.igot.plt       0x00000000200001fc        0x0 load address 0x0000000008008038
 .igot.plt      0x00000000200001fc        0x0 /home/yhf/toolchains/gcc-arm-none-eabi-9-2020-q2-update/bin/../lib/gcc/arm-none-eabi/9.3.1/thumb/v7-m/nofp/crtbegin.o
                0x00000000200001fc                . = ALIGN (0x4)

.bss            0x00000000200001fc      0x3d8 load address 0x0000000008008038
                0x00000000200001fc                _sbss = .
                0x00000000200001fc                __bss_start__ = _sbss
 *(.bss)
 .bss           0x00000000200001fc       0x1c /home/yhf/toolchains/gcc-arm-none-eabi-9-2020-q2-update/bin/../lib/gcc/arm-none-eabi/9.3.1/thumb/v7-m/nofp/crtbegin.o
 *(.bss*)
 .bss.row.9337  0x0000000020000218        0x1 build/main.o
 .bss.status    0x0000000020000219        0x1 build/main.o
 .bss.BACK_COLOR
                0x000000002000021a        0x1 build/lcd.o
                0x000000002000021a                BACK_COLOR
 *fill*         0x000000002000021b        0x1 
 .bss.global_error
                0x000000002000021c        0x8 build/cJSON.o
 .bss.__malloc_free_list
                0x0000000020000224        0x4 /home/yhf/toolchains/gcc-arm-none-eabi-9-2020-q2-update/bin/../lib/gcc/arm-none-eabi/9.3.1/../../../../arm-none-eabi/lib/thumb/v7-m/nofp/libc_nano.a(lib_a-nano-mallocr.o)
                0x0000000020000224                __malloc_free_list
 .bss.__malloc_sbrk_start
                0x0000000020000228        0x4 /home/yhf/toolchains/gcc-arm-none-eabi-9-2020-q2-update/bin/../lib/gcc/arm-none-eabi/9.3.1/../../../../arm-none-eabi/lib/thumb/v7-m/nofp/libc_nano.a(lib_a-nano-mallocr.o)
                0x0000000020000228                __malloc_sbrk_start
 .bss.heap_end.4144
                0x000000002000022c        0x4 /home/yhf/toolchains/gcc-arm-none-eabi-9-2020-q2-update/bin/../lib/gcc/arm-none-eabi/9.3.1/../../../../arm-none-eabi/lib/thumb/v7-m/nofp/libnosys.a(sbrk.o)
 *(COMMON)
 COMMON         0x0000000020000230       0x10 build/main.o
                0x0000000020000230                current_data
                0x0000000020000234                uart1_data
                0x0000000020000238                cur_mode
                0x000000002000023c                time_data
 COMMON         0x0000000020000240       0x40 build/tim.o
                0x0000000020000240                htim3
 COMMON         0x0000000020000280       0x40 build/usart.o
                0x0000000020000280                huart1
 COMMON         0x00000000200002c0      0x2d6 build/lcd.o
                0x00000000200002c0                lcdbuf
                0x00000000200004c4                rollctrl
 *fill*         0x0000000020000596        0x2 
 COMMON         0x0000000020000598       0x1c build/rtc.o
                0x0000000020000598                RTC_TimeStruct
                0x000000002000059c                hRTC
                0x00000000200005b0                RTC_DateStruct
 COMMON         0x00000000200005b4        0xc build/iwdg.o
                0x00000000200005b4                hiwdg
 COMMON         0x00000000200005c0        0x4 build/stm32f1xx_hal.o
                0x00000000200005c0                uwTick
 COMMON         0x00000000200005c4        0x4 /home/yhf/toolchains/gcc-arm-none-eabi-9-2020-q2-update/bin/../lib/gcc/arm-none-eabi/9.3.1/../../../../arm-none-eabi/lib/thumb/v7-m/nofp/libc_nano.a(lib_a-reent.o)
                0x00000000200005c4                errno
 COMMON         0x00000000200005c8        0x9 /home/yhf/toolchains/gcc-arm-none-eabi-9-2020-q2-update/bin/../lib/gcc/arm-none-eabi/9.3.1/../../../../arm-none-eabi/lib/thumb/v7-m/nofp/libc_nano.a(lib_a-lock.o)
                0x00000000200005c8                __lock___atexit_recursive_mutex
                0x00000000200005c9                __lock___arc4random_mutex
                0x00000000200005ca                __lock___env_recursive_mutex
                0x00000000200005cb                __lock___sinit_recursive_mutex
                0x00000000200005cc                __lock___malloc_recursive_mutex
                0x00000000200005cd                __lock___at_quick_exit_mutex
                0x00000000200005ce                __lock___dd_hash_mutex
                0x00000000200005cf                __lock___tz_mutex
                0x00000000200005d0                __lock___sfp_recursive_mutex
                0x00000000200005d4                . = ALIGN (0x4)
 *fill*         0x00000000200005d1        0x3 
                0x00000000200005d4                _ebss = .
                0x00000000200005d4                __bss_end__ = _ebss

._user_heap_stack
                0x00000000200005d4      0x604 load address 0x0000000008008038
                0x00000000200005d8                . = ALIGN (0x8)
 *fill*         0x00000000200005d4        0x4 
                0x00000000200005d8                PROVIDE (end = .)
                [!provide]                        PROVIDE (_end = .)
                0x00000000200007d8                . = (. + _Min_Heap_Size)
 *fill*         0x00000000200005d8      0x200 
                0x0000000020000bd8                . = (. + _Min_Stack_Size)
 *fill*         0x00000000200007d8      0x400 
                0x0000000020000bd8                . = ALIGN (0x8)

/DISCARD/
 libc.a(*)
 libm.a(*)
 libgcc.a(*)

.ARM.attributes
                0x0000000000000000       0x29
 *(.ARM.attributes)
 .ARM.attributes
                0x0000000000000000       0x1d /home/yhf/toolchains/gcc-arm-none-eabi-9-2020-q2-update/bin/../lib/gcc/arm-none-eabi/9.3.1/thumb/v7-m/nofp/crti.o
 .ARM.attributes
                0x000000000000001d       0x2d /home/yhf/toolchains/gcc-arm-none-eabi-9-2020-q2-update/bin/../lib/gcc/arm-none-eabi/9.3.1/thumb/v7-m/nofp/crtbegin.o
 .ARM.attributes
                0x000000000000004a       0x2d build/main.o
 .ARM.attributes
                0x0000000000000077       0x2d build/stm32f1xx_it.o
 .ARM.attributes
                0x00000000000000a4       0x2d build/stm32f1xx_hal_msp.o
 .ARM.attributes
                0x00000000000000d1       0x2d build/system_stm32f1xx.o
 .ARM.attributes
                0x00000000000000fe       0x2d build/gpio.o
 .ARM.attributes
                0x000000000000012b       0x2d build/tim.o
 .ARM.attributes
                0x0000000000000158       0x2d build/usart.o
 .ARM.attributes
                0x0000000000000185       0x2d build/lcd.o
 .ARM.attributes
                0x00000000000001b2       0x2d build/rtc.o
 .ARM.attributes
                0x00000000000001df       0x2d build/iwdg.o
 .ARM.attributes
                0x000000000000020c       0x2d build/cJSON.o
 .ARM.attributes
                0x0000000000000239       0x2d build/stm32f1xx_hal_iwdg.o
 .ARM.attributes
                0x0000000000000266       0x2d build/stm32f1xx_hal_rtc.o
 .ARM.attributes
                0x0000000000000293       0x2d build/stm32f1xx_hal_rtc_ex.o
 .ARM.attributes
                0x00000000000002c0       0x2d build/stm32f1xx_hal_tim.o
 .ARM.attributes
                0x00000000000002ed       0x2d build/stm32f1xx_hal_tim_ex.o
 .ARM.attributes
                0x000000000000031a       0x2d build/stm32f1xx_hal_uart.o
 .ARM.attributes
                0x0000000000000347       0x2d build/stm32f1xx_hal.o
 .ARM.attributes
                0x0000000000000374       0x2d build/stm32f1xx_hal_rcc.o
 .ARM.attributes
                0x00000000000003a1       0x2d build/stm32f1xx_hal_rcc_ex.o
 .ARM.attributes
                0x00000000000003ce       0x2d build/stm32f1xx_hal_gpio.o
 .ARM.attributes
                0x00000000000003fb       0x2d build/stm32f1xx_hal_dma.o
 .ARM.attributes
                0x0000000000000428       0x2d build/stm32f1xx_hal_cortex.o
 .ARM.attributes
                0x0000000000000455       0x2d build/stm32f1xx_hal_pwr.o
 .ARM.attributes
                0x0000000000000482       0x2d build/stm32f1xx_ll_gpio.o
 .ARM.attributes
                0x00000000000004af       0x21 build/startup_stm32f103xb.o
 .ARM.attributes
                0x00000000000004d0       0x2d /home/yhf/toolchains/gcc-arm-none-eabi-9-2020-q2-update/bin/../lib/gcc/arm-none-eabi/9.3.1/../../../../arm-none-eabi/lib/thumb/v7-m/nofp/libc_nano.a(lib_a-ctype_.o)
 .ARM.attributes
                0x00000000000004fd       0x2d /home/yhf/toolchains/gcc-arm-none-eabi-9-2020-q2-update/bin/../lib/gcc/arm-none-eabi/9.3.1/../../../../arm-none-eabi/lib/thumb/v7-m/nofp/libc_nano.a(lib_a-impure.o)
 .ARM.attributes
                0x000000000000052a       0x2d /home/yhf/toolchains/gcc-arm-none-eabi-9-2020-q2-update/bin/../lib/gcc/arm-none-eabi/9.3.1/../../../../arm-none-eabi/lib/thumb/v7-m/nofp/libc_nano.a(lib_a-init.o)
 .ARM.attributes
                0x0000000000000557       0x2d /home/yhf/toolchains/gcc-arm-none-eabi-9-2020-q2-update/bin/../lib/gcc/arm-none-eabi/9.3.1/../../../../arm-none-eabi/lib/thumb/v7-m/nofp/libc_nano.a(lib_a-malloc.o)
 .ARM.attributes
                0x0000000000000584       0x2d /home/yhf/toolchains/gcc-arm-none-eabi-9-2020-q2-update/bin/../lib/gcc/arm-none-eabi/9.3.1/../../../../arm-none-eabi/lib/thumb/v7-m/nofp/libc_nano.a(lib_a-memcpy-stub.o)
 .ARM.attributes
                0x00000000000005b1       0x2d /home/yhf/toolchains/gcc-arm-none-eabi-9-2020-q2-update/bin/../lib/gcc/arm-none-eabi/9.3.1/../../../../arm-none-eabi/lib/thumb/v7-m/nofp/libc_nano.a(lib_a-memset.o)
 .ARM.attributes
                0x00000000000005de       0x2d /home/yhf/toolchains/gcc-arm-none-eabi-9-2020-q2-update/bin/../lib/gcc/arm-none-eabi/9.3.1/../../../../arm-none-eabi/lib/thumb/v7-m/nofp/libc_nano.a(lib_a-nano-freer.o)
 .ARM.attributes
                0x000000000000060b       0x2d /home/yhf/toolchains/gcc-arm-none-eabi-9-2020-q2-update/bin/../lib/gcc/arm-none-eabi/9.3.1/../../../../arm-none-eabi/lib/thumb/v7-m/nofp/libc_nano.a(lib_a-nano-mallocr.o)
 .ARM.attributes
                0x0000000000000638       0x2d /home/yhf/toolchains/gcc-arm-none-eabi-9-2020-q2-update/bin/../lib/gcc/arm-none-eabi/9.3.1/../../../../arm-none-eabi/lib/thumb/v7-m/nofp/libc_nano.a(lib_a-realloc.o)
 .ARM.attributes
                0x0000000000000665       0x2d /home/yhf/toolchains/gcc-arm-none-eabi-9-2020-q2-update/bin/../lib/gcc/arm-none-eabi/9.3.1/../../../../arm-none-eabi/lib/thumb/v7-m/nofp/libc_nano.a(lib_a-sbrkr.o)
 .ARM.attributes
                0x0000000000000692       0x2d /home/yhf/toolchains/gcc-arm-none-eabi-9-2020-q2-update/bin/../lib/gcc/arm-none-eabi/9.3.1/../../../../arm-none-eabi/lib/thumb/v7-m/nofp/libc_nano.a(lib_a-sprintf.o)
 .ARM.attributes
                0x00000000000006bf       0x2d /home/yhf/toolchains/gcc-arm-none-eabi-9-2020-q2-update/bin/../lib/gcc/arm-none-eabi/9.3.1/../../../../arm-none-eabi/lib/thumb/v7-m/nofp/libc_nano.a(lib_a-stdio.o)
 .ARM.attributes
                0x00000000000006ec       0x1b /home/yhf/toolchains/gcc-arm-none-eabi-9-2020-q2-update/bin/../lib/gcc/arm-none-eabi/9.3.1/../../../../arm-none-eabi/lib/thumb/v7-m/nofp/libc_nano.a(lib_a-strcmp.o)
 .ARM.attributes
                0x0000000000000707       0x17 /home/yhf/toolchains/gcc-arm-none-eabi-9-2020-q2-update/bin/../lib/gcc/arm-none-eabi/9.3.1/../../../../arm-none-eabi/lib/thumb/v7-m/nofp/libc_nano.a(lib_a-strlen.o)
 .ARM.attributes
                0x000000000000071e       0x2d /home/yhf/toolchains/gcc-arm-none-eabi-9-2020-q2-update/bin/../lib/gcc/arm-none-eabi/9.3.1/../../../../arm-none-eabi/lib/thumb/v7-m/nofp/libc_nano.a(lib_a-strncmp.o)
 .ARM.attributes
                0x000000000000074b       0x2d /home/yhf/toolchains/gcc-arm-none-eabi-9-2020-q2-update/bin/../lib/gcc/arm-none-eabi/9.3.1/../../../../arm-none-eabi/lib/thumb/v7-m/nofp/libc_nano.a(lib_a-strtod.o)
 .ARM.attributes
                0x0000000000000778       0x2d /home/yhf/toolchains/gcc-arm-none-eabi-9-2020-q2-update/bin/../lib/gcc/arm-none-eabi/9.3.1/../../../../arm-none-eabi/lib/thumb/v7-m/nofp/libc_nano.a(lib_a-writer.o)
 .ARM.attributes
                0x00000000000007a5       0x2d /home/yhf/toolchains/gcc-arm-none-eabi-9-2020-q2-update/bin/../lib/gcc/arm-none-eabi/9.3.1/../../../../arm-none-eabi/lib/thumb/v7-m/nofp/libc_nano.a(lib_a-closer.o)
 .ARM.attributes
                0x00000000000007d2       0x2d /home/yhf/toolchains/gcc-arm-none-eabi-9-2020-q2-update/bin/../lib/gcc/arm-none-eabi/9.3.1/../../../../arm-none-eabi/lib/thumb/v7-m/nofp/libc_nano.a(lib_a-gdtoa-gethex.o)
 .ARM.attributes
                0x00000000000007ff       0x2d /home/yhf/toolchains/gcc-arm-none-eabi-9-2020-q2-update/bin/../lib/gcc/arm-none-eabi/9.3.1/../../../../arm-none-eabi/lib/thumb/v7-m/nofp/libc_nano.a(lib_a-gdtoa-hexnan.o)
 .ARM.attributes
                0x000000000000082c       0x2d /home/yhf/toolchains/gcc-arm-none-eabi-9-2020-q2-update/bin/../lib/gcc/arm-none-eabi/9.3.1/../../../../arm-none-eabi/lib/thumb/v7-m/nofp/libc_nano.a(lib_a-lnumeric.o)
 .ARM.attributes
                0x0000000000000859       0x2d /home/yhf/toolchains/gcc-arm-none-eabi-9-2020-q2-update/bin/../lib/gcc/arm-none-eabi/9.3.1/../../../../arm-none-eabi/lib/thumb/v7-m/nofp/libc_nano.a(lib_a-locale.o)
 .ARM.attributes
                0x0000000000000886       0x2d /home/yhf/toolchains/gcc-arm-none-eabi-9-2020-q2-update/bin/../lib/gcc/arm-none-eabi/9.3.1/../../../../arm-none-eabi/lib/thumb/v7-m/nofp/libc_nano.a(lib_a-lseekr.o)
 .ARM.attributes
                0x00000000000008b3       0x2d /home/yhf/toolchains/gcc-arm-none-eabi-9-2020-q2-update/bin/../lib/gcc/arm-none-eabi/9.3.1/../../../../arm-none-eabi/lib/thumb/v7-m/nofp/libc_nano.a(lib_a-mbtowc_r.o)
 .ARM.attributes
                0x00000000000008e0       0x2d /home/yhf/toolchains/gcc-arm-none-eabi-9-2020-q2-update/bin/../lib/gcc/arm-none-eabi/9.3.1/../../../../arm-none-eabi/lib/thumb/v7-m/nofp/libc_nano.a(lib_a-mlock.o)
 .ARM.attributes
                0x000000000000090d       0x2d /home/yhf/toolchains/gcc-arm-none-eabi-9-2020-q2-update/bin/../lib/gcc/arm-none-eabi/9.3.1/../../../../arm-none-eabi/lib/thumb/v7-m/nofp/libc_nano.a(lib_a-mprec.o)
 .ARM.attributes
                0x000000000000093a       0x2d /home/yhf/toolchains/gcc-arm-none-eabi-9-2020-q2-update/bin/../lib/gcc/arm-none-eabi/9.3.1/../../../../arm-none-eabi/lib/thumb/v7-m/nofp/libc_nano.a(lib_a-nano-callocr.o)
 .ARM.attributes
                0x0000000000000967       0x2d /home/yhf/toolchains/gcc-arm-none-eabi-9-2020-q2-update/bin/../lib/gcc/arm-none-eabi/9.3.1/../../../../arm-none-eabi/lib/thumb/v7-m/nofp/libc_nano.a(lib_a-nano-reallocr.o)
 .ARM.attributes
                0x0000000000000994       0x2d /home/yhf/toolchains/gcc-arm-none-eabi-9-2020-q2-update/bin/../lib/gcc/arm-none-eabi/9.3.1/../../../../arm-none-eabi/lib/thumb/v7-m/nofp/libc_nano.a(lib_a-nano-svfprintf.o)
 .ARM.attributes
                0x00000000000009c1       0x2d /home/yhf/toolchains/gcc-arm-none-eabi-9-2020-q2-update/bin/../lib/gcc/arm-none-eabi/9.3.1/../../../../arm-none-eabi/lib/thumb/v7-m/nofp/libc_nano.a(lib_a-nano-vfprintf_i.o)
 .ARM.attributes
                0x00000000000009ee       0x2d /home/yhf/toolchains/gcc-arm-none-eabi-9-2020-q2-update/bin/../lib/gcc/arm-none-eabi/9.3.1/../../../../arm-none-eabi/lib/thumb/v7-m/nofp/libc_nano.a(lib_a-readr.o)
 .ARM.attributes
                0x0000000000000a1b       0x2d /home/yhf/toolchains/gcc-arm-none-eabi-9-2020-q2-update/bin/../lib/gcc/arm-none-eabi/9.3.1/../../../../arm-none-eabi/lib/thumb/v7-m/nofp/libc_nano.a(lib_a-reent.o)
 .ARM.attributes
                0x0000000000000a48       0x2d /home/yhf/toolchains/gcc-arm-none-eabi-9-2020-q2-update/bin/../lib/gcc/arm-none-eabi/9.3.1/../../../../arm-none-eabi/lib/thumb/v7-m/nofp/libc_nano.a(lib_a-s_nan.o)
 .ARM.attributes
                0x0000000000000a75       0x2d /home/yhf/toolchains/gcc-arm-none-eabi-9-2020-q2-update/bin/../lib/gcc/arm-none-eabi/9.3.1/../../../../arm-none-eabi/lib/thumb/v7-m/nofp/libc_nano.a(lib_a-wctomb_r.o)
 .ARM.attributes
                0x0000000000000aa2       0x2d /home/yhf/toolchains/gcc-arm-none-eabi-9-2020-q2-update/bin/../lib/gcc/arm-none-eabi/9.3.1/../../../../arm-none-eabi/lib/thumb/v7-m/nofp/libc_nano.a(lib_a-assert.o)
 .ARM.attributes
                0x0000000000000acf       0x2d /home/yhf/toolchains/gcc-arm-none-eabi-9-2020-q2-update/bin/../lib/gcc/arm-none-eabi/9.3.1/../../../../arm-none-eabi/lib/thumb/v7-m/nofp/libc_nano.a(lib_a-fflush.o)
 .ARM.attributes
                0x0000000000000afc       0x2d /home/yhf/toolchains/gcc-arm-none-eabi-9-2020-q2-update/bin/../lib/gcc/arm-none-eabi/9.3.1/../../../../arm-none-eabi/lib/thumb/v7-m/nofp/libc_nano.a(lib_a-findfp.o)
 .ARM.attributes
                0x0000000000000b29       0x2d /home/yhf/toolchains/gcc-arm-none-eabi-9-2020-q2-update/bin/../lib/gcc/arm-none-eabi/9.3.1/../../../../arm-none-eabi/lib/thumb/v7-m/nofp/libc_nano.a(lib_a-fprintf.o)
 .ARM.attributes
                0x0000000000000b56       0x2d /home/yhf/toolchains/gcc-arm-none-eabi-9-2020-q2-update/bin/../lib/gcc/arm-none-eabi/9.3.1/../../../../arm-none-eabi/lib/thumb/v7-m/nofp/libc_nano.a(lib_a-fwalk.o)
 .ARM.attributes
                0x0000000000000b83       0x2d /home/yhf/toolchains/gcc-arm-none-eabi-9-2020-q2-update/bin/../lib/gcc/arm-none-eabi/9.3.1/../../../../arm-none-eabi/lib/thumb/v7-m/nofp/libc_nano.a(lib_a-lock.o)
 .ARM.attributes
                0x0000000000000bb0       0x2d /home/yhf/toolchains/gcc-arm-none-eabi-9-2020-q2-update/bin/../lib/gcc/arm-none-eabi/9.3.1/../../../../arm-none-eabi/lib/thumb/v7-m/nofp/libc_nano.a(lib_a-memchr-stub.o)
 .ARM.attributes
                0x0000000000000bdd       0x2d /home/yhf/toolchains/gcc-arm-none-eabi-9-2020-q2-update/bin/../lib/gcc/arm-none-eabi/9.3.1/../../../../arm-none-eabi/lib/thumb/v7-m/nofp/libc_nano.a(lib_a-memmove.o)
 .ARM.attributes
                0x0000000000000c0a       0x2d /home/yhf/toolchains/gcc-arm-none-eabi-9-2020-q2-update/bin/../lib/gcc/arm-none-eabi/9.3.1/../../../../arm-none-eabi/lib/thumb/v7-m/nofp/libc_nano.a(lib_a-nano-msizer.o)
 .ARM.attributes
                0x0000000000000c37       0x2d /home/yhf/toolchains/gcc-arm-none-eabi-9-2020-q2-update/bin/../lib/gcc/arm-none-eabi/9.3.1/../../../../arm-none-eabi/lib/thumb/v7-m/nofp/libc_nano.a(lib_a-nano-vfprintf.o)
 .ARM.attributes
                0x0000000000000c64       0x2d /home/yhf/toolchains/gcc-arm-none-eabi-9-2020-q2-update/bin/../lib/gcc/arm-none-eabi/9.3.1/../../../../arm-none-eabi/lib/thumb/v7-m/nofp/libc_nano.a(lib_a-wbuf.o)
 .ARM.attributes
                0x0000000000000c91       0x2d /home/yhf/toolchains/gcc-arm-none-eabi-9-2020-q2-update/bin/../lib/gcc/arm-none-eabi/9.3.1/../../../../arm-none-eabi/lib/thumb/v7-m/nofp/libc_nano.a(lib_a-wsetup.o)
 .ARM.attributes
                0x0000000000000cbe       0x2d /home/yhf/toolchains/gcc-arm-none-eabi-9-2020-q2-update/bin/../lib/gcc/arm-none-eabi/9.3.1/../../../../arm-none-eabi/lib/thumb/v7-m/nofp/libc_nano.a(lib_a-abort.o)
 .ARM.attributes
                0x0000000000000ceb       0x2d /home/yhf/toolchains/gcc-arm-none-eabi-9-2020-q2-update/bin/../lib/gcc/arm-none-eabi/9.3.1/../../../../arm-none-eabi/lib/thumb/v7-m/nofp/libc_nano.a(lib_a-makebuf.o)
 .ARM.attributes
                0x0000000000000d18       0x2d /home/yhf/toolchains/gcc-arm-none-eabi-9-2020-q2-update/bin/../lib/gcc/arm-none-eabi/9.3.1/../../../../arm-none-eabi/lib/thumb/v7-m/nofp/libc_nano.a(lib_a-signal.o)
 .ARM.attributes
                0x0000000000000d45       0x2d /home/yhf/toolchains/gcc-arm-none-eabi-9-2020-q2-update/bin/../lib/gcc/arm-none-eabi/9.3.1/../../../../arm-none-eabi/lib/thumb/v7-m/nofp/libc_nano.a(lib_a-signalr.o)
 .ARM.attributes
                0x0000000000000d72       0x2d /home/yhf/toolchains/gcc-arm-none-eabi-9-2020-q2-update/bin/../lib/gcc/arm-none-eabi/9.3.1/../../../../arm-none-eabi/lib/thumb/v7-m/nofp/libc_nano.a(lib_a-fstatr.o)
 .ARM.attributes
                0x0000000000000d9f       0x2d /home/yhf/toolchains/gcc-arm-none-eabi-9-2020-q2-update/bin/../lib/gcc/arm-none-eabi/9.3.1/../../../../arm-none-eabi/lib/thumb/v7-m/nofp/libc_nano.a(lib_a-isattyr.o)
 .ARM.attributes
                0x0000000000000dcc       0x2d /home/yhf/toolchains/gcc-arm-none-eabi-9-2020-q2-update/bin/../lib/gcc/arm-none-eabi/9.3.1/../../../../arm-none-eabi/lib/thumb/v7-m/nofp/libnosys.a(close.o)
 .ARM.attributes
                0x0000000000000df9       0x2d /home/yhf/toolchains/gcc-arm-none-eabi-9-2020-q2-update/bin/../lib/gcc/arm-none-eabi/9.3.1/../../../../arm-none-eabi/lib/thumb/v7-m/nofp/libnosys.a(fstat.o)
 .ARM.attributes
                0x0000000000000e26       0x2d /home/yhf/toolchains/gcc-arm-none-eabi-9-2020-q2-update/bin/../lib/gcc/arm-none-eabi/9.3.1/../../../../arm-none-eabi/lib/thumb/v7-m/nofp/libnosys.a(getpid.o)
 .ARM.attributes
                0x0000000000000e53       0x2d /home/yhf/toolchains/gcc-arm-none-eabi-9-2020-q2-update/bin/../lib/gcc/arm-none-eabi/9.3.1/../../../../arm-none-eabi/lib/thumb/v7-m/nofp/libnosys.a(isatty.o)
 .ARM.attributes
                0x0000000000000e80       0x2d /home/yhf/toolchains/gcc-arm-none-eabi-9-2020-q2-update/bin/../lib/gcc/arm-none-eabi/9.3.1/../../../../arm-none-eabi/lib/thumb/v7-m/nofp/libnosys.a(kill.o)
 .ARM.attributes
                0x0000000000000ead       0x2d /home/yhf/toolchains/gcc-arm-none-eabi-9-2020-q2-update/bin/../lib/gcc/arm-none-eabi/9.3.1/../../../../arm-none-eabi/lib/thumb/v7-m/nofp/libnosys.a(lseek.o)
 .ARM.attributes
                0x0000000000000eda       0x2d /home/yhf/toolchains/gcc-arm-none-eabi-9-2020-q2-update/bin/../lib/gcc/arm-none-eabi/9.3.1/../../../../arm-none-eabi/lib/thumb/v7-m/nofp/libnosys.a(read.o)
 .ARM.attributes
                0x0000000000000f07       0x2d /home/yhf/toolchains/gcc-arm-none-eabi-9-2020-q2-update/bin/../lib/gcc/arm-none-eabi/9.3.1/../../../../arm-none-eabi/lib/thumb/v7-m/nofp/libnosys.a(sbrk.o)
 .ARM.attributes
                0x0000000000000f34       0x2d /home/yhf/toolchains/gcc-arm-none-eabi-9-2020-q2-update/bin/../lib/gcc/arm-none-eabi/9.3.1/../../../../arm-none-eabi/lib/thumb/v7-m/nofp/libnosys.a(write.o)
 .ARM.attributes
                0x0000000000000f61       0x2d /home/yhf/toolchains/gcc-arm-none-eabi-9-2020-q2-update/bin/../lib/gcc/arm-none-eabi/9.3.1/../../../../arm-none-eabi/lib/thumb/v7-m/nofp/libnosys.a(_exit.o)
 .ARM.attributes
                0x0000000000000f8e       0x1d /home/yhf/toolchains/gcc-arm-none-eabi-9-2020-q2-update/bin/../lib/gcc/arm-none-eabi/9.3.1/thumb/v7-m/nofp/libgcc.a(_arm_addsubdf3.o)
 .ARM.attributes
                0x0000000000000fab       0x1d /home/yhf/toolchains/gcc-arm-none-eabi-9-2020-q2-update/bin/../lib/gcc/arm-none-eabi/9.3.1/thumb/v7-m/nofp/libgcc.a(_arm_muldivdf3.o)
 .ARM.attributes
                0x0000000000000fc8       0x1d /home/yhf/toolchains/gcc-arm-none-eabi-9-2020-q2-update/bin/../lib/gcc/arm-none-eabi/9.3.1/thumb/v7-m/nofp/libgcc.a(_arm_cmpdf2.o)
 .ARM.attributes
                0x0000000000000fe5       0x1d /home/yhf/toolchains/gcc-arm-none-eabi-9-2020-q2-update/bin/../lib/gcc/arm-none-eabi/9.3.1/thumb/v7-m/nofp/libgcc.a(_arm_fixdfsi.o)
 .ARM.attributes
                0x0000000000001002       0x1d /home/yhf/toolchains/gcc-arm-none-eabi-9-2020-q2-update/bin/../lib/gcc/arm-none-eabi/9.3.1/thumb/v7-m/nofp/libgcc.a(_arm_fixunsdfsi.o)
 .ARM.attributes