Archive member included to satisfy reference by file (symbol)

/home/yhf/toolchains/gcc-arm-none-eabi-9-2020-q2-update/bin/../lib/gcc/arm-none-eabi/9.3.1/../../../../arm-none-eabi/lib/thumb/v7-m/nofp/libc_nano.a(lib_a-ctype_.o)
                              build/cJSON.o (_ctype_)
/home/yhf/toolchains/gcc-arm-none-eabi-9-2020-q2-update/bin/../lib/gcc/arm-none-eabi/9.3.1/../../../../arm-none-eabi/lib/thumb/v7-m/nofp/libc_nano.a(lib_a-exit.o)
                              /home/yhf/toolchains/gcc-arm-none-eabi-9-2020-q2-update/bin/../lib/gcc/arm-none-eabi/9.3.1/../../../../arm-none-eabi/lib/thumb/v7-m/nofp/crt0.o (exit)
/home/yhf/toolchains/gcc-arm-none-eabi-9-2020-q2-update/bin/../lib/gcc/arm-none-eabi/9.3.1/../../../../arm-none-eabi/lib/thumb/v7-m/nofp/libc_nano.a(lib_a-impure.o)
                              /home/yhf/toolchains/gcc-arm-none-eabi-9-2020-q2-update/bin/../lib/gcc/arm-none-eabi/9.3.1/../../../../arm-none-eabi/lib/thumb/v7-m/nofp/libc_nano.a(lib_a-exit.o) (_global_impure_ptr)
/home/yhf/toolchains/gcc-arm-none-eabi-9-2020-q2-update/bin/../lib/gcc/arm-none-eabi/9.3.1/../../../../arm-none-eabi/lib/thumb/v7-m/nofp/libc_nano.a(lib_a-init.o)
                              /home/yhf/toolchains/gcc-arm-none-eabi-9-2020-q2-update/bin/../lib/gcc/arm-none-eabi/9.3.1/../../../../arm-none-eabi/lib/thumb/v7-m/nofp/crt0.o (__libc_init_array)
/home/yhf/toolchains/gcc-arm-none-eabi-9-2020-q2-update/bin/../lib/gcc/arm-none-eabi/9.3.1/../../../../arm-none-eabi/lib/thumb/v7-m/nofp/libc_nano.a(lib_a-malloc.o)
                              build/main.o (malloc)
/home/yhf/toolchains/gcc-arm-none-eabi-9-2020-q2-update/bin/../lib/gcc/arm-none-eabi/9.3.1/../../../../arm-none-eabi/lib/thumb/v7-m/nofp/libc_nano.a(lib_a-memcpy-stub.o)
                              build/cJSON.o (memcpy)
/home/yhf/toolchains/gcc-arm-none-eabi-9-2020-q2-update/bin/../lib/gcc/arm-none-eabi/9.3.1/../../../../arm-none-eabi/lib/thumb/v7-m/nofp/libc_nano.a(lib_a-memset.o)
                              /home/yhf/toolchains/gcc-arm-none-eabi-9-2020-q2-update/bin/../lib/gcc/arm-none-eabi/9.3.1/../../../../arm-none-eabi/lib/thumb/v7-m/nofp/crt0.o (memset)
/home/yhf/toolchains/gcc-arm-none-eabi-9-2020-q2-update/bin/../lib/gcc/arm-none-eabi/9.3.1/../../../../arm-none-eabi/lib/thumb/v7-m/nofp/libc_nano.a(lib_a-nano-freer.o)
                              /home/yhf/toolchains/gcc-arm-none-eabi-9-2020-q2-update/bin/../lib/gcc/arm-none-eabi/9.3.1/../../../../arm-none-eabi/lib/thumb/v7-m/nofp/libc_nano.a(lib_a-malloc.o) (_free_r)
/home/yhf/toolchains/gcc-arm-none-eabi-9-2020-q2-update/bin/../lib/gcc/arm-none-eabi/9.3.1/../../../../arm-none-eabi/lib/thumb/v7-m/nofp/libc_nano.a(lib_a-nano-mallocr.o)
                              /home/yhf/toolchains/gcc-arm-none-eabi-9-2020-q2-update/bin/../lib/gcc/arm-none-eabi/9.3.1/../../../../arm-none-eabi/lib/thumb/v7-m/nofp/libc_nano.a(lib_a-malloc.o) (_malloc_r)
/home/yhf/toolchains/gcc-arm-none-eabi-9-2020-q2-update/bin/../lib/gcc/arm-none-eabi/9.3.1/../../../../arm-none-eabi/lib/thumb/v7-m/nofp/libc_nano.a(lib_a-realloc.o)
                              build/cJSON.o (realloc)
/home/yhf/toolchains/gcc-arm-none-eabi-9-2020-q2-update/bin/../lib/gcc/arm-none-eabi/9.3.1/../../../../arm-none-eabi/lib/thumb/v7-m/nofp/libc_nano.a(lib_a-sbrkr.o)
                              /home/yhf/toolchains/gcc-arm-none-eabi-9-2020-q2-update/bin/../lib/gcc/arm-none-eabi/9.3.1/../../../../arm-none-eabi/lib/thumb/v7-m/nofp/libc_nano.a(lib_a-nano-mallocr.o) (_sbrk_r)
/home/yhf/toolchains/gcc-arm-none-eabi-9-2020-q2-update/bin/../lib/gcc/arm-none-eabi/9.3.1/../../../../arm-none-eabi/lib/thumb/v7-m/nofp/libc_nano.a(lib_a-sprintf.o)
                              build/main.o (sprintf)
/home/yhf/toolchains/gcc-arm-none-eabi-9-2020-q2-update/bin/../lib/gcc/arm-none-eabi/9.3.1/../../../../arm-none-eabi/lib/thumb/v7-m/nofp/libc_nano.a(lib_a-sscanf.o)
                              build/cJSON.o (sscanf)
/home/yhf/toolchains/gcc-arm-none-eabi-9-2020-q2-update/bin/../lib/gcc/arm-none-eabi/9.3.1/../../../../arm-none-eabi/lib/thumb/v7-m/nofp/libc_nano.a(lib_a-stdio.o)
                              /home/yhf/toolchains/gcc-arm-none-eabi-9-2020-q2-update/bin/../lib/gcc/arm-none-eabi/9.3.1/../../../../arm-none-eabi/lib/thumb/v7-m/nofp/libc_nano.a(lib_a-sscanf.o) (__seofread)
/home/yhf/toolchains/gcc-arm-none-eabi-9-2020-q2-update/bin/../lib/gcc/arm-none-eabi/9.3.1/../../../../arm-none-eabi/lib/thumb/v7-m/nofp/libc_nano.a(lib_a-strcmp.o)
                              build/cJSON.o (strcmp)
/home/yhf/toolchains/gcc-arm-none-eabi-9-2020-q2-update/bin/../lib/gcc/arm-none-eabi/9.3.1/../../../../arm-none-eabi/lib/thumb/v7-m/nofp/libc_nano.a(lib_a-strlen.o)
                              build/cJSON.o (strlen)
/home/yhf/toolchains/gcc-arm-none-eabi-9-2020-q2-update/bin/../lib/gcc/arm-none-eabi/9.3.1/../../../../arm-none-eabi/lib/thumb/v7-m/nofp/libc_nano.a(lib_a-strncmp.o)
                              build/cJSON.o (strncmp)
[...]
Memory Configuration

Name             Origin             Length             Attributes
RAM              0x0000000020000000 0x0000000000005000 xrw
FLASH            0x0000000008000000 0x0000000000010000 xr
*default*        0x0000000000000000 0xffffffffffffffff

Linker script and memory map

LOAD /home/yhf/toolchains/gcc-arm-none-eabi-9-2020-q2-update/bin/../lib/gcc/arm-none-eabi/9.3.1/thumb/v7-m/nofp/crti.o
LOAD /home/yhf/toolchains/gcc-arm-none-eabi-9-2020-q2-update/bin/../lib/gcc/arm-none-eabi/9.3.1/thumb/v7-m/nofp/crtbegin.o
LOAD /home/yhf/toolchains/gcc-arm-none-eabi-9-2020-q2-update/bin/../lib/gcc/arm-none-eabi/9.3.1/../../../../arm-none-eabi/lib/thumb/v7-m/nofp/crt0.o
LOAD build/main.o
LOAD build/stm32f1xx_it.o
LOAD build/stm32f1xx_hal_msp.o
LOAD build/system_stm32f1xx.o
LOAD build/gpio.o
LOAD build/tim.o
LOAD build/usart.o
LOAD build/lcd.o
LOAD build/rtc.o
LOAD build/iwdg.o
LOAD build/cJSON.o
LOAD build/stm32f1xx_hal_gpio_ex.o
LOAD build/stm32f1xx_hal_iwdg.o
LOAD build/stm32f1xx_hal_rtc.o
LOAD build/stm32f1xx_hal_rtc_ex.o
LOAD build/stm32f1xx_hal_tim.o
LOAD build/stm32f1xx_hal_tim_ex.o
LOAD build/stm32f1xx_hal_uart.o
LOAD build/stm32f1xx_hal.o
LOAD build/stm32f1xx_hal_rcc.o
LOAD build/stm32f1xx_hal_rcc_ex.o
LOAD build/stm32f1xx_hal_gpio.o
LOAD build/stm32f1xx_hal_dma.o
LOAD build/stm32f1xx_hal_cortex.o
LOAD build/stm32f1xx_hal_pwr.o
LOAD build/stm32f1xx_hal_flash.o
LOAD build/stm32f1xx_hal_flash_ex.o
LOAD build/stm32f1xx_ll_gpio.o
LOAD build/stm32f1xx_ll_rcc.o
LOAD build/stm32f1xx_ll_utils.o
LOAD build/stm32f1xx_ll_exti.o
LOAD build/startup_stm32f103xb.o
LOAD /home/yhf/toolchains/gcc-arm-none-eabi-9-2020-q2-update/bin/../lib/gcc/arm-none-eabi/9.3.1/../../../../arm-none-eabi/lib/thumb/v7-m/nofp/libc_nano.a
LOAD /home/yhf/toolchains/gcc-arm-none-eabi-9-2020-q2-update/bin/../lib/gcc/arm-none-eabi/9.3.1/../../../../arm-none-eabi/lib/thumb/v7-m/nofp/libm.a
LOAD /home/yhf/toolchains/gcc-arm-none-eabi-9-2020-q2-update/bin/../lib/gcc/arm-none-eabi/9.3.1/../../../../arm-none-eabi/lib/thumb/v7-m/nofp/libnosys.a
START GROUP
LOAD /home/yhf/toolchains/gcc-arm-none-eabi-9-2020-q2-update/bin/../lib/gcc/arm-none-eabi/9.3.1/thumb/v7-m/nofp/libgcc.a
LOAD /home/yhf/toolchains/gcc-arm-none-eabi-9-2020-q2-update/bin/../lib/gcc/arm-none-eabi/9.3.1/../../../../arm-none-eabi/lib/thumb/v7-m/nofp/libc_nano.a
END GROUP
START GROUP
LOAD /home/yhf/toolchains/gcc-arm-none-eabi-9-2020-q2-update/bin/../lib/gcc/arm-none-eabi/9.3.1/thumb/v7-m/nofp/libgcc.a
LOAD /home/yhf/toolchains/gcc-arm-none-eabi-9-2020-q2-update/bin/../lib/gcc/arm-none-eabi/9.3.1/../../../../arm-none-eabi/lib/thumb/v7-m/nofp/libc_nano.a
END GROUP
LOAD /home/yhf/toolchains/gcc-arm-none-eabi-9-2020-q2-update/bin/../lib/gcc/arm-none-eabi/9.3.1/thumb/v7-m/nofp/crtend.o
LOAD /home/yhf/toolchains/gcc-arm-none-eabi-9-2020-q2-update/bin/../lib/gcc/arm-none-eabi/9.3.1/thumb/v7-m/nofp/crtn.o
                0x0000000020005000                _estack = 0x20005000
                0x0000000000000200                _Min_Heap_Size = 0x200
                0x0000000000000400                _Min_Stack_Size = 0x400

.isr_vector     0x0000000008000000      0x10c
                0x0000000008000000                . = ALIGN (0x4)
 *(.isr_vector)
 .isr_vector    0x0000000008000000      0x10c build/startup_stm32f103xb.o
                0x0000000008000000                g_pfnVectors
                0x000000000800010c                . = ALIGN (0x4)

.text           0x0000000008000110     0x6b58
                0x0000000008000110                . = ALIGN (0x4)
 *(.text)
 .text          0x0000000008000110       0x40 /home/yhf/toolchains/gcc-arm-none-eabi-9-2020-q2-update/bin/../lib/gcc/arm-none-eabi/9.3.1/thumb/v7-m/nofp/crtbegin.o
 .text          0x0000000008000150       0x14 /home/yhf/toolchains/gcc-arm-none-eabi-9-2020-q2-update/bin/../lib/gcc/arm-none-eabi/9.3.1/../../../../arm-none-eabi/lib/thumb/v7-m/nofp/libc_nano.a(lib_a-strcmp.o)
                0x0000000008000150                strcmp
 .text          0x0000000008000164       0x10 /home/yhf/toolchains/gcc-arm-none-eabi-9-2020-q2-update/bin/../lib/gcc/arm-none-eabi/9.3.1/../../../../arm-none-eabi/lib/thumb/v7-m/nofp/libc_nano.a(lib_a-strlen.o)
                0x0000000008000164                strlen
 .text          0x0000000008000174      0x378 /home/yhf/toolchains/gcc-arm-none-eabi-9-2020-q2-update/bin/../lib/gcc/arm-none-eabi/9.3.1/thumb/v7-m/nofp/libgcc.a(_arm_addsubdf3.o)
                0x0000000008000174                __aeabi_drsub
                0x000000000800017c                __aeabi_dsub
                0x000000000800017c                __subdf3
                0x0000000008000180                __adddf3
                0x0000000008000180                __aeabi_dadd
                0x00000000080003f8                __aeabi_ui2d
                0x00000000080003f8                __floatunsidf
                0x0000000008000418                __floatsidf
                0x0000000008000418                __aeabi_i2d
                0x000000000800043c                __extendsfdf2
                0x000000000800043c                __aeabi_f2d
                0x0000000008000480                __aeabi_ul2d
                0x0000000008000480                __floatundidf
                0x0000000008000490                __floatdidf
                0x0000000008000490                __aeabi_l2d
 .text          0x00000000080004ec      0x424 /home/yhf/toolchains/gcc-arm-none-eabi-9-2020-q2-update/bin/../lib/gcc/arm-none-eabi/9.3.1/thumb/v7-m/nofp/libgcc.a(_arm_muldivdf3.o)
                0x00000000080004ec                __aeabi_dmul
                0x00000000080004ec                __muldf3
                0x0000000008000740                __aeabi_ddiv
                0x0000000008000740                __divdf3
 .text          0x0000000008000910      0x110 /home/yhf/toolchains/gcc-arm-none-eabi-9-2020-q2-update/bin/../lib/gcc/arm-none-eabi/9.3.1/thumb/v7-m/nofp/libgcc.a(_arm_cmpdf2.o)
                0x0000000008000910                __gtdf2
                0x0000000008000910                __gedf2
                0x0000000008000918                __ltdf2
                0x0000000008000918                __ledf2
                0x0000000008000920                __cmpdf2
                0x0000000008000920                __eqdf2
                0x0000000008000920                __nedf2
                0x000000000800099c                __aeabi_cdrcmple
                0x00000000080009ac                __aeabi_cdcmple
                0x00000000080009ac                __aeabi_cdcmpeq
                0x00000000080009bc                __aeabi_dcmpeq
                0x00000000080009d0                __aeabi_dcmplt
                0x00000000080009e4                __aeabi_dcmple
                0x00000000080009f8                __aeabi_dcmpge
                0x0000000008000a0c                __aeabi_dcmpgt
 .text          0x0000000008000a20       0x50 /home/yhf/toolchains/gcc-arm-none-eabi-9-2020-q2-update/bin/../lib/gcc/arm-none-eabi/9.3.1/thumb/v7-m/nofp/libgcc.a(_arm_fixdfsi.o)
                0x0000000008000a20                __fixdfsi
                0x0000000008000a20                __aeabi_d2iz
 .text          0x0000000008000a70       0x40 /home/yhf/toolchains/gcc-arm-none-eabi-9-2020-q2-update/bin/../lib/gcc/arm-none-eabi/9.3.1/thumb/v7-m/nofp/libgcc.a(_arm_fixunsdfsi.o)
                0x0000000008000a70                __fixunsdfsi
                0x0000000008000a70                __aeabi_d2uiz
 .text          0x0000000008000ab0       0x34 /home/yhf/toolchains/gcc-arm-none-eabi-9-2020-q2-update/bin/../lib/gcc/arm-none-eabi/9.3.1/thumb/v7-m/nofp/libgcc.a(_fixdfdi.o)
                0x0000000008000ab0                __aeabi_d2lz
                0x0000000008000ab0                __fixdfdi
 .text          0x0000000008000ae4       0x3c /home/yhf/toolchains/gcc-arm-none-eabi-9-2020-q2-update/bin/../lib/gcc/arm-none-eabi/9.3.1/thumb/v7-m/nofp/libgcc.a(_fixunsdfdi.o)
                0x0000000008000ae4                __aeabi_d2ulz
                0x0000000008000ae4                __fixunsdfdi
 *(.text*)
 .text.SystemClock_Config
                0x0000000008000b20       0x6a build/main.o
 .text.StrToInt
                0x0000000008000b8a       0x26 build/main.o
                0x0000000008000b8a                StrToInt
 .text.decode_time
                0x0000000008000bb0       0xf4 build/main.o
                0x0000000008000bb0                decode_time
 .text.main     0x0000000008000ca4      0x154 build/main.o
                0x0000000008000ca4                main
 .text.HAL_TIM_PeriodElapsedCallback
                0x0000000008000df8      0x130 build/main.o
                0x0000000008000df8                HAL_TIM_PeriodElapsedCallback
 .text.HAL_UART_RxCpltCallback
                0x0000000008000f28       0x8c build/main.o
                0x0000000008000f28                HAL_UART_RxCpltCallback
 .text.Error_Handler
                0x0000000008000fb4        0x2 build/main.o
                0x0000000008000fb4                Error_Handler
 .text.NMI_Handler
                0x0000000008000fb6        0x2 build/stm32f1xx_it.o
                0x0000000008000fb6                NMI_Handler
 .text.HardFault_Handler
                0x0000000008000fb8        0x2 build/stm32f1xx_it.o
                0x0000000008000fb8                HardFault_Handler
 .text.MemManage_Handler
                0x0000000008000fba        0x2 build/stm32f1xx_it.o
                0x0000000008000fba                MemManage_Handler
 .text.BusFault_Handler
                0x0000000008000fbc        0x2 build/stm32f1xx_it.o
                0x0000000008000fbc                BusFault_Handler
 .text.UsageFault_Handler
                0x0000000008000fbe        0x2 build/stm32f1xx_it.o
                0x0000000008000fbe                UsageFault_Handler
 .text.SVC_Handler
                0x0000000008000fc0        0x2 build/stm32f1xx_it.o
                0x0000000008000fc0                SVC_Handler
 .text.DebugMon_Handler
                0x0000000008000fc2        0x2 build/stm32f1xx_it.o
                0x0000000008000fc2                DebugMon_Handler
 .text.PendSV_Handler
                0x0000000008000fc4        0x2 build/stm32f1xx_it.o
                0x0000000008000fc4                PendSV_Handler
 .text.SysTick_Handler
                0x0000000008000fc6        0x8 build/stm32f1xx_it.o
                0x0000000008000fc6                SysTick_Handler
 *fill*         0x0000000008000fce        0x2 
 .text.TIM3_IRQHandler
                0x0000000008000fd0       0x10 build/stm32f1xx_it.o
                0x0000000008000fd0                TIM3_IRQHandler
 .text.USART1_IRQHandler
                0x0000000008000fe0       0x10 build/stm32f1xx_it.o
                0x0000000008000fe0                USART1_IRQHandler
 .text.RTC_IRQHandler
                0x0000000008000ff0       0x10 build/stm32f1xx_it.o
                0x0000000008000ff0                RTC_IRQHandler
 .text.HAL_MspInit
                0x0000000008001000       0x44 build/stm32f1xx_hal_msp.o
                0x0000000008001000                HAL_MspInit
 .text.SystemInit
                0x0000000008001044       0x4c build/system_stm32f1xx.o
                0x0000000008001044                SystemInit
 .text.MX_GPIO_Init
                0x0000000008001090       0x8c build/gpio.o
                0x0000000008001090                MX_GPIO_Init
 .text.MX_TIM3_Init
                0x000000000800111c       0x74 build/tim.o
                0x000000000800111c                MX_TIM3_Init
 .text.HAL_TIM_Base_MspInit
                0x0000000008001190       0x40 build/tim.o
                0x0000000008001190                HAL_TIM_Base_MspInit
 .text.MX_USART1_UART_Init
                0x00000000080011d0       0x34 build/usart.o
                0x00000000080011d0                MX_USART1_UART_Init
 .text.HAL_UART_MspInit
                0x0000000008001204       0x88 build/usart.o
                0x0000000008001204                HAL_UART_MspInit
 .text.LedMatrixInit
                0x000000000800128c       0x20 build/lcd.o
                0x000000000800128c                LedMatrixInit
 .text.LedMatrix_DrawPoint
                0x00000000080012ac       0xc0 build/lcd.o
                0x00000000080012ac                LedMatrix_DrawPoint
 .text.scanf_line
                0x000000000800136c       0x5c build/lcd.o
                0x000000000800136c                scanf_line
 .text.LedMatrix_ShowChar
                0x00000000080013c8       0xec build/lcd.o
                0x00000000080013c8                LedMatrix_ShowChar
 .text.LedMatrix_ShowString
                0x00000000080014b4       0x3c build/lcd.o
                0x00000000080014b4                LedMatrix_ShowString
 .text.ZL_RTC_writeCounter
                0x00000000080014f0       0x26 build/rtc.o
                0x00000000080014f0                ZL_RTC_writeCounter
 .text.ZL_RTC_ReadCounter
                0x0000000008001516        0xe build/rtc.o
                0x0000000008001516                ZL_RTC_ReadCounter
 .text.ZL_RTC_DateToSec
                0x0000000008001524       0xf0 build/rtc.o
                0x0000000008001524                ZL_RTC_DateToSec
 .text.ZL_RTC_SetTime
                0x0000000008001614       0x18 build/rtc.o
                0x0000000008001614                ZL_RTC_SetTime
 .text.ZL_RTC_Init
                0x000000000800162c       0xa0 build/rtc.o
                0x000000000800162c                ZL_RTC_Init
 .text.ZL_RTC_SecToDate
                0x00000000080016cc      0x128 build/rtc.o
                0x00000000080016cc                ZL_RTC_SecToDate
 .text.ZL_RTC_GetTime
                0x00000000080017f4       0x18 build/rtc.o
                0x00000000080017f4                ZL_RTC_GetTime
 .text.get_eng_week
                0x000000000800180c       0x2c build/rtc.o
                0x000000000800180c                get_eng_week
 .text.MX_IWDG_Init
                0x0000000008001838       0x28 build/iwdg.o
                0x0000000008001838                MX_IWDG_Init
 .text.case_insensitive_strcmp
                0x0000000008001860       0x58 build/cJSON.o
 .text.get_decimal_point
                0x00000000080018b8        0x4 build/cJSON.o
 .text.parse_hex4
                0x00000000080018bc       0x4c build/cJSON.o
 .text.utf16_literal_to_utf8
                0x0000000008001908       0xec build/cJSON.o
 .text.parse_string
                0x00000000080019f4      0x160 build/cJSON.o
 .text.buffer_skip_whitespace
                0x0000000008001b54       0x32 build/cJSON.o
 .text.cJSON_New_Item
                0x0000000008001b86       0x18 build/cJSON.o
 *fill*         0x0000000008001b9e        0x2 
 .text.skip_utf8_bom
                0x0000000008001ba0       0x38 build/cJSON.o
 .text.parse_number
                0x0000000008001bd8      0x164 build/cJSON.o
 .text.get_object_item
                0x0000000008001d3c       0x46 build/cJSON.o
 *fill*         0x0000000008001d82        0x2 
 .text.cJSON_Delete
                0x0000000008001d84       0x54 build/cJSON.o
                0x0000000008001d84                cJSON_Delete
 .text.parse_object
                0x0000000008001dd8      0x126 build/cJSON.o
 *fill*         0x0000000008001efe        0x2 
 .text.parse_value
                0x0000000008001f00      0x108 build/cJSON.o
 .text.parse_array
                0x0000000008002008       0xe6 build/cJSON.o
 *fill*         0x00000000080020ee        0x2 
 .text.cJSON_ParseWithOpts
                0x00000000080020f0       0xc8 build/cJSON.o
                0x00000000080020f0                cJSON_ParseWithOpts
 .text.cJSON_Parse
                0x00000000080021b8        0xc build/cJSON.o
                0x00000000080021b8                cJSON_Parse
 .text.cJSON_GetObjectItem
                0x00000000080021c4        0xa build/cJSON.o
                0x00000000080021c4                cJSON_GetObjectItem
 .text.HAL_IWDG_Init
                0x00000000080021ce       0x4a build/stm32f1xx_hal_iwdg.o
                0x00000000080021ce                HAL_IWDG_Init
 .text.HAL_IWDG_Refresh
                0x0000000008002218        0xc build/stm32f1xx_hal_iwdg.o
                0x0000000008002218                HAL_IWDG_Refresh
 .text.RTC_EnterInitMode
                0x0000000008002224       0x30 build/stm32f1xx_hal_rtc.o
 .text.RTC_ExitInitMode
                0x0000000008002254       0x32 build/stm32f1xx_hal_rtc.o
 .text.HAL_RTC_MspInit
                0x0000000008002286        0x2 build/stm32f1xx_hal_rtc.o
                0x0000000008002286                HAL_RTC_MspInit
 .text.HAL_RTC_WaitForSynchro
                0x0000000008002288       0x38 build/stm32f1xx_hal_rtc.o
                0x0000000008002288                HAL_RTC_WaitForSynchro
 .text.HAL_RTC_Init
                0x00000000080022c0       0xbc build/stm32f1xx_hal_rtc.o
                0x00000000080022c0                HAL_RTC_Init
 .text.HAL_RTCEx_RTCEventCallback
                0x000000000800237c        0x2 build/stm32f1xx_hal_rtc_ex.o
                0x000000000800237c                HAL_RTCEx_RTCEventCallback
 .text.HAL_RTCEx_RTCEventErrorCallback
                0x000000000800237e        0x2 build/stm32f1xx_hal_rtc_ex.o
                0x000000000800237e                HAL_RTCEx_RTCEventErrorCallback
 .text.HAL_RTCEx_RTCIRQHandler
                0x0000000008002380       0x44 build/stm32f1xx_hal_rtc_ex.o
                0x0000000008002380                HAL_RTCEx_RTCIRQHandler
 .text.HAL_RTCEx_BKUPWrite
                0x00000000080023c4       0x10 build/stm32f1xx_hal_rtc_ex.o
                0x00000000080023c4                HAL_RTCEx_BKUPWrite
 .text.HAL_RTCEx_BKUPRead
                0x00000000080023d4       0x10 build/stm32f1xx_hal_rtc_ex.o
                0x00000000080023d4                HAL_RTCEx_BKUPRead
 .text.TIM_TI1_ConfigInputStage
                0x00000000080023e4       0x24 build/stm32f1xx_hal_tim.o
 .text.TIM_TI2_ConfigInputStage
                0x0000000008002408       0x26 build/stm32f1xx_hal_tim.o
 .text.TIM_ITRx_SetConfig
                0x000000000800242e       0x10 build/stm32f1xx_hal_tim.o
 .text.TIM_ETR_SetConfig
                0x000000000800243e       0x16 build/stm32f1xx_hal_tim.o
 .text.HAL_TIM_Base_Start_IT
                0x0000000008002454       0x18 build/stm32f1xx_hal_tim.o
                0x0000000008002454                HAL_TIM_Base_Start_IT
 .text.HAL_TIM_Base_Stop_IT
                0x000000000800246c       0x2c build/stm32f1xx_hal_tim.o
                0x000000000800246c                HAL_TIM_Base_Stop_IT
 .text.HAL_TIM_ConfigClockSource
                0x0000000008002498      0x10a build/stm32f1xx_hal_tim.o
                0x0000000008002498                HAL_TIM_ConfigClockSource
 .text.HAL_TIM_OC_DelayElapsedCallback
                0x00000000080025a2        0x2 build/stm32f1xx_hal_tim.o
                0x00000000080025a2                HAL_TIM_OC_DelayElapsedCallback
 .text.HAL_TIM_IC_CaptureCallback
                0x00000000080025a4        0x2 build/stm32f1xx_hal_tim.o
                0x00000000080025a4                HAL_TIM_IC_CaptureCallback
 .text.HAL_TIM_PWM_PulseFinishedCallback
                0x00000000080025a6        0x2 build/stm32f1xx_hal_tim.o
                0x00000000080025a6                HAL_TIM_PWM_PulseFinishedCallback
 .text.HAL_TIM_TriggerCallback
                0x00000000080025a8        0x2 build/stm32f1xx_hal_tim.o
                0x00000000080025a8                HAL_TIM_TriggerCallback
 .text.HAL_TIM_IRQHandler
                0x00000000080025aa      0x17a build/stm32f1xx_hal_tim.o
                0x00000000080025aa                HAL_TIM_IRQHandler
 .text.TIM_Base_SetConfig
                0x0000000008002724       0x74 build/stm32f1xx_hal_tim.o
                0x0000000008002724                TIM_Base_SetConfig
 .text.HAL_TIM_Base_Init
                0x0000000008002798       0x34 build/stm32f1xx_hal_tim.o
                0x0000000008002798                HAL_TIM_Base_Init
 .text.HAL_TIMEx_MasterConfigSynchronization
                0x00000000080027cc       0x52 build/stm32f1xx_hal_tim_ex.o
                0x00000000080027cc                HAL_TIMEx_MasterConfigSynchronization
 .text.HAL_TIMEx_CommutationCallback
                0x000000000800281e        0x2 build/stm32f1xx_hal_tim_ex.o
                0x000000000800281e                HAL_TIMEx_CommutationCallback
 .text.HAL_TIMEx_BreakCallback
                0x0000000008002820        0x2 build/stm32f1xx_hal_tim_ex.o
                0x0000000008002820                HAL_TIMEx_BreakCallback
 .text.UART_EndRxTransfer
                0x0000000008002822       0x1c build/stm32f1xx_hal_uart.o
 .text.UART_Transmit_IT
                0x000000000800283e       0x66 build/stm32f1xx_hal_uart.o
 .text.UART_SetConfig
                0x00000000080028a4      0x1ac build/stm32f1xx_hal_uart.o
 .text.HAL_UART_Init
                0x0000000008002a50       0x5e build/stm32f1xx_hal_uart.o
                0x0000000008002a50                HAL_UART_Init
 .text.HAL_UART_Receive_IT
                0x0000000008002aae       0x5c build/stm32f1xx_hal_uart.o
                0x0000000008002aae                HAL_UART_Receive_IT
 .text.HAL_UART_TxCpltCallback
                0x0000000008002b0a        0x2 build/stm32f1xx_hal_uart.o
                0x0000000008002b0a                HAL_UART_TxCpltCallback
 .text.UART_EndTransmit_IT
                0x0000000008002b0c       0x1a build/stm32f1xx_hal_uart.o
 .text.UART_Receive_IT
                0x0000000008002b26       0x9e build/stm32f1xx_hal_uart.o
 .text.HAL_UART_ErrorCallback
                0x0000000008002bc4        0x2 build/stm32f1xx_hal_uart.o
                0x0000000008002bc4                HAL_UART_ErrorCallback
 *fill*         0x0000000008002bc6        0x2 
 .text.HAL_UART_IRQHandler
                0x0000000008002bc8      0x120 build/stm32f1xx_hal_uart.o
                0x0000000008002bc8                HAL_UART_IRQHandler
 .text.UART_DMAAbortOnError
                0x0000000008002ce8       0x10 build/stm32f1xx_hal_uart.o
 .text.HAL_InitTick
                0x0000000008002cf8       0x4c build/stm32f1xx_hal.o
                0x0000000008002cf8                HAL_InitTick
 .text.HAL_Init
                0x0000000008002d44       0x24 build/stm32f1xx_hal.o
                0x0000000008002d44                HAL_Init
 .text.HAL_IncTick
                0x0000000008002d68       0x18 build/stm32f1xx_hal.o
                0x0000000008002d68                HAL_IncTick
 .text.HAL_GetTick
                0x0000000008002d80        0xc build/stm32f1xx_hal.o
                0x0000000008002d80                HAL_GetTick
 .text.HAL_Delay
                0x0000000008002d8c       0x28 build/stm32f1xx_hal.o
                0x0000000008002d8c                HAL_Delay
 .text.RCC_Delay
                0x0000000008002db4       0x2c build/stm32f1xx_hal_rcc.o
 .text.HAL_RCC_OscConfig
                0x0000000008002de0      0x3e0 build/stm32f1xx_hal_rcc.o
                0x0000000008002de0                HAL_RCC_OscConfig
 .text.HAL_RCC_GetSysClockFreq
                0x00000000080031c0       0x6c build/stm32f1xx_hal_rcc.o
                0x00000000080031c0                HAL_RCC_GetSysClockFreq
 .text.HAL_RCC_ClockConfig
                0x000000000800322c      0x19c build/stm32f1xx_hal_rcc.o
                0x000000000800322c                HAL_RCC_ClockConfig
 .text.HAL_RCC_GetHCLKFreq
                0x00000000080033c8        0xc build/stm32f1xx_hal_rcc.o
                0x00000000080033c8                HAL_RCC_GetHCLKFreq
 .text.HAL_RCC_GetPCLK1Freq
                0x00000000080033d4       0x20 build/stm32f1xx_hal_rcc.o
                0x00000000080033d4                HAL_RCC_GetPCLK1Freq
 .text.HAL_RCC_GetPCLK2Freq
                0x00000000080033f4       0x20 build/stm32f1xx_hal_rcc.o
                0x00000000080033f4                HAL_RCC_GetPCLK2Freq
 .text.HAL_RCCEx_PeriphCLKConfig
                0x0000000008003414      0x114 build/stm32f1xx_hal_rcc_ex.o
                0x0000000008003414                HAL_RCCEx_PeriphCLKConfig
 .text.HAL_RCCEx_GetPeriphCLKFreq
                0x0000000008003528       0xf8 build/stm32f1xx_hal_rcc_ex.o
                0x0000000008003528                HAL_RCCEx_GetPeriphCLKFreq
 .text.HAL_GPIO_Init
                0x0000000008003620      0x220 build/stm32f1xx_hal_gpio.o
                0x0000000008003620                HAL_GPIO_Init
 .text.HAL_DMA_Abort_IT
                0x0000000008003840       0x98 build/stm32f1xx_hal_dma.o
                0x0000000008003840                HAL_DMA_Abort_IT
 .text.HAL_NVIC_SetPriorityGrouping
                0x00000000080038d8       0x24 build/stm32f1xx_hal_cortex.o
                0x00000000080038d8                HAL_NVIC_SetPriorityGrouping
 .text.HAL_NVIC_SetPriority
                0x00000000080038fc       0x68 build/stm32f1xx_hal_cortex.o
                0x00000000080038fc                HAL_NVIC_SetPriority
 .text.HAL_NVIC_EnableIRQ
                0x0000000008003964       0x18 build/stm32f1xx_hal_cortex.o
                0x0000000008003964                HAL_NVIC_EnableIRQ
 .text.HAL_SYSTICK_Config
                0x000000000800397c       0x2c build/stm32f1xx_hal_cortex.o
                0x000000000800397c                HAL_SYSTICK_Config
 .text.HAL_PWR_EnableBkUpAccess
                0x00000000080039a8        0xc build/stm32f1xx_hal_pwr.o
                0x00000000080039a8                HAL_PWR_EnableBkUpAccess
 .text.LL_GPIO_Init
                0x00000000080039b4       0xf4 build/stm32f1xx_ll_gpio.o
                0x00000000080039b4                LL_GPIO_Init
 .text.Reset_Handler
                0x0000000008003aa8       0x48 build/startup_stm32f103xb.o
                0x0000000008003aa8                Reset_Handler
 .text.Default_Handler
                0x0000000008003af0        0x2 build/startup_stm32f103xb.o
                0x0000000008003af0                RTC_Alarm_IRQHandler
                0x0000000008003af0                EXTI2_IRQHandler
                0x0000000008003af0                TIM1_CC_IRQHandler
                0x0000000008003af0                PVD_IRQHandler
                0x0000000008003af0                EXTI3_IRQHandler
                0x0000000008003af0                EXTI0_IRQHandler
                0x0000000008003af0                I2C2_EV_IRQHandler
                0x0000000008003af0                ADC1_2_IRQHandler
                0x0000000008003af0                SPI1_IRQHandler
                0x0000000008003af0                TAMPER_IRQHandler
                0x0000000008003af0                DMA1_Channel4_IRQHandler
                0x0000000008003af0                USART3_IRQHandler
                0x0000000008003af0                DMA1_Channel7_IRQHandler
                0x0000000008003af0                CAN1_RX1_IRQHandler
                0x0000000008003af0                TIM4_IRQHandler
                0x0000000008003af0                I2C1_EV_IRQHandler
                0x0000000008003af0                DMA1_Channel6_IRQHandler
                0x0000000008003af0                RCC_IRQHandler
                0x0000000008003af0                TIM1_TRG_COM_IRQHandler
                0x0000000008003af0                DMA1_Channel1_IRQHandler
                0x0000000008003af0                Default_Handler
                0x0000000008003af0                EXTI15_10_IRQHandler
                0x0000000008003af0                EXTI9_5_IRQHandler
                0x0000000008003af0                SPI2_IRQHandler
                0x0000000008003af0                DMA1_Channel5_IRQHandler
                0x0000000008003af0                EXTI4_IRQHandler
                0x0000000008003af0                USB_LP_CAN1_RX0_IRQHandler
                0x0000000008003af0                USB_HP_CAN1_TX_IRQHandler
                0x0000000008003af0                DMA1_Channel3_IRQHandler
                0x0000000008003af0                TIM1_UP_IRQHandler
                0x0000000008003af0                WWDG_IRQHandler
                0x0000000008003af0                TIM2_IRQHandler
                0x0000000008003af0                TIM1_BRK_IRQHandler
                0x0000000008003af0                EXTI1_IRQHandler
                0x0000000008003af0                USART2_IRQHandler
                0x0000000008003af0                I2C2_ER_IRQHandler
                0x0000000008003af0                DMA1_Channel2_IRQHandler
                0x0000000008003af0                CAN1_SCE_IRQHandler
                0x0000000008003af0                FLASH_IRQHandler
                0x0000000008003af0                I2C1_ER_IRQHandler
                0x0000000008003af0                USBWakeUp_IRQHandler
 *fill*         0x0000000008003af2        0x2 
 .text.__libc_init_array
                0x0000000008003af4       0x48 /home/yhf/toolchains/gcc-arm-none-eabi-9-2020-q2-update/bin/../lib/gcc/arm-none-eabi/9.3.1/../../../../arm-none-eabi/lib/thumb/v7-m/nofp/libc_nano.a(lib_a-init.o)
                0x0000000008003af4                __libc_init_array
 .text.malloc   0x0000000008003b3c       0x10 /home/yhf/toolchains/gcc-arm-none-eabi-9-2020-q2-update/bin/../lib/gcc/arm-none-eabi/9.3.1/../../../../arm-none-eabi/lib/thumb/v7-m/nofp/libc_nano.a(lib_a-malloc.o)
                0x0000000008003b3c                malloc
 .text.free     0x0000000008003b4c       0x10 /home/yhf/toolchains/gcc-arm-none-eabi-9-2020-q2-update/bin/../lib/gcc/arm-none-eabi/9.3.1/../../../../arm-none-eabi/lib/thumb/v7-m/nofp/libc_nano.a(lib_a-malloc.o)
                0x0000000008003b4c                free
 .text.memcpy   0x0000000008003b5c       0x1c /home/yhf/toolchains/gcc-arm-none-eabi-9-2020-q2-update/bin/../lib/gcc/arm-none-eabi/9.3.1/../../../../arm-none-eabi/lib/thumb/v7-m/nofp/libc_nano.a(lib_a-memcpy-stub.o)
                0x0000000008003b5c                memcpy
 .text.memset   0x0000000008003b78       0x10 /home/yhf/toolchains/gcc-arm-none-eabi-9-2020-q2-update/bin/../lib/gcc/arm-none-eabi/9.3.1/../../../../arm-none-eabi/lib/thumb/v7-m/nofp/libc_nano.a(lib_a-memset.o)
                0x0000000008003b78                memset
 .text._free_r  0x0000000008003b88       0x98 /home/yhf/toolchains/gcc-arm-none-eabi-9-2020-q2-update/bin/../lib/gcc/arm-none-eabi/9.3.1/../../../../arm-none-eabi/lib/thumb/v7-m/nofp/libc_nano.a(lib_a-nano-freer.o)
                0x0000000008003b88                _free_r
 .text._malloc_r
                0x0000000008003c20       0xb4 /home/yhf/toolchains/gcc-arm-none-eabi-9-2020-q2-update/bin/../lib/gcc/arm-none-eabi/9.3.1/../../../../arm-none-eabi/lib/thumb/v7-m/nofp/libc_nano.a(lib_a-nano-mallocr.o)
                0x0000000008003c20                _malloc_r
 .text.realloc  0x0000000008003cd4       0x10 /home/yhf/toolchains/gcc-arm-none-eabi-9-2020-q2-update/bin/../lib/gcc/arm-none-eabi/9.3.1/../../../../arm-none-eabi/lib/thumb/v7-m/nofp/libc_nano.a(lib_a-realloc.o)
                0x0000000008003cd4                realloc
 .text._sbrk_r  0x0000000008003ce4       0x20 /home/yhf/toolchains/gcc-arm-none-eabi-9-2020-q2-update/bin/../lib/gcc/arm-none-eabi/9.3.1/../../../../arm-none-eabi/lib/thumb/v7-m/nofp/libc_nano.a(lib_a-sbrkr.o)
                0x0000000008003ce4                _sbrk_r
 .text.sprintf  0x0000000008003d04       0x40 /home/yhf/toolchains/gcc-arm-none-eabi-9-2020-q2-update/bin/../lib/gcc/arm-none-eabi/9.3.1/../../../../arm-none-eabi/lib/thumb/v7-m/nofp/libc_nano.a(lib_a-sprintf.o)
                0x0000000008003d04                sprintf
                0x0000000008003d04                siprintf
 .text.__sread  0x0000000008003d44       0x22 /home/yhf/toolchains/gcc-arm-none-eabi-9-2020-q2-update/bin/../lib/gcc/arm-none-eabi/9.3.1/../../../../arm-none-eabi/lib/thumb/v7-m/nofp/libc_nano.a(lib_a-stdio.o)
                0x0000000008003d44                __sread
 .text.__swrite
                0x0000000008003d66       0x38 /home/yhf/toolchains/gcc-arm-none-eabi-9-2020-q2-update/bin/../lib/gcc/arm-none-eabi/9.3.1/../../../../arm-none-eabi/lib/thumb/v7-m/nofp/libc_nano.a(lib_a-stdio.o)
                0x0000000008003d66                __swrite
 .text.__sseek  0x0000000008003d9e       0x24 /home/yhf/toolchains/gcc-arm-none-eabi-9-2020-q2-update/bin/../lib/gcc/arm-none-eabi/9.3.1/../../../../arm-none-eabi/lib/thumb/v7-m/nofp/libc_nano.a(lib_a-stdio.o)
                0x0000000008003d9e                __sseek
 .text.__sclose
                0x0000000008003dc2        0x8 /home/yhf/toolchains/gcc-arm-none-eabi-9-2020-q2-update/bin/../lib/gcc/arm-none-eabi/9.3.1/../../../../arm-none-eabi/lib/thumb/v7-m/nofp/libc_nano.a(lib_a-stdio.o)
                0x0000000008003dc2                __sclose
 .text.strncmp  0x0000000008003dca       0x24 /home/yhf/toolchains/gcc-arm-none-eabi-9-2020-q2-update/bin/../lib/gcc/arm-none-eabi/9.3.1/../../../../arm-none-eabi/lib/thumb/v7-m/nofp/libc_nano.a(lib_a-strncmp.o)
                0x0000000008003dca                strncmp
 .text.sulp     0x0000000008003dee       0x42 /home/yhf/toolchains/gcc-arm-none-eabi-9-2020-q2-update/bin/../lib/gcc/arm-none-eabi/9.3.1/../../../../arm-none-eabi/lib/thumb/v7-m/nofp/libc_nano.a(lib_a-strtod.o)
 .text._strtod_l
                0x0000000008003e30      0xbe8 /home/yhf/toolchains/gcc-arm-none-eabi-9-2020-q2-update/bin/../lib/gcc/arm-none-eabi/9.3.1/../../../../arm-none-eabi/lib/thumb/v7-m/nofp/libc_nano.a(lib_a-strtod.o)
                0x0000000008003e30                _strtod_l
 .text.strtod   0x0000000008004a18       0x18 /home/yhf/toolchains/gcc-arm-none-eabi-9-2020-q2-update/bin/../lib/gcc/arm-none-eabi/9.3.1/../../../../arm-none-eabi/lib/thumb/v7-m/nofp/libc_nano.a(lib_a-strtod.o)
                0x0000000008004a18                strtod
 .text._write_r
                0x0000000008004a30       0x24 /home/yhf/toolchains/gcc-arm-none-eabi-9-2020-q2-update/bin/../lib/gcc/arm-none-eabi/9.3.1/../../../../arm-none-eabi/lib/thumb/v7-m/nofp/libc_nano.a(lib_a-writer.o)
                0x0000000008004a30                _write_r
 .text._close_r
                0x0000000008004a54       0x20 /home/yhf/toolchains/gcc-arm-none-eabi-9-2020-q2-update/bin/../lib/gcc/arm-none-eabi/9.3.1/../../../../arm-none-eabi/lib/thumb/v7-m/nofp/libc_nano.a(lib_a-closer.o)
                0x0000000008004a54                _close_r
 .text.rshift   0x0000000008004a74       0xa6 /home/yhf/toolchains/gcc-arm-none-eabi-9-2020-q2-update/bin/../lib/gcc/arm-none-eabi/9.3.1/../../../../arm-none-eabi/lib/thumb/v7-m/nofp/libc_nano.a(lib_a-gdtoa-gethex.o)
 .text.__hexdig_fun
                0x0000000008004b1a       0x2a /home/yhf/toolchains/gcc-arm-none-eabi-9-2020-q2-update/bin/../lib/gcc/arm-none-eabi/9.3.1/../../../../arm-none-eabi/lib/thumb/v7-m/nofp/libc_nano.a(lib_a-gdtoa-gethex.o)
                0x0000000008004b1a                __hexdig_fun
 .text.__gethex
                0x0000000008004b44      0x478 /home/yhf/toolchains/gcc-arm-none-eabi-9-2020-q2-update/bin/../lib/gcc/arm-none-eabi/9.3.1/../../../../arm-none-eabi/lib/thumb/v7-m/nofp/libc_nano.a(lib_a-gdtoa-gethex.o)
                0x0000000008004b44                __gethex
 .text.L_shift  0x0000000008004fbc       0x24 /home/yhf/toolchains/gcc-arm-none-eabi-9-2020-q2-update/bin/../lib/gcc/arm-none-eabi/9.3.1/../../../../arm-none-eabi/lib/thumb/v7-m/nofp/libc_nano.a(lib_a-gdtoa-hexnan.o)
 .text.__match  0x0000000008004fe0       0x28 /home/yhf/toolchains/gcc-arm-none-eabi-9-2020-q2-update/bin/../lib/gcc/arm-none-eabi/9.3.1/../../../../arm-none-eabi/lib/thumb/v7-m/nofp/libc_nano.a(lib_a-gdtoa-hexnan.o)
                0x0000000008004fe0                __match
 .text.__hexnan
                0x0000000008005008      0x138 /home/yhf/toolchains/gcc-arm-none-eabi-9-2020-q2-update/bin/../lib/gcc/arm-none-eabi/9.3.1/../../../../arm-none-eabi/lib/thumb/v7-m/nofp/libc_nano.a(lib_a-gdtoa-hexnan.o)
                0x0000000008005008                __hexnan
 .text._lseek_r
                0x0000000008005140       0x24 /home/yhf/toolchains/gcc-arm-none-eabi-9-2020-q2-update/bin/../lib/gcc/arm-none-eabi/9.3.1/../../../../arm-none-eabi/lib/thumb/v7-m/nofp/libc_nano.a(lib_a-lseekr.o)
                0x0000000008005140                _lseek_r
 .text.__ascii_mbtowc
                0x0000000008005164       0x24 /home/yhf/toolchains/gcc-arm-none-eabi-9-2020-q2-update/bin/../lib/gcc/arm-none-eabi/9.3.1/../../../../arm-none-eabi/lib/thumb/v7-m/nofp/libc_nano.a(lib_a-mbtowc_r.o)
                0x0000000008005164                __ascii_mbtowc
 .text.__malloc_lock
                0x0000000008005188        0xc /home/yhf/toolchains/gcc-arm-none-eabi-9-2020-q2-update/bin/../lib/gcc/arm-none-eabi/9.3.1/../../../../arm-none-eabi/lib/thumb/v7-m/nofp/libc_nano.a(lib_a-mlock.o)
                0x0000000008005188                __malloc_lock
 .text.__malloc_unlock
                0x0000000008005194        0xc /home/yhf/toolchains/gcc-arm-none-eabi-9-2020-q2-update/bin/../lib/gcc/arm-none-eabi/9.3.1/../../../../arm-none-eabi/lib/thumb/v7-m/nofp/libc_nano.a(lib_a-mlock.o)
                0x0000000008005194                __malloc_unlock
 .text._Balloc  0x00000000080051a0       0x80 /home/yhf/toolchains/gcc-arm-none-eabi-9-2020-q2-update/bin/../lib/gcc/arm-none-eabi/9.3.1/../../../../arm-none-eabi/lib/thumb/v7-m/nofp/libc_nano.a(lib_a-mprec.o)
                0x00000000080051a0                _Balloc
 .text._Bfree   0x0000000008005220       0x44 /home/yhf/toolchains/gcc-arm-none-eabi-9-2020-q2-update/bin/../lib/gcc/arm-none-eabi/9.3.1/../../../../arm-none-eabi/lib/thumb/v7-m/nofp/libc_nano.a(lib_a-mprec.o)
                0x0000000008005220                _Bfree
 .text.__multadd
                0x0000000008005264       0x94 /home/yhf/toolchains/gcc-arm-none-eabi-9-2020-q2-update/bin/../lib/gcc/arm-none-eabi/9.3.1/../../../../arm-none-eabi/lib/thumb/v7-m/nofp/libc_nano.a(lib_a-mprec.o)
                0x0000000008005264                __multadd
 .text.__s2b    0x00000000080052f8       0x94 /home/yhf/toolchains/gcc-arm-none-eabi-9-2020-q2-update/bin/../lib/gcc/arm-none-eabi/9.3.1/../../../../arm-none-eabi/lib/thumb/v7-m/nofp/libc_nano.a(lib_a-mprec.o)
                0x00000000080052f8                __s2b
 .text.__hi0bits
                0x000000000800538c       0x40 /home/yhf/toolchains/gcc-arm-none-eabi-9-2020-q2-update/bin/../lib/gcc/arm-none-eabi/9.3.1/../../../../arm-none-eabi/lib/thumb/v7-m/nofp/libc_nano.a(lib_a-mprec.o)
                0x000000000800538c                __hi0bits
 .text.__lo0bits
                0x00000000080053cc       0x5c /home/yhf/toolchains/gcc-arm-none-eabi-9-2020-q2-update/bin/../lib/gcc/arm-none-eabi/9.3.1/../../../../arm-none-eabi/lib/thumb/v7-m/nofp/libc_nano.a(lib_a-mprec.o)
                0x00000000080053cc                __lo0bits
 .text.__i2b    0x0000000008005428       0x2c /home/yhf/toolchains/gcc-arm-none-eabi-9-2020-q2-update/bin/../lib/gcc/arm-none-eabi/9.3.1/../../../../arm-none-eabi/lib/thumb/v7-m/nofp/libc_nano.a(lib_a-mprec.o)
                0x0000000008005428                __i2b
 .text.__multiply
                0x0000000008005454      0x148 /home/yhf/toolchains/gcc-arm-none-eabi-9-2020-q2-update/bin/../lib/gcc/arm-none-eabi/9.3.1/../../../../arm-none-eabi/lib/thumb/v7-m/nofp/libc_nano.a(lib_a-mprec.o)
                0x0000000008005454                __multiply
 .text.__pow5mult
                0x000000000800559c       0xb4 /home/yhf/toolchains/gcc-arm-none-eabi-9-2020-q2-update/bin/../lib/gcc/arm-none-eabi/9.3.1/../../../../arm-none-eabi/lib/thumb/v7-m/nofp/libc_nano.a(lib_a-mprec.o)
                0x000000000800559c                __pow5mult
 .text.__lshift
                0x0000000008005650       0xd8 /home/yhf/toolchains/gcc-arm-none-eabi-9-2020-q2-update/bin/../lib/gcc/arm-none-eabi/9.3.1/../../../../arm-none-eabi/lib/thumb/v7-m/nofp/libc_nano.a(lib_a-mprec.o)
                0x0000000008005650                __lshift
 .text.__mcmp   0x0000000008005728       0x36 /home/yhf/toolchains/gcc-arm-none-eabi-9-2020-q2-update/bin/../lib/gcc/arm-none-eabi/9.3.1/../../../../arm-none-eabi/lib/thumb/v7-m/nofp/libc_nano.a(lib_a-mprec.o)
                0x0000000008005728                __mcmp
 *fill*         0x000000000800575e        0x2 
 .text.__mdiff  0x0000000008005760      0x120 /home/yhf/toolchains/gcc-arm-none-eabi-9-2020-q2-update/bin/../lib/gcc/arm-none-eabi/9.3.1/../../../../arm-none-eabi/lib/thumb/v7-m/nofp/libc_nano.a(lib_a-mprec.o)
                0x0000000008005760                __mdiff
 .text.__ulp    0x0000000008005880       0x4c /home/yhf/toolchains/gcc-arm-none-eabi-9-2020-q2-update/bin/../lib/gcc/arm-none-eabi/9.3.1/../../../../arm-none-eabi/lib/thumb/v7-m/nofp/libc_nano.a(lib_a-mprec.o)
                0x0000000008005880                __ulp
 .text.__b2d    0x00000000080058cc       0xa8 /home/yhf/toolchains/gcc-arm-none-eabi-9-2020-q2-update/bin/../lib/gcc/arm-none-eabi/9.3.1/../../../../arm-none-eabi/lib/thumb/v7-m/nofp/libc_nano.a(lib_a-mprec.o)
                0x00000000080058cc                __b2d
 .text.__d2b    0x0000000008005974       0xb8 /home/yhf/toolchains/gcc-arm-none-eabi-9-2020-q2-update/bin/../lib/gcc/arm-none-eabi/9.3.1/../../../../arm-none-eabi/lib/thumb/v7-m/nofp/libc_nano.a(lib_a-mprec.o)
                0x0000000008005974                __d2b
 .text.__ratio  0x0000000008005a2c       0x5c /home/yhf/toolchains/gcc-arm-none-eabi-9-2020-q2-update/bin/../lib/gcc/arm-none-eabi/9.3.1/../../../../arm-none-eabi/lib/thumb/v7-m/nofp/libc_nano.a(lib_a-mprec.o)
                0x0000000008005a2c                __ratio
 .text.__copybits
                0x0000000008005a88       0x46 /home/yhf/toolchains/gcc-arm-none-eabi-9-2020-q2-update/bin/../lib/gcc/arm-none-eabi/9.3.1/../../../../arm-none-eabi/lib/thumb/v7-m/nofp/libc_nano.a(lib_a-mprec.o)
                0x0000000008005a88                __copybits
 .text.__any_on
                0x0000000008005ace       0x42 /home/yhf/toolchains/gcc-arm-none-eabi-9-2020-q2-update/bin/../lib/gcc/arm-none-eabi/9.3.1/../../../../arm-none-eabi/lib/thumb/v7-m/nofp/libc_nano.a(lib_a-mprec.o)
                0x0000000008005ace                __any_on
 .text._calloc_r
                0x0000000008005b10       0x1c /home/yhf/toolchains/gcc-arm-none-eabi-9-2020-q2-update/bin/../lib/gcc/arm-none-eabi/9.3.1/../../../../arm-none-eabi/lib/thumb/v7-m/nofp/libc_nano.a(lib_a-nano-callocr.o)
                0x0000000008005b10                _calloc_r
 .text._realloc_r
                0x0000000008005b2c       0x4c /home/yhf/toolchains/gcc-arm-none-eabi-9-2020-q2-update/bin/../lib/gcc/arm-none-eabi/9.3.1/../../../../arm-none-eabi/lib/thumb/v7-m/nofp/libc_nano.a(lib_a-nano-reallocr.o)
                0x0000000008005b2c                _realloc_r
 .text.__ssputs_r
                0x0000000008005b78       0xb6 /home/yhf/toolchains/gcc-arm-none-eabi-9-2020-q2-update/bin/../lib/gcc/arm-none-eabi/9.3.1/../../../../arm-none-eabi/lib/thumb/v7-m/nofp/libc_nano.a(lib_a-nano-svfprintf.o)
                0x0000000008005b78                __ssputs_r
 *fill*         0x0000000008005c2e        0x2 
 .text._svfprintf_r
                0x0000000008005c30      0x200 /home/yhf/toolchains/gcc-arm-none-eabi-9-2020-q2-update/bin/../lib/gcc/arm-none-eabi/9.3.1/../../../../arm-none-eabi/lib/thumb/v7-m/nofp/libc_nano.a(lib_a-nano-svfprintf.o)
                0x0000000008005c30                _svfprintf_r
                0x0000000008005c30                _svfiprintf_r
 .text._printf_common
                0x0000000008005e30       0xde /home/yhf/toolchains/gcc-arm-none-eabi-9-2020-q2-update/bin/../lib/gcc/arm-none-eabi/9.3.1/../../../../arm-none-eabi/lib/thumb/v7-m/nofp/libc_nano.a(lib_a-nano-vfprintf_i.o)
                0x0000000008005e30                _printf_common
 *fill*         0x0000000008005f0e        0x2 
 .text._printf_i
                0x0000000008005f10      0x24c /home/yhf/toolchains/gcc-arm-none-eabi-9-2020-q2-update/bin/../lib/gcc/arm-none-eabi/9.3.1/../../../../arm-none-eabi/lib/thumb/v7-m/nofp/libc_nano.a(lib_a-nano-vfprintf_i.o)
                0x0000000008005f10                _printf_i
 .text._read_r  0x000000000800615c       0x24 /home/yhf/toolchains/gcc-arm-none-eabi-9-2020-q2-update/bin/../lib/gcc/arm-none-eabi/9.3.1/../../../../arm-none-eabi/lib/thumb/v7-m/nofp/libc_nano.a(lib_a-readr.o)
                0x000000000800615c                _read_r
 .text.nan      0x0000000008006180        0xc /home/yhf/toolchains/gcc-arm-none-eabi-9-2020-q2-update/bin/../lib/gcc/arm-none-eabi/9.3.1/../../../../arm-none-eabi/lib/thumb/v7-m/nofp/libc_nano.a(lib_a-s_nan.o)
                0x0000000008006180                nan
 .text.__ascii_wctomb
                0x000000000800618c       0x1a /home/yhf/toolchains/gcc-arm-none-eabi-9-2020-q2-update/bin/../lib/gcc/arm-none-eabi/9.3.1/../../../../arm-none-eabi/lib/thumb/v7-m/nofp/libc_nano.a(lib_a-wctomb_r.o)
                0x000000000800618c                __ascii_wctomb
 *fill*         0x00000000080061a6        0x2 
 .text.__assert_func
                0x00000000080061a8       0x3c /home/yhf/toolchains/gcc-arm-none-eabi-9-2020-q2-update/bin/../lib/gcc/arm-none-eabi/9.3.1/../../../../arm-none-eabi/lib/thumb/v7-m/nofp/libc_nano.a(lib_a-assert.o)
                0x00000000080061a8                __assert_func
 .text.__sflush_r
                0x00000000080061e4      0x10c /home/yhf/toolchains/gcc-arm-none-eabi-9-2020-q2-update/bin/../lib/gcc/arm-none-eabi/9.3.1/../../../../arm-none-eabi/lib/thumb/v7-m/nofp/libc_nano.a(lib_a-fflush.o)
                0x00000000080061e4                __sflush_r
 .text._fflush_r
                0x00000000080062f0       0x78 /home/yhf/toolchains/gcc-arm-none-eabi-9-2020-q2-update/bin/../lib/gcc/arm-none-eabi/9.3.1/../../../../arm-none-eabi/lib/thumb/v7-m/nofp/libc_nano.a(lib_a-fflush.o)
                0x00000000080062f0                _fflush_r
 .text.std      0x0000000008006368       0x48 /home/yhf/toolchains/gcc-arm-none-eabi-9-2020-q2-update/bin/../lib/gcc/arm-none-eabi/9.3.1/../../../../arm-none-eabi/lib/thumb/v7-m/nofp/libc_nano.a(lib_a-findfp.o)
 .text._cleanup_r
                0x00000000080063b0        0xc /home/yhf/toolchains/gcc-arm-none-eabi-9-2020-q2-update/bin/../lib/gcc/arm-none-eabi/9.3.1/../../../../arm-none-eabi/lib/thumb/v7-m/nofp/libc_nano.a(lib_a-findfp.o)
                0x00000000080063b0                _cleanup_r
 .text.__sfmoreglue
                0x00000000080063bc       0x2c /home/yhf/toolchains/gcc-arm-none-eabi-9-2020-q2-update/bin/../lib/gcc/arm-none-eabi/9.3.1/../../../../arm-none-eabi/lib/thumb/v7-m/nofp/libc_nano.a(lib_a-findfp.o)
                0x00000000080063bc                __sfmoreglue
 .text.__sfp_lock_acquire
                0x00000000080063e8        0xc /home/yhf/toolchains/gcc-arm-none-eabi-9-2020-q2-update/bin/../lib/gcc/arm-none-eabi/9.3.1/../../../../arm-none-eabi/lib/thumb/v7-m/nofp/libc_nano.a(lib_a-findfp.o)
                0x00000000080063e8                __sfp_lock_acquire
 .text.__sfp_lock_release
                0x00000000080063f4        0xc /home/yhf/toolchains/gcc-arm-none-eabi-9-2020-q2-update/bin/../lib/gcc/arm-none-eabi/9.3.1/../../../../arm-none-eabi/lib/thumb/v7-m/nofp/libc_nano.a(lib_a-findfp.o)
                0x00000000080063f4                __sfp_lock_release
 .text.__sinit_lock_acquire
                0x0000000008006400        0xc /home/yhf/toolchains/gcc-arm-none-eabi-9-2020-q2-update/bin/../lib/gcc/arm-none-eabi/9.3.1/../../../../arm-none-eabi/lib/thumb/v7-m/nofp/libc_nano.a(lib_a-findfp.o)
                0x0000000008006400                __sinit_lock_acquire
 .text.__sinit_lock_release
                0x000000000800640c        0xc /home/yhf/toolchains/gcc-arm-none-eabi-9-2020-q2-update/bin/../lib/gcc/arm-none-eabi/9.3.1/../../../../arm-none-eabi/lib/thumb/v7-m/nofp/libc_nano.a(lib_a-findfp.o)
                0x000000000800640c                __sinit_lock_release
 .text.__sinit  0x0000000008006418       0x70 /home/yhf/toolchains/gcc-arm-none-eabi-9-2020-q2-update/bin/../lib/gcc/arm-none-eabi/9.3.1/../../../../arm-none-eabi/lib/thumb/v7-m/nofp/libc_nano.a(lib_a-findfp.o)
                0x0000000008006418                __sinit
 .text.__sfp    0x0000000008006488       0x8c /home/yhf/toolchains/gcc-arm-none-eabi-9-2020-q2-update/bin/../lib/gcc/arm-none-eabi/9.3.1/../../../../arm-none-eabi/lib/thumb/v7-m/nofp/libc_nano.a(lib_a-findfp.o)
                0x0000000008006488                __sfp
 .text.fprintf  0x0000000008006514       0x24 /home/yhf/toolchains/gcc-arm-none-eabi-9-2020-q2-update/bin/../lib/gcc/arm-none-eabi/9.3.1/../../../../arm-none-eabi/lib/thumb/v7-m/nofp/libc_nano.a(lib_a-fprintf.o)
                0x0000000008006514                fprintf
                0x0000000008006514                fiprintf
 .text._fwalk_reent
                0x0000000008006538       0x3e /home/yhf/toolchains/gcc-arm-none-eabi-9-2020-q2-update/bin/../lib/gcc/arm-none-eabi/9.3.1/../../../../arm-none-eabi/lib/thumb/v7-m/nofp/libc_nano.a(lib_a-fwalk.o)
                0x0000000008006538                _fwalk_reent
 .text.__retarget_lock_init_recursive
                0x0000000008006576        0x2 /home/yhf/toolchains/gcc-arm-none-eabi-9-2020-q2-update/bin/../lib/gcc/arm-none-eabi/9.3.1/../../../../arm-none-eabi/lib/thumb/v7-m/nofp/libc_nano.a(lib_a-lock.o)
                0x0000000008006576                __retarget_lock_init_recursive
 .text.__retarget_lock_acquire_recursive
                0x0000000008006578        0x2 /home/yhf/toolchains/gcc-arm-none-eabi-9-2020-q2-update/bin/../lib/gcc/arm-none-eabi/9.3.1/../../../../arm-none-eabi/lib/thumb/v7-m/nofp/libc_nano.a(lib_a-lock.o)
                0x0000000008006578                __retarget_lock_acquire_recursive
 .text.__retarget_lock_release_recursive
                0x000000000800657a        0x2 /home/yhf/toolchains/gcc-arm-none-eabi-9-2020-q2-update/bin/../lib/gcc/arm-none-eabi/9.3.1/../../../../arm-none-eabi/lib/thumb/v7-m/nofp/libc_nano.a(lib_a-lock.o)
                0x000000000800657a                __retarget_lock_release_recursive
 .text.memchr   0x000000000800657c       0x1c /home/yhf/toolchains/gcc-arm-none-eabi-9-2020-q2-update/bin/../lib/gcc/arm-none-eabi/9.3.1/../../../../arm-none-eabi/lib/thumb/v7-m/nofp/libc_nano.a(lib_a-memchr-stub.o)
                0x000000000800657c                memchr
 .text.memmove  0x0000000008006598       0x34 /home/yhf/toolchains/gcc-arm-none-eabi-9-2020-q2-update/bin/../lib/gcc/arm-none-eabi/9.3.1/../../../../arm-none-eabi/lib/thumb/v7-m/nofp/libc_nano.a(lib_a-memmove.o)
                0x0000000008006598                memmove
 .text._malloc_usable_size_r
                0x00000000080065cc       0x10 /home/yhf/toolchains/gcc-arm-none-eabi-9-2020-q2-update/bin/../lib/gcc/arm-none-eabi/9.3.1/../../../../arm-none-eabi/lib/thumb/v7-m/nofp/libc_nano.a(lib_a-nano-msizer.o)
                0x00000000080065cc                _malloc_usable_size_r
 .text.__sfputc_r
                0x00000000080065dc       0x2a /home/yhf/toolchains/gcc-arm-none-eabi-9-2020-q2-update/bin/../lib/gcc/arm-none-eabi/9.3.1/../../../../arm-none-eabi/lib/thumb/v7-m/nofp/libc_nano.a(lib_a-nano-vfprintf.o)
 .text.__sfputs_r
                0x0000000008006606       0x24 /home/yhf/toolchains/gcc-arm-none-eabi-9-2020-q2-update/bin/../lib/gcc/arm-none-eabi/9.3.1/../../../../arm-none-eabi/lib/thumb/v7-m/nofp/libc_nano.a(lib_a-nano-vfprintf.o)
                0x0000000008006606                __sfputs_r
 *fill*         0x000000000800662a        0x2 
 .text._vfprintf_r
                0x000000000800662c      0x260 /home/yhf/toolchains/gcc-arm-none-eabi-9-2020-q2-update/bin/../lib/gcc/arm-none-eabi/9.3.1/../../../../arm-none-eabi/lib/thumb/v7-m/nofp/libc_nano.a(lib_a-nano-vfprintf.o)
                0x000000000800662c                _vfiprintf_r
                0x000000000800662c                _vfprintf_r
 .text.__swbuf_r
                0x000000000800688c       0xa4 /home/yhf/toolchains/gcc-arm-none-eabi-9-2020-q2-update/bin/../lib/gcc/arm-none-eabi/9.3.1/../../../../arm-none-eabi/lib/thumb/v7-m/nofp/libc_nano.a(lib_a-wbuf.o)
                0x000000000800688c                __swbuf_r
 .text.__swsetup_r
                0x0000000008006930       0xdc /home/yhf/toolchains/gcc-arm-none-eabi-9-2020-q2-update/bin/../lib/gcc/arm-none-eabi/9.3.1/../../../../arm-none-eabi/lib/thumb/v7-m/nofp/libc_nano.a(lib_a-wsetup.o)
                0x0000000008006930                __swsetup_r
 .text.abort    0x0000000008006a0c        0xe /home/yhf/toolchains/gcc-arm-none-eabi-9-2020-q2-update/bin/../lib/gcc/arm-none-eabi/9.3.1/../../../../arm-none-eabi/lib/thumb/v7-m/nofp/libc_nano.a(lib_a-abort.o)
                0x0000000008006a0c                abort
 .text.__swhatbuf_r
                0x0000000008006a1a       0x48 /home/yhf/toolchains/gcc-arm-none-eabi-9-2020-q2-update/bin/../lib/gcc/arm-none-eabi/9.3.1/../../../../arm-none-eabi/lib/thumb/v7-m/nofp/libc_nano.a(lib_a-makebuf.o)
                0x0000000008006a1a                __swhatbuf_r
 *fill*         0x0000000008006a62        0x2 
 .text.__smakebuf_r
                0x0000000008006a64       0x80 /home/yhf/toolchains/gcc-arm-none-eabi-9-2020-q2-update/bin/../lib/gcc/arm-none-eabi/9.3.1/../../../../arm-none-eabi/lib/thumb/v7-m/nofp/libc_nano.a(lib_a-makebuf.o)
                0x0000000008006a64                __smakebuf_r
 .text._raise_r
                0x0000000008006ae4       0x50 /home/yhf/toolchains/gcc-arm-none-eabi-9-2020-q2-update/bin/../lib/gcc/arm-none-eabi/9.3.1/../../../../arm-none-eabi/lib/thumb/v7-m/nofp/libc_nano.a(lib_a-signal.o)
                0x0000000008006ae4                _raise_r
 .text.raise    0x0000000008006b34       0x10 /home/yhf/toolchains/gcc-arm-none-eabi-9-2020-q2-update/bin/../lib/gcc/arm-none-eabi/9.3.1/../../../../arm-none-eabi/lib/thumb/v7-m/nofp/libc_nano.a(lib_a-signal.o)
                0x0000000008006b34                raise
 .text._kill_r  0x0000000008006b44       0x24 /home/yhf/toolchains/gcc-arm-none-eabi-9-2020-q2-update/bin/../lib/gcc/arm-none-eabi/9.3.1/../../../../arm-none-eabi/lib/thumb/v7-m/nofp/libc_nano.a(lib_a-signalr.o)
                0x0000000008006b44                _kill_r
 .text._getpid_r
                0x0000000008006b68        0x4 /home/yhf/toolchains/gcc-arm-none-eabi-9-2020-q2-update/bin/../lib/gcc/arm-none-eabi/9.3.1/../../../../arm-none-eabi/lib/thumb/v7-m/nofp/libc_nano.a(lib_a-signalr.o)
                0x0000000008006b68                _getpid_r
 .text._fstat_r
                0x0000000008006b6c       0x24 /home/yhf/toolchains/gcc-arm-none-eabi-9-2020-q2-update/bin/../lib/gcc/arm-none-eabi/9.3.1/../../../../arm-none-eabi/lib/thumb/v7-m/nofp/libc_nano.a(lib_a-fstatr.o)
                0x0000000008006b6c                _fstat_r
 .text._isatty_r
                0x0000000008006b90       0x20 /home/yhf/toolchains/gcc-arm-none-eabi-9-2020-q2-update/bin/../lib/gcc/arm-none-eabi/9.3.1/../../../../arm-none-eabi/lib/thumb/v7-m/nofp/libc_nano.a(lib_a-isattyr.o)
                0x0000000008006b90                _isatty_r
 .text._close   0x0000000008006bb0       0x10 /home/yhf/toolchains/gcc-arm-none-eabi-9-2020-q2-update/bin/../lib/gcc/arm-none-eabi/9.3.1/../../../../arm-none-eabi/lib/thumb/v7-m/nofp/libnosys.a(close.o)
                0x0000000008006bb0                _close
 .text._fstat   0x0000000008006bc0       0x10 /home/yhf/toolchains/gcc-arm-none-eabi-9-2020-q2-update/bin/../lib/gcc/arm-none-eabi/9.3.1/../../../../arm-none-eabi/lib/thumb/v7-m/nofp/libnosys.a(fstat.o)
                0x0000000008006bc0                _fstat
 .text._getpid  0x0000000008006bd0       0x10 /home/yhf/toolchains/gcc-arm-none-eabi-9-2020-q2-update/bin/../lib/gcc/arm-none-eabi/9.3.1/../../../../arm-none-eabi/lib/thumb/v7-m/nofp/libnosys.a(getpid.o)
                0x0000000008006bd0                _getpid
 .text._isatty  0x0000000008006be0       0x10 /home/yhf/toolchains/gcc-arm-none-eabi-9-2020-q2-update/bin/../lib/gcc/arm-none-eabi/9.3.1/../../../../arm-none-eabi/lib/thumb/v7-m/nofp/libnosys.a(isatty.o)
                0x0000000008006be0                _isatty
 .text._kill    0x0000000008006bf0       0x10 /home/yhf/toolchains/gcc-arm-none-eabi-9-2020-q2-update/bin/../lib/gcc/arm-none-eabi/9.3.1/../../../../arm-none-eabi/lib/thumb/v7-m/nofp/libnosys.a(kill.o)
                0x0000000008006bf0                _kill
 .text._lseek   0x0000000008006c00       0x10 /home/yhf/toolchains/gcc-arm-none-eabi-9-2020-q2-update/bin/../lib/gcc/arm-none-eabi/9.3.1/../../../../arm-none-eabi/lib/thumb/v7-m/nofp/libnosys.a(lseek.o)
                0x0000000008006c00                _lseek
 .text._read    0x0000000008006c10       0x10 /home/yhf/toolchains/gcc-arm-none-eabi-9-2020-q2-update/bin/../lib/gcc/arm-none-eabi/9.3.1/../../../../arm-none-eabi/lib/thumb/v7-m/nofp/libnosys.a(read.o)
                0x0000000008006c10                _read
 .text._sbrk    0x0000000008006c20       0x1c /home/yhf/toolchains/gcc-arm-none-eabi-9-2020-q2-update/bin/../lib/gcc/arm-none-eabi/9.3.1/../../../../arm-none-eabi/lib/thumb/v7-m/nofp/libnosys.a(sbrk.o)
                0x0000000008006c20                _sbrk
 .text._write   0x0000000008006c3c       0x10 /home/yhf/toolchains/gcc-arm-none-eabi-9-2020-q2-update/bin/../lib/gcc/arm-none-eabi/9.3.1/../../../../arm-none-eabi/lib/thumb/v7-m/nofp/libnosys.a(write.o)
                0x0000000008006c3c                _write
 .text._exit    0x0000000008006c4c        0x4 /home/yhf/toolchains/gcc-arm-none-eabi-9-2020-q2-update/bin/../lib/gcc/arm-none-eabi/9.3.1/../../../../arm-none-eabi/lib/thumb/v7-m/nofp/libnosys.a(_exit.o)
                0x0000000008006c4c                _exit
 *(.glue_7)
 .glue_7        0x0000000008006c50        0x0 linker stubs
 *(.glue_7t)
 .glue_7t       0x0000000008006c50        0x0 linker stubs
 *(.eh_frame)
 .eh_frame      0x0000000008006c50        0x0 /home/yhf/toolchains/gcc-arm-none-eabi-9-2020-q2-update/bin/../lib/gcc/arm-none-eabi/9.3.1/thumb/v7-m/nofp/crtbegin.o
 *(.init)
 .init          0x0000000008006c50        0x4 /home/yhf/toolchains/gcc-arm-none-eabi-9-2020-q2-update/bin/../lib/gcc/arm-none-eabi/9.3.1/thumb/v7-m/nofp/crti.o
                0x0000000008006c50                _init
 .init          0x0000000008006c54        0x8 /home/yhf/toolchains/gcc-arm-none-eabi-9-2020-q2-update/bin/../lib/gcc/arm-none-eabi/9.3.1/thumb/v7-m/nofp/crtn.o
 *(.fini)
 .fini          0x0000000008006c5c        0x4 /home/yhf/toolchains/gcc-arm-none-eabi-9-2020-q2-update/bin/../lib/gcc/arm-none-eabi/9.3.1/thumb/v7-m/nofp/crti.o
                0x0000000008006c5c                _fini
 .fini          0x0000000008006c60        0x8 /home/yhf/toolchains/gcc-arm-none-eabi-9-2020-q2-update/bin/../lib/gcc/arm-none-eabi/9.3.1/thumb/v7-m/nofp/crtn.o
                0x0000000008006c68                . = ALIGN (0x4)
                0x0000000008006c68                _etext = .

.vfp11_veneer   0x0000000008006c68        0x0
 .vfp11_veneer  0x0000000008006c68        0x0 linker stubs

.v4_bx          0x0000000008006c68        0x0
 .v4_bx         0x0000000008006c68        0x0 linker stubs

.iplt           0x0000000008006c68        0x0
 .iplt          0x0000000008006c68        0x0 /home/yhf/toolchains/gcc-arm-none-eabi-9-2020-q2-update/bin/../lib/gcc/arm-none-eabi/9.3.1/thumb/v7-m/nofp/crtbegin.o

.rodata         0x0000000008006c68     0x1234
                0x0000000008006c68                . = ALIGN (0x4)
 *(.rodata)
 .rodata        0x0000000008006c68       0x34 build/main.o
 .rodata        0x0000000008006c9c       0x1c build/rtc.o
 *(.rodata*)
 .rodata.decode_time.str1.4
                0x0000000008006cb8       0x3f build/main.o
 *fill*         0x0000000008006cf7        0x1 
 .rodata.AHBPrescTable
                0x0000000008006cf8       0x10 build/system_stm32f1xx.o
                0x0000000008006cf8                AHBPrescTable
 .rodata.APBPrescTable
                0x0000000008006d08        0x8 build/system_stm32f1xx.o
                0x0000000008006d08                APBPrescTable
 .rodata.asc2_0806
                0x0000000008006d10      0x23a build/lcd.o
                0x0000000008006d10                asc2_0806
 *fill*         0x0000000008006f4a        0x2 
 .rodata.asc2_1206
                0x0000000008006f4c      0x474 build/lcd.o
                0x0000000008006f4c                asc2_1206
 .rodata.asc2_1608
                0x00000000080073c0      0x5f0 build/lcd.o
                0x00000000080073c0                asc2_1608
 .rodata.font2size
                0x00000000080079b0        0xc build/lcd.o
                0x00000000080079b0                font2size
 .rodata.str1.4
                0x00000000080079bc       0x18 build/rtc.o
                                         0x1c (size before relaxing)
 .rodata.RTC_Months
                0x00000000080079d4       0x18 build/rtc.o
 .rodata.skip_utf8_bom.str1.4
                0x00000000080079ec        0x4 build/cJSON.o
 .rodata.print_number.str1.4
                0x00000000080079f0       0x1b build/cJSON.o
 *fill*         0x0000000008007a0b        0x1 
 .rodata.print_value.str1.4
                0x0000000008007a0c        0xd build/cJSON.o
 *fill*         0x0000000008007a19        0x3 
 .rodata.HAL_RCC_GetSysClockFreq.str1.4
                0x0000000008007a1c       0x11 build/stm32f1xx_hal_rcc.o
 .rodata.HAL_RCCEx_GetPeriphCLKFreq.str1.4
                0x0000000008007a2d       0x11 build/stm32f1xx_hal_rcc_ex.o
 .rodata._ctype_
                0x0000000008007a2d      0x101 /home/yhf/toolchains/gcc-arm-none-eabi-9-2020-q2-update/bin/../lib/gcc/arm-none-eabi/9.3.1/../../../../arm-none-eabi/lib/thumb/v7-m/nofp/libc_nano.a(lib_a-ctype_.o)
                0x0000000008007a2d                _ctype_
 *fill*         0x0000000008007b2e        0x2 
 .rodata._global_impure_ptr
                0x0000000008007b30        0x4 /home/yhf/toolchains/gcc-arm-none-eabi-9-2020-q2-update/bin/../lib/gcc/arm-none-eabi/9.3.1/../../../../arm-none-eabi/lib/thumb/v7-m/nofp/libc_nano.a(lib_a-impure.o)
                0x0000000008007b30                _global_impure_ptr
 .rodata._strtod_l.str1.1
                0x0000000008007b34        0xc /home/yhf/toolchains/gcc-arm-none-eabi-9-2020-q2-update/bin/../lib/gcc/arm-none-eabi/9.3.1/../../../../arm-none-eabi/lib/thumb/v7-m/nofp/libc_nano.a(lib_a-strtod.o)
                                          0xd (size before relaxing)
 .rodata.fpi.6220
                0x0000000008007b40       0x14 /home/yhf/toolchains/gcc-arm-none-eabi-9-2020-q2-update/bin/../lib/gcc/arm-none-eabi/9.3.1/../../../../arm-none-eabi/lib/thumb/v7-m/nofp/libc_nano.a(lib_a-strtod.o)
 .rodata.fpinan.6256
                0x0000000008007b54       0x14 /home/yhf/toolchains/gcc-arm-none-eabi-9-2020-q2-update/bin/../lib/gcc/arm-none-eabi/9.3.1/../../../../arm-none-eabi/lib/thumb/v7-m/nofp/libc_nano.a(lib_a-strtod.o)
 .rodata.tinytens
                0x0000000008007b68       0x28 /home/yhf/toolchains/gcc-arm-none-eabi-9-2020-q2-update/bin/../lib/gcc/arm-none-eabi/9.3.1/../../../../arm-none-eabi/lib/thumb/v7-m/nofp/libc_nano.a(lib_a-strtod.o)
 .rodata.__gethex.str1.1
                0x0000000008007b90       0x95 /home/yhf/toolchains/gcc-arm-none-eabi-9-2020-q2-update/bin/../lib/gcc/arm-none-eabi/9.3.1/../../../../arm-none-eabi/lib/thumb/v7-m/nofp/libc_nano.a(lib_a-gdtoa-gethex.o)
 .rodata.str1.1
                0x0000000008007c25        0x2 /home/yhf/toolchains/gcc-arm-none-eabi-9-2020-q2-update/bin/../lib/gcc/arm-none-eabi/9.3.1/../../../../arm-none-eabi/lib/thumb/v7-m/nofp/libc_nano.a(lib_a-lnumeric.o)
                                          0x3 (size before relaxing)
 *fill*         0x0000000008007c27        0x1 
 .rodata._C_numeric_locale
                0x0000000008007c28        0xc /home/yhf/toolchains/gcc-arm-none-eabi-9-2020-q2-update/bin/../lib/gcc/arm-none-eabi/9.3.1/../../../../arm-none-eabi/lib/thumb/v7-m/nofp/libc_nano.a(lib_a-lnumeric.o)
                0x0000000008007c28                _C_numeric_locale
 .rodata._setlocale_r.str1.1
                0x0000000008007c34        0x8 /home/yhf/toolchains/gcc-arm-none-eabi-9-2020-q2-update/bin/../lib/gcc/arm-none-eabi/9.3.1/../../../../arm-none-eabi/lib/thumb/v7-m/nofp/libc_nano.a(lib_a-locale.o)
                                          0x9 (size before relaxing)
 .rodata.str1.1
                0x0000000008007c3c        0x2 /home/yhf/toolchains/gcc-arm-none-eabi-9-2020-q2-update/bin/../lib/gcc/arm-none-eabi/9.3.1/../../../../arm-none-eabi/lib/thumb/v7-m/nofp/libc_nano.a(lib_a-locale.o)
 .rodata._Balloc.str1.1
                0x0000000008007c3c       0x94 /home/yhf/toolchains/gcc-arm-none-eabi-9-2020-q2-update/bin/../lib/gcc/arm-none-eabi/9.3.1/../../../../arm-none-eabi/lib/thumb/v7-m/nofp/libc_nano.a(lib_a-mprec.o)
 .rodata.__multadd.str1.1
                0x0000000008007cd0       0x11 /home/yhf/toolchains/gcc-arm-none-eabi-9-2020-q2-update/bin/../lib/gcc/arm-none-eabi/9.3.1/../../../../arm-none-eabi/lib/thumb/v7-m/nofp/libc_nano.a(lib_a-mprec.o)
 .rodata.__mprec_bigtens
                0x0000000008007cd0       0x28 /home/yhf/toolchains/gcc-arm-none-eabi-9-2020-q2-update/bin/../lib/gcc/arm-none-eabi/9.3.1/../../../../arm-none-eabi/lib/thumb/v7-m/nofp/libc_nano.a(lib_a-mprec.o)
                0x0000000008007cd0                __mprec_bigtens
 .rodata.__mprec_tens
                0x0000000008007cf8       0xc8 /home/yhf/toolchains/gcc-arm-none-eabi-9-2020-q2-update/bin/../lib/gcc/arm-none-eabi/9.3.1/../../../../arm-none-eabi/lib/thumb/v7-m/nofp/libc_nano.a(lib_a-mprec.o)
                0x0000000008007cf8                __mprec_tens
 .rodata.p05.6150
                0x0000000008007dc0        0xc /home/yhf/toolchains/gcc-arm-none-eabi-9-2020-q2-update/bin/../lib/gcc/arm-none-eabi/9.3.1/../../../../arm-none-eabi/lib/thumb/v7-m/nofp/libc_nano.a(lib_a-mprec.o)
 .rodata._svfprintf_r.str1.1
                0x0000000008007dcc       0x11 /home/yhf/toolchains/gcc-arm-none-eabi-9-2020-q2-update/bin/../lib/gcc/arm-none-eabi/9.3.1/../../../../arm-none-eabi/lib/thumb/v7-m/nofp/libc_nano.a(lib_a-nano-svfprintf.o)
 .rodata._printf_i.str1.1
                0x0000000008007ddd       0x22 /home/yhf/toolchains/gcc-arm-none-eabi-9-2020-q2-update/bin/../lib/gcc/arm-none-eabi/9.3.1/../../../../arm-none-eabi/lib/thumb/v7-m/nofp/libc_nano.a(lib_a-nano-vfprintf_i.o)
 .rodata.__assert_func.str1.1
                0x0000000008007dff       0x3c /home/yhf/toolchains/gcc-arm-none-eabi-9-2020-q2-update/bin/../lib/gcc/arm-none-eabi/9.3.1/../../../../arm-none-eabi/lib/thumb/v7-m/nofp/libc_nano.a(lib_a-assert.o)
                                         0x3d (size before relaxing)
 *fill*         0x0000000008007e3b        0x1 
 .rodata.__sf_fake_stderr
                0x0000000008007e3c       0x20 /home/yhf/toolchains/gcc-arm-none-eabi-9-2020-q2-update/bin/../lib/gcc/arm-none-eabi/9.3.1/../../../../arm-none-eabi/lib/thumb/v7-m/nofp/libc_nano.a(lib_a-findfp.o)
                0x0000000008007e3c                __sf_fake_stderr
 .rodata.__sf_fake_stdin
                0x0000000008007e5c       0x20 /home/yhf/toolchains/gcc-arm-none-eabi-9-2020-q2-update/bin/../lib/gcc/arm-none-eabi/9.3.1/../../../../arm-none-eabi/lib/thumb/v7-m/nofp/libc_nano.a(lib_a-findfp.o)
                0x0000000008007e5c                __sf_fake_stdin
 .rodata.__sf_fake_stdout
                0x0000000008007e7c       0x20 /home/yhf/toolchains/gcc-arm-none-eabi-9-2020-q2-update/bin/../lib/gcc/arm-none-eabi/9.3.1/../../../../arm-none-eabi/lib/thumb/v7-m/nofp/libc_nano.a(lib_a-findfp.o)
                0x0000000008007e7c                __sf_fake_stdout
 .rodata._vfprintf_r.str1.1
                0x0000000008007e9c       0x11 /home/yhf/toolchains/gcc-arm-none-eabi-9-2020-q2-update/bin/../lib/gcc/arm-none-eabi/9.3.1/../../../../arm-none-eabi/lib/thumb/v7-m/nofp/libc_nano.a(lib_a-nano-vfprintf.o)
                0x0000000008007eb0                . = ALIGN (0x4)

.rel.dyn        0x0000000008007e9c        0x0
 .rel.iplt      0x0000000008007e9c        0x0 /home/yhf/toolchains/gcc-arm-none-eabi-9-2020-q2-update/bin/../lib/gcc/arm-none-eabi/9.3.1/thumb/v7-m/nofp/crtbegin.o

.ARM.extab
 *(.ARM.extab* .gnu.linkonce.armextab.*)

.ARM            0x0000000008007e9c        0x0
                0x0000000008007e9c                __exidx_start = .
 *(.ARM.exidx*)
                0x0000000008007e9c                __exidx_end = .

.preinit_array  0x0000000008007e9c        0x0
                0x0000000008007e9c                PROVIDE (__preinit_array_start = .)
 *(.preinit_array*)
                0x0000000008007e9c                PROVIDE (__preinit_array_end = .)

.init_array     0x0000000008007e9c        0x4
                0x0000000008007e9c                PROVIDE (__init_array_start = .)
 *(SORT_BY_NAME(.init_array.*))
 *(.init_array*)
 .init_array    0x0000000008007e9c        0x4 /home/yhf/toolchains/gcc-arm-none-eabi-9-2020-q2-update/bin/../lib/gcc/arm-none-eabi/9.3.1/thumb/v7-m/nofp/crtbegin.o
                0x0000000008007ea0                PROVIDE (__init_array_end = .)

.fini_array     0x0000000008007ea0        0x4
                [!provide]                        PROVIDE (__fini_array_start = .)
 *(SORT_BY_NAME(.fini_array.*))
 *(.fini_array*)
 .fini_array    0x0000000008007ea0        0x4 /home/yhf/toolchains/gcc-arm-none-eabi-9-2020-q2-update/bin/../lib/gcc/arm-none-eabi/9.3.1/thumb/v7-m/nofp/crtbegin.o
                [!provide]                        PROVIDE (__fini_array_end = .)
                0x0000000008007ea4                _sidata = LOADADDR (.data)

.data           0x0000000020000000      0x1fc load address 0x0000000008007ea4
                0x0000000020000000                . = ALIGN (0x4)
                0x0000000020000000                _sdata = .
 *(.data)
 *(.data*)
 .data.ZL_Set_Time
                0x0000000020000000        0xc build/main.o
                0x0000000020000000                ZL_Set_Time
 .data.SystemCoreClock
                0x000000002000000c        0x4 build/system_stm32f1xx.o
                0x000000002000000c                SystemCoreClock
 .data.POINT_COLOR
                0x0000000020000010        0x1 build/lcd.o
                0x0000000020000010                POINT_COLOR
 *fill*         0x0000000020000011        0x3 
 .data.global_hooks
                0x0000000020000014        0xc build/cJSON.o
 .data.uwTickFreq
                0x0000000020000020        0x1 build/stm32f1xx_hal.o
                0x0000000020000020                uwTickFreq
 *fill*         0x0000000020000021        0x3 
 .data.uwTickPrio
                0x0000000020000024        0x4 build/stm32f1xx_hal.o
                0x0000000020000024                uwTickPrio
 .data._impure_ptr
                0x0000000020000028        0x4 /home/yhf/toolchains/gcc-arm-none-eabi-9-2020-q2-update/bin/../lib/gcc/arm-none-eabi/9.3.1/../../../../arm-none-eabi/lib/thumb/v7-m/nofp/libc_nano.a(lib_a-impure.o)
                0x0000000020000028                _impure_ptr
 .data.impure_data
                0x000000002000002c       0x60 /home/yhf/toolchains/gcc-arm-none-eabi-9-2020-q2-update/bin/../lib/gcc/arm-none-eabi/9.3.1/../../../../arm-none-eabi/lib/thumb/v7-m/nofp/libc_nano.a(lib_a-impure.o)
 .data.numempty
                0x000000002000008c        0x2 /home/yhf/toolchains/gcc-arm-none-eabi-9-2020-q2-update/bin/../lib/gcc/arm-none-eabi/9.3.1/../../../../arm-none-eabi/lib/thumb/v7-m/nofp/libc_nano.a(lib_a-lnumeric.o)
 *fill*         0x000000002000008e        0x2 
 .data.__global_locale
                0x0000000020000090      0x16c /home/yhf/toolchains/gcc-arm-none-eabi-9-2020-q2-update/bin/../lib/gcc/arm-none-eabi/9.3.1/../../../../arm-none-eabi/lib/thumb/v7-m/nofp/libc_nano.a(lib_a-locale.o)
                0x0000000020000090                __global_locale
                0x00000000200001fc                . = ALIGN (0x4)
                0x00000000200001fc                _edata = .

.igot.plt       0x00000000200001fc        0x0 load address 0x00000000080080a0
 .igot.plt      0x00000000200001fc        0x0 /home/yhf/toolchains/gcc-arm-none-eabi-9-2020-q2-update/bin/../lib/gcc/arm-none-eabi/9.3.1/thumb/v7-m/nofp/crtbegin.o
                0x00000000200001fc                . = ALIGN (0x4)

.bss            0x00000000200001fc      0x3d8 load address 0x00000000080080a0
                0x00000000200001fc                _sbss = .
                0x00000000200001fc                __bss_start__ = _sbss
 *(.bss)
 .bss           0x00000000200001fc       0x1c /home/yhf/toolchains/gcc-arm-none-eabi-9-2020-q2-update/bin/../lib/gcc/arm-none-eabi/9.3.1/thumb/v7-m/nofp/crtbegin.o
 *(.bss*)
 .bss.row.9339  0x0000000020000218        0x1 build/main.o
 .bss.status    0x0000000020000219        0x1 build/main.o
 .bss.BACK_COLOR
                0x000000002000021a        0x1 build/lcd.o
                0x000000002000021a                BACK_COLOR
 *fill*         0x000000002000021b        0x1 
 .bss.global_error
                0x000000002000021c        0x8 build/cJSON.o
 .bss.__malloc_free_list
                0x0000000020000224        0x4 /home/yhf/toolchains/gcc-arm-none-eabi-9-2020-q2-update/bin/../lib/gcc/arm-none-eabi/9.3.1/../../../../arm-none-eabi/lib/thumb/v7-m/nofp/libc_nano.a(lib_a-nano-mallocr.o)
                0x0000000020000224                __malloc_free_list
 .bss.__malloc_sbrk_start
                0x0000000020000228        0x4 /home/yhf/toolchains/gcc-arm-none-eabi-9-2020-q2-update/bin/../lib/gcc/arm-none-eabi/9.3.1/../../../../arm-none-eabi/lib/thumb/v7-m/nofp/libc_nano.a(lib_a-nano-mallocr.o)
                0x0000000020000228                __malloc_sbrk_start
 .bss.heap_end.4144
                0x000000002000022c        0x4 /home/yhf/toolchains/gcc-arm-none-eabi-9-2020-q2-update/bin/../lib/gcc/arm-none-eabi/9.3.1/../../../../arm-none-eabi/lib/thumb/v7-m/nofp/libnosys.a(sbrk.o)
 *(COMMON)
 COMMON         0x0000000020000230       0x10 build/main.o
                0x0000000020000230                current_data
                0x0000000020000234                uart1_data
                0x0000000020000238                cur_mode
                0x000000002000023c                time_data
 COMMON         0x0000000020000240       0x40 build/tim.o
                0x0000000020000240                htim3
 COMMON         0x0000000020000280       0x40 build/usart.o
                0x0000000020000280                huart1
 COMMON         0x00000000200002c0      0x2d6 build/lcd.o
                0x00000000200002c0                lcdbuf
                0x00000000200004c4                rollctrl
 *fill*         0x0000000020000596        0x2 
 COMMON         0x0000000020000598       0x1c build/rtc.o
                0x0000000020000598                RTC_TimeStruct
                0x000000002000059c                hRTC
                0x00000000200005b0                RTC_DateStruct
 COMMON         0x00000000200005b4        0xc build/iwdg.o
                0x00000000200005b4                hiwdg
 COMMON         0x00000000200005c0        0x4 build/stm32f1xx_hal.o
                0x00000000200005c0                uwTick
 COMMON         0x00000000200005c4        0x4 /home/yhf/toolchains/gcc-arm-none-eabi-9-2020-q2-update/bin/../lib/gcc/arm-none-eabi/9.3.1/../../../../arm-none-eabi/lib/thumb/v7-m/nofp/libc_nano.a(lib_a-reent.o)
                0x00000000200005c4                errno
 COMMON         0x00000000200005c8        0x9 /home/yhf/toolchains/gcc-arm-none-eabi-9-2020-q2-update/bin/../lib/gcc/arm-none-eabi/9.3.1/../../../../arm-none-eabi/lib/thumb/v7-m/nofp/libc_nano.a(lib_a-lock.o)
                0x00000000200005c8                __lock___atexit_recursive_mutex
                0x00000000200005c9                __lock___arc4random_mutex
                0x00000000200005ca                __lock___env_recursive_mutex
                0x00000000200005cb                __lock___sinit_recursive_mutex
                0x00000000200005cc                __lock___malloc_recursive_mutex
                0x00000000200005cd                __lock___at_quick_exit_mutex
                0x00000000200005ce                __lock___dd_hash_mutex
                0x00000000200005cf                __lock___tz_mutex
                0x00000000200005d0                __lock___sfp_recursive_mutex
                0x00000000200005d4                . = ALIGN (0x4)
 *fill*         0x00000000200005d1        0x3 
                0x00000000200005d4                _ebss = .
                0x00000000200005d4                __bss_end__ = _ebss

._user_heap_stack
                0x00000000200005d4      0x604 load address 0x00000000080080a0
                0x00000000200005d8                . = ALIGN (0x8)
 *fill*         0x00000000200005d4        0x4 
                0x00000000200005d8                PROVIDE (end = .)
                [!provide]                        PROVIDE (_end = .)
                0x00000000200007d8                . = (. + _Min_Heap_Size)
 *fill*         0x00000000200005d8      0x200 
                0x0000000020000bd8                . = (. + _Min_Stack_Size)
 *fill*         0x00000000200007d8      0x400 
                0x0000000020000bd8                . = ALIGN (0x8)

/DISCARD/
 libc.a(*)
 libm.a(*)
 libgcc.a(*)

.ARM.attributes
                0x0000000000000000       0x29
 *(.ARM.attributes)
 .ARM.attributes
                0x0000000000000000       0x1d /home/yhf/toolchains/gcc-arm-none-eabi-9-2020-q2-update/bin/../lib/gcc/arm-none-eabi/9.3.1/thumb/v7-m/nofp/crti.o
 .ARM.attributes
                0x000000000000001d       0x2d /home/yhf/toolchains/gcc-arm-none-eabi-9-2020-q2-update/bin/../lib/gcc/arm-none-eabi/9.3.1/thumb/v7-m/nofp/crtbegin.o
 .ARM.attributes
                0x000000000000004a       0x2d build/main.o
 .ARM.attributes
                0x0000000000000077       0x2d build/stm32f1xx_it.o
 .ARM.attributes
                0x00000000000000a4       0x2d build/stm32f1xx_hal_msp.o
 .ARM.attributes
                0x00000000000000d1       0x2d build/system_stm32f1xx.o
 .ARM.attributes
                0x00000000000000fe       0x2d build/gpio.o
 .ARM.attributes
                0x000000000000012b       0x2d build/tim.o
 .ARM.attributes
                0x0000000000000158       0x2d build/usart.o
 .ARM.attributes
                0x0000000000000185       0x2d build/lcd.o
 .ARM.attributes
                0x00000000000001b2       0x2d build/rtc.o
 .ARM.attributes
                0x00000000000001df       0x2d build/iwdg.o
 .ARM.attributes
                0x000000000000020c       0x2d build/cJSON.o
 .ARM.attributes
                0x0000000000000239       0x2d build/stm32f1xx_hal_iwdg.o
 .ARM.attributes
                0x0000000000000266       0x2d build/stm32f1xx_hal_rtc.o
 .ARM.attributes
                0x0000000000000293       0x2d build/stm32f1xx_hal_rtc_ex.o
 .ARM.attributes
                0x00000000000002c0       0x2d build/stm32f1xx_hal_tim.o
 .ARM.attributes
                0x00000000000002ed       0x2d build/stm32f1xx_hal_tim_ex.o
 .ARM.attributes
                0x000000000000031a       0x2d build/stm32f1xx_hal_uart.o
 .ARM.attributes
                0x0000000000000347       0x2d build/stm32f1xx_hal.o
 .ARM.attributes
                0x0000000000000374       0x2d build/stm32f1xx_hal_rcc.o
 .ARM.attributes
                0x00000000000003a1       0x2d build/stm32f1xx_hal_rcc_ex.o
 .ARM.attributes
                0x00000000000003ce       0x2d build/stm32f1xx_hal_gpio.o
 .ARM.attributes
                0x00000000000003fb       0x2d build/stm32f1xx_hal_dma.o
 .ARM.attributes
                0x0000000000000428       0x2d build/stm32f1xx_hal_cortex.o
 .ARM.attributes
                0x0000000000000455       0x2d build/stm32f1xx_hal_pwr.o
 .ARM.attributes
                0x0000000000000482       0x2d build/stm32f1xx_ll_gpio.o
 .ARM.attributes
                0x00000000000004af       0x21 build/startup_stm32f103xb.o
 .ARM.attributes
                0x00000000000004d0       0x2d /home/yhf/toolchains/gcc-arm-none-eabi-9-2020-q2-update/bin/../lib/gcc/arm-none-eabi/9.3.1/../../../../arm-none-eabi/lib/thumb/v7-m/nofp/libc_nano.a(lib_a-ctype_.o)
 .ARM.attributes
                0x00000000000004fd       0x2d /home/yhf/toolchains/gcc-arm-none-eabi-9-2020-q2-update/bin/../lib/gcc/arm-none-eabi/9.3.1/../../../../arm-none-eabi/lib/thumb/v7-m/nofp/libc_nano.a(lib_a-impure.o)
 .ARM.attributes
                0x000000000000052a       0x2d /home/yhf/toolchains/gcc-arm-none-eabi-9-2020-q2-update/bin/../lib/gcc/arm-none-eabi/9.3.1/../../../../arm-none-eabi/lib/thumb/v7-m/nofp/libc_nano.a(lib_a-init.o)
 .ARM.attributes
                0x0000000000000557       0x2d /home/yhf/toolchains/gcc-arm-none-eabi-9-2020-q2-update/bin/../lib/gcc/arm-none-eabi/9.3.1/../../../../arm-none-eabi/lib/thumb/v7-m/nofp/libc_nano.a(lib_a-malloc.o)
 .ARM.attributes
                0x0000000000000584       0x2d /home/yhf/toolchains/gcc-arm-none-eabi-9-2020-q2-update/bin/../lib/gcc/arm-none-eabi/9.3.1/../../../../arm-none-eabi/lib/thumb/v7-m/nofp/libc_nano.a(lib_a-memcpy-stub.o)
 .ARM.attributes
                0x00000000000005b1       0x2d /home/yhf/toolchains/gcc-arm-none-eabi-9-2020-q2-update/bin/../lib/gcc/arm-none-eabi/9.3.1/../../../../arm-none-eabi/lib/thumb/v7-m/nofp/libc_nano.a(lib_a-memset.o)
 .ARM.attributes
                0x00000000000005de       0x2d /home/yhf/toolchains/gcc-arm-none-eabi-9-2020-q2-update/bin/../lib/gcc/arm-none-eabi/9.3.1/../../../../arm-none-eabi/lib/thumb/v7-m/nofp/libc_nano.a(lib_a-nano-freer.o)
 .ARM.attributes
                0x000000000000060b       0x2d /home/yhf/toolchains/gcc-arm-none-eabi-9-2020-q2-update/bin/../lib/gcc/arm-none-eabi/9.3.1/../../../../arm-none-eabi/lib/thumb/v7-m/nofp/libc_nano.a(lib_a-nano-mallocr.o)
 .ARM.attributes
                0x0000000000000638       0x2d /home/yhf/toolchains/gcc-arm-none-eabi-9-2020-q2-update/bin/../lib/gcc/arm-none-eabi/9.3.1/../../../../arm-none-eabi/lib/thumb/v7-m/nofp/libc_nano.a(lib_a-realloc.o)
 .ARM.attributes
                0x0000000000000665       0x2d /home/yhf/toolchains/gcc-arm-none-eabi-9-2020-q2-update/bin/../lib/gcc/arm-none-eabi/9.3.1/../../../../arm-none-eabi/lib/thumb/v7-m/nofp/libc_nano.a(lib_a-sbrkr.o)
 .ARM.attributes
                0x0000000000000692       0x2d /home/yhf/toolchains/gcc-arm-none-eabi-9-2020-q2-update/bin/../lib/gcc/arm-none-eabi/9.3.1/../../../../arm-none-eabi/lib/thumb/v7-m/nofp/libc_nano.a(lib_a-sprintf.o)
 .ARM.attributes
                0x00000000000006bf       0x2d /home/yhf/toolchains/gcc-arm-none-eabi-9-2020-q2-update/bin/../lib/gcc/arm-none-eabi/9.3.1/../../../../arm-none-eabi/lib/thumb/v7-m/nofp/libc_nano.a(lib_a-stdio.o)
 .ARM.attributes
                0x00000000000006ec       0x1b /home/yhf/toolchains/gcc-arm-none-eabi-9-2020-q2-update/bin/../lib/gcc/arm-none-eabi/9.3.1/../../../../arm-none-eabi/lib/thumb/v7-m/nofp/libc_nano.a(lib_a-strcmp.o)
 .ARM.attributes
                0x0000000000000707       0x17 /home/yhf/toolchains/gcc-arm-none-eabi-9-2020-q2-update/bin/../lib/gcc/arm-none-eabi/9.3.1/../../../../arm-none-eabi/lib/thumb/v7-m/nofp/libc_nano.a(lib_a-strlen.o)
 .ARM.attributes
                0x000000000000071e       0x2d /home/yhf/toolchains/gcc-arm-none-eabi-9-2020-q2-update/bin/../lib/gcc/arm-none-eabi/9.3.1/../../../../arm-none-eabi/lib/thumb/v7-m/nofp/libc_nano.a(lib_a-strncmp.o)
 .ARM.attributes
                0x000000000000074b       0x2d /home/yhf/toolchains/gcc-arm-none-eabi-9-2020-q2-update/bin/../lib/gcc/arm-none-eabi/9.3.1/../../../../arm-none-eabi/lib/thumb/v7-m/nofp/libc_nano.a(lib_a-strtod.o)
 .ARM.attributes
                0x0000000000000778       0x2d /home/yhf/toolchains/gcc-arm-none-eabi-9-2020-q2-update/bin/../lib/gcc/arm-none-eabi/9.3.1/../../../../arm-none-eabi/lib/thumb/v7-m/nofp/libc_nano.a(lib_a-writer.o)
 .ARM.attributes
                0x00000000000007a5       0x2d /home/yhf/toolchains/gcc-arm-none-eabi-9-2020-q2-update/bin/../lib/gcc/arm-none-eabi/9.3.1/../../../../arm-none-eabi/lib/thumb/v7-m/nofp/libc_nano.a(lib_a-closer.o)
 .ARM.attributes
                0x00000000000007d2       0x2d /home/yhf/toolchains/gcc-arm-none-eabi-9-2020-q2-update/bin/../lib/gcc/arm-none-eabi/9.3.1/../../../../arm-none-eabi/lib/thumb/v7-m/nofp/libc_nano.a(lib_a-gdtoa-gethex.o)
 .ARM.attributes
                0x00000000000007ff       0x2d /home/yhf/toolchains/gcc-arm-none-eabi-9-2020-q2-update/bin/../lib/gcc/arm-none-eabi/9.3.1/../../../../arm-none-eabi/lib/thumb/v7-m/nofp/libc_nano.a(lib_a-gdtoa-hexnan.o)
 .ARM.attributes
                0x000000000000082c       0x2d /home/yhf/toolchains/gcc-arm-none-eabi-9-2020-q2-update/bin/../lib/gcc/arm-none-eabi/9.3.1/../../../../arm-none-eabi/lib/thumb/v7-m/nofp/libc_nano.a(lib_a-lnumeric.o)
 .ARM.attributes
                0x0000000000000859       0x2d /home/yhf/toolchains/gcc-arm-none-eabi-9-2020-q2-update/bin/../lib/gcc/arm-none-eabi/9.3.1/../../../../arm-none-eabi/lib/thumb/v7-m/nofp/libc_nano.a(lib_a-locale.o)
 .ARM.attributes
                0x0000000000000886       0x2d /home/yhf/toolchains/gcc-arm-none-eabi-9-2020-q2-update/bin/../lib/gcc/arm-none-eabi/9.3.1/../../../../arm-none-eabi/lib/thumb/v7-m/nofp/libc_nano.a(lib_a-lseekr.o)
 .ARM.attributes
                0x00000000000008b3       0x2d /home/yhf/toolchains/gcc-arm-none-eabi-9-2020-q2-update/bin/../lib/gcc/arm-none-eabi/9.3.1/../../../../arm-none-eabi/lib/thumb/v7-m/nofp/libc_nano.a(lib_a-mbtowc_r.o)
 .ARM.attributes
                0x00000000000008e0       0x2d /home/yhf/toolchains/gcc-arm-none-eabi-9-2020-q2-update/bin/../lib/gcc/arm-none-eabi/9.3.1/../../../../arm-none-eabi/lib/thumb/v7-m/nofp/libc_nano.a(lib_a-mlock.o)
 .ARM.attributes
                0x000000000000090d       0x2d /home/yhf/toolchains/gcc-arm-none-eabi-9-2020-q2-update/bin/../lib/gcc/arm-none-eabi/9.3.1/../../../../arm-none-eabi/lib/thumb/v7-m/nofp/libc_nano.a(lib_a-mprec.o)
 .ARM.attributes
                0x000000000000093a       0x2d /home/yhf/toolchains/gcc-arm-none-eabi-9-2020-q2-update/bin/../lib/gcc/arm-none-eabi/9.3.1/../../../../arm-none-eabi/lib/thumb/v7-m/nofp/libc_nano.a(lib_a-nano-callocr.o)
 .ARM.attributes
                0x0000000000000967       0x2d /home/yhf/toolchains/gcc-arm-none-eabi-9-2020-q2-update/bin/../lib/gcc/arm-none-eabi/9.3.1/../../../../arm-none-eabi/lib/thumb/v7-m/nofp/libc_nano.a(lib_a-nano-reallocr.o)
 .ARM.attributes
                0x0000000000000994       0x2d /home/yhf/toolchains/gcc-arm-none-eabi-9-2020-q2-update/bin/../lib/gcc/arm-none-eabi/9.3.1/../../../../arm-none-eabi/lib/thumb/v7-m/nofp/libc_nano.a(lib_a-nano-svfprintf.o)
 .ARM.attributes
                0x00000000000009c1       0x2d /home/yhf/toolchains/gcc-arm-none-eabi-9-2020-q2-update/bin/../lib/gcc/arm-none-eabi/9.3.1/../../../../arm-none-eabi/lib/thumb/v7-m/nofp/libc_nano.a(lib_a-nano-vfprintf_i.o)
 .ARM.attributes
                0x00000000000009ee       0x2d /home/yhf/toolchains/gcc-arm-none-eabi-9-2020-q2-update/bin/../lib/gcc/arm-none-eabi/9.3.1/../../../../arm-none-eabi/lib/thumb/v7-m/nofp/libc_nano.a(lib_a-readr.o)
 .ARM.attributes
                0x0000000000000a1b       0x2d /home/yhf/toolchains/gcc-arm-none-eabi-9-2020-q2-update/bin/../lib/gcc/arm-none-eabi/9.3.1/../../../../arm-none-eabi/lib/thumb/v7-m/nofp/libc_nano.a(lib_a-reent.o)
 .ARM.attributes
                0x0000000000000a48       0x2d /home/yhf/toolchains/gcc-arm-none-eabi-9-2020-q2-update/bin/../lib/gcc/arm-none-eabi/9.3.1/../../../../arm-none-eabi/lib/thumb/v7-m/nofp/libc_nano.a(lib_a-s_nan.o)
 .ARM.attributes
                0x0000000000000a75       0x2d /home/yhf/toolchains/gcc-arm-none-eabi-9-2020-q2-update/bin/../lib/gcc/arm-none-eabi/9.3.1/../../../../arm-none-eabi/lib/thumb/v7-m/nofp/libc_nano.a(lib_a-wctomb_r.o)
 .ARM.attributes
                0x0000000000000aa2       0x2d /home/yhf/toolchains/gcc-arm-none-eabi-9-2020-q2-update/bin/../lib/gcc/arm-none-eabi/9.3.1/../../../../arm-none-eabi/lib/thumb/v7-m/nofp/libc_nano.a(lib_a-assert.o)
 .ARM.attributes
                0x0000000000000acf       0x2d /home/yhf/toolchains/gcc-arm-none-eabi-9-2020-q2-update/bin/../lib/gcc/arm-none-eabi/9.3.1/../../../../arm-none-eabi/lib/thumb/v7-m/nofp/libc_nano.a(lib_a-fflush.o)
 .ARM.attributes
                0x0000000000000afc       0x2d /home/yhf/toolchains/gcc-arm-none-eabi-9-2020-q2-update/bin/../lib/gcc/arm-none-eabi/9.3.1/../../../../arm-none-eabi/lib/thumb/v7-m/nofp/libc_nano.a(lib_a-findfp.o)
 .ARM.attributes
                0x0000000000000b29       0x2d /home/yhf/toolchains/gcc-arm-none-eabi-9-2020-q2-update/bin/../lib/gcc/arm-none-eabi/9.3.1/../../../../arm-none-eabi/lib/thumb/v7-m/nofp/libc_nano.a(lib_a-fprintf.o)
 .ARM.attributes
                0x0000000000000b56       0x2d /home/yhf/toolchains/gcc-arm-none-eabi-9-2020-q2-update/bin/../lib/gcc/arm-none-eabi/9.3.1/../../../../arm-none-eabi/lib/thumb/v7-m/nofp/libc_nano.a(lib_a-fwalk.o)
 .ARM.attributes
                0x0000000000000b83       0x2d /home/yhf/toolchains/gcc-arm-none-eabi-9-2020-q2-update/bin/../lib/gcc/arm-none-eabi/9.3.1/../../../../arm-none-eabi/lib/thumb/v7-m/nofp/libc_nano.a(lib_a-lock.o)
 .ARM.attributes
                0x0000000000000bb0       0x2d /home/yhf/toolchains/gcc-arm-none-eabi-9-2020-q2-update/bin/../lib/gcc/arm-none-eabi/9.3.1/../../../../arm-none-eabi/lib/thumb/v7-m/nofp/libc_nano.a(lib_a-memchr-stub.o)
 .ARM.attributes
                0x0000000000000bdd       0x2d /home/yhf/toolchains/gcc-arm-none-eabi-9-2020-q2-update/bin/../lib/gcc/arm-none-eabi/9.3.1/../../../../arm-none-eabi/lib/thumb/v7-m/nofp/libc_nano.a(lib_a-memmove.o)
 .ARM.attributes
                0x0000000000000c0a       0x2d /home/yhf/toolchains/gcc-arm-none-eabi-9-2020-q2-update/bin/../lib/gcc/arm-none-eabi/9.3.1/../../../../arm-none-eabi/lib/thumb/v7-m/nofp/libc_nano.a(lib_a-nano-msizer.o)
 .ARM.attributes
                0x0000000000000c37       0x2d /home/yhf/toolchains/gcc-arm-none-eabi-9-2020-q2-update/bin/../lib/gcc/arm-none-eabi/9.3.1/../../../../arm-none-eabi/lib/thumb/v7-m/nofp/libc_nano.a(lib_a-nano-vfprintf.o)
 .ARM.attributes
                0x0000000000000c64       0x2d /home/yhf/toolchains/gcc-arm-none-eabi-9-2020-q2-update/bin/../lib/gcc/arm-none-eabi/9.3.1/../../../../arm-none-eabi/lib/thumb/v7-m/nofp/libc_nano.a(lib_a-wbuf.o)
 .ARM.attributes
                0x0000000000000c91       0x2d /home/yhf/toolchains/gcc-arm-none-eabi-9-2020-q2-update/bin/../lib/gcc/arm-none-eabi/9.3.1/../../../../arm-none-eabi/lib/thumb/v7-m/nofp/libc_nano.a(lib_a-wsetup.o)
 .ARM.attributes
                0x0000000000000cbe       0x2d /home/yhf/toolchains/gcc-arm-none-eabi-9-2020-q2-update/bin/../lib/gcc/arm-none-eabi/9.3.1/../../../../arm-none-eabi/lib/thumb/v7-m/nofp/libc_nano.a(lib_a-abort.o)
 .ARM.attributes
                0x0000000000000ceb       0x2d /home/yhf/toolchains/gcc-arm-none-eabi-9-2020-q2-update/bin/../lib/gcc/arm-none-eabi/9.3.1/../../../../arm-none-eabi/lib/thumb/v7-m/nofp/libc_nano.a(lib_a-makebuf.o)
 .ARM.attributes
                0x0000000000000d18       0x2d /home/yhf/toolchains/gcc-arm-none-eabi-9-2020-q2-update/bin/../lib/gcc/arm-none-eabi/9.3.1/../../../../arm-none-eabi/lib/thumb/v7-m/nofp/libc_nano.a(lib_a-signal.o)
 .ARM.attributes
                0x0000000000000d45       0x2d /home/yhf/toolchains/gcc-arm-none-eabi-9-2020-q2-update/bin/../lib/gcc/arm-none-eabi/9.3.1/../../../../arm-none-eabi/lib/thumb/v7-m/nofp/libc_nano.a(lib_a-signalr.o)
 .ARM.attributes
                0x0000000000000d72       0x2d /home/yhf/toolchains/gcc-arm-none-eabi-9-2020-q2-update/bin/../lib/gcc/arm-none-eabi/9.3.1/../../../../arm-none-eabi/lib/thumb/v7-m/nofp/libc_nano.a(lib_a-fstatr.o)
 .ARM.attributes
                0x0000000000000d9f       0x2d /home/yhf/toolchains/gcc-arm-none-eabi-9-2020-q2-update/bin/../lib/gcc/arm-none-eabi/9.3.1/../../../../arm-none-eabi/lib/thumb/v7-m/nofp/libc_nano.a(lib_a-isattyr.o)
 .ARM.attributes
                0x0000000000000dcc       0x2d /home/yhf/toolchains/gcc-arm-none-eabi-9-2020-q2-update/bin/../lib/gcc/arm-none-eabi/9.3.1/../../../../arm-none-eabi/lib/thumb/v7-m/nofp/libnosys.a(close.o)
 .ARM.attributes
                0x0000000000000df9       0x2d /home/yhf/toolchains/gcc-arm-none-eabi-9-2020-q2-update/bin/../lib/gcc/arm-none-eabi/9.3.1/../../../../arm-none-eabi/lib/thumb/v7-m/nofp/libnosys.a(fstat.o)
 .ARM.attributes
                0x0000000000000e26       0x2d /home/yhf/toolchains/gcc-arm-none-eabi-9-2020-q2-update/bin/../lib/gcc/arm-none-eabi/9.3.1/../../../../arm-none-eabi/lib/thumb/v7-m/nofp/libnosys.a(getpid.o)
 .ARM.attributes
                0x0000000000000e53       0x2d /home/yhf/toolchains/gcc-arm-none-eabi-9-2020-q2-update/bin/../lib/gcc/arm-none-eabi/9.3.1/../../../../arm-none-eabi/lib/thumb/v7-m/nofp/libnosys.a(isatty.o)
 .ARM.attributes
                0x0000000000000e80       0x2d /home/yhf/toolchains/gcc-arm-none-eabi-9-2020-q2-update/bin/../lib/gcc/arm-none-eabi/9.3.1/../../../../arm-none-eabi/lib/thumb/v7-m/nofp/libnosys.a(kill.o)
 .ARM.attributes
                0x0000000000000ead       0x2d /home/yhf/toolchains/gcc-arm-none-eabi-9-2020-q2-update/bin/../lib/gcc/arm-none-eabi/9.3.1/../../../../arm-none-eabi/lib/thumb/v7-m/nofp/libnosys.a(lseek.o)
 .ARM.attributes
                0x0000000000000eda       0x2d /home/yhf/toolchains/gcc-arm-none-eabi-9-2020-q2-update/bin/../lib/gcc/arm-none-eabi/9.3.1/../../../../arm-none-eabi/lib/thumb/v7-m/nofp/libnosys.a(read.o)
 .ARM.attributes
                0x0000000000000f07       0x2d /home/yhf/toolchains/gcc-arm-none-eabi-9-2020-q2-update/bin/../lib/gcc/arm-none-eabi/9.3.1/../../../../arm-none-eabi/lib/thumb/v7-m/nofp/libnosys.a(sbrk.o)
 .ARM.attributes
                0x0000000000000f34       0x2d /home/yhf/toolchains/gcc-arm-none-eabi-9-2020-q2-update/bin/../lib/gcc/arm-none-eabi/9.3.1/../../../../arm-none-eabi/lib/thumb/v7-m/nofp/libnosys.a(write.o)
 .ARM.attributes
                0x0000000000000f61       0x2d /home/yhf/toolchains/gcc-arm-none-eabi-9-2020-q2-update/bin/../lib/gcc/arm-none-eabi/9.3.1/../../../../arm-none-eabi/lib/thumb/v7-m/nofp/libnosys.a(_exit.o)
 .ARM.attributes
                0x0000000000000f8e       0x1d /home/yhf/toolchains/gcc-arm-none-eabi-9-2020-q2-update/bin/../lib/gcc/arm-none-eabi/9.3.1/thumb/v7-m/nofp/libgcc.a(_arm_addsubdf3.o)
 .ARM.attributes
                0x0000000000000fab       0x1d /home/yhf/toolchains/gcc-arm-none-eabi-9-2020-q2-update/bin/../lib/gcc/arm-none-eabi/9.3.1/thumb/v7-m/nofp/libgcc.a(_arm_muldivdf3.o)
 .ARM.attributes
                0x0000000000000fc8       0x1d /home/yhf/toolchains/gcc-arm-none-eabi-9-2020-q2-update/bin/../lib/gcc/arm-none-eabi/9.3.1/thumb/v7-m/nofp/libgcc.a(_arm_cmpdf2.o)
 .ARM.attributes
                0x0000000000000fe5       0x1d /home/yhf/toolchains/gcc-arm-none-eabi-9-2020-q2-update/bin/../lib/gcc/arm-none-eabi/9.3.1/thumb/v7-m/nofp/libgcc.a(_arm_fixdfsi.o)
 .ARM.attributes
                0x0000000000001002       0x1d /home/yhf/toolchains/gcc-arm-none-eabi-9-2020-q2-update/bin/../lib/gcc/arm-none-eabi/9.3.1/thumb/v7-m/nofp/libgcc.a(_arm_fixunsdfsi.o)
 .ARM.attributes